******************************************************************************
            TI ARM Clang Linker PC v4.0.0                      
******************************************************************************
>> Linked Thu Sep 24 18:52:01 2026

OUTPUT FILE NAME:   <blink_led_LP_MSPM0G3507_freertos_ticlang.out>
ENTRY POINT SYMBOL: "_c_int00_noargs"  address: 000055b5


MEMORY CONFIGURATION

         name            origin    length      used     unused   attr    fill
----------------------  --------  ---------  --------  --------  ----  --------
  FLASH                 00000000   00020000  00005c60  0001a3a0  R  X
  SRAM                  20200000   00008000  00005ff4  0000200c  RW X
  BCR_CONFIG            41c00000   000000ff  00000000  000000ff  R   
  BSL_CONFIG            41c00100   00000080  00000000  00000080  R   


SEGMENT ALLOCATION MAP

run origin  load origin   length   init length attrs members
----------  ----------- ---------- ----------- ----- -------
00000000    00000000    00005c60   00005c60    r-x
  00000000    00000000    000000c0   000000c0    r-- .intvecs
  000000c0    000000c0    00005810   00005810    r-x .text
  000058d0    000058d0    00000350   00000350    r-- .rodata
  00005c20    00005c20    00000040   00000040    r-- .cinit
20200000    20200000    00005df4   00000000    rw-
  20200000    20200000    00005d60   00000000    rw- .bss
  20205d60    20205d60    00000094   00000000    rw- .data
20207e00    20207e00    00000200   00000000    rw-
  20207e00    20207e00    00000200   00000000    rw- .stack


SECTION ALLOCATION MAP

 output                                  attributes/
section   page    origin      length       input sections
--------  ----  ----------  ----------   ----------------
.intvecs   0    00000000    000000c0     
                  00000000    000000c0     startup_mspm0g350x_ticlang.o (.intvecs)

.text      0    000000c0    00005810     
                  000000c0    00000868     libc.a : _printfi.c.obj (.text:__TI_printfi_nofloat)
                  00000928    00000838     main.o (.text.LogTask)
                  00001160    0000070c     main.o (.text.main)
                  0000186c    0000037c     main.o (.text.CtrlTask)
                  00001be8    00000294     freertos_builds_LP_MSPM0G3507_release_ticlang.lib : heap_4.o (.text.pvPortMalloc)
                  00001e7c    0000027c     main.o (.text.EventTask)
                  000020f8    00000210     freertos_builds_LP_MSPM0G3507_release_ticlang.lib : tasks.o (.text.xTaskIncrementTick)
                  00002308    0000020c     main.o (.text.AcqTask)
                  00002514    000001f8     freertos_builds_LP_MSPM0G3507_release_ticlang.lib : tasks.o (.text.xTaskResumeAll)
                  0000270c    000001de                                                       : queue.o (.text.xQueueSemaphoreTake)
                  000028ea    00000002     startup_mspm0g350x_ticlang.o (.text.Default_Handler)
                  000028ec    000001c4     main.o (.text.UiTask)
                  00002ab0    000001bc     main.o (.text.logHistogram)
                  00002c6c    000001a4     freertos_builds_LP_MSPM0G3507_release_ticlang.lib : queue.o (.text.xQueueReceive)
                  00002e10    0000018c                                                       : tasks.o (.text.xTaskRemoveFromEventList)
                  00002f9c    0000015c                                                       : timers.o (.text.prvProcessReceivedCommands)
                  000030f8    00000144                                                       : tasks.o (.text.vTaskPriorityDisinheritAfterTimeout)
                  0000323c    00000128                                                       : tasks.o (.text.prvAddNewTaskToReadyList)
                  00003364    00000128                                                       : tasks.o (.text.xTaskPriorityInherit)
                  0000348c    00000114                                                       : port.o (.text.pxPortInitialiseStack)
                  000035a0    0000010e                                                       : queue.o (.text.xQueueGiveFromISR)
                  000036ae    00000002     libclang_rt.builtins.a : aeabi_div0.c.obj (.text.__aeabi_idiv0)
                  000036b0    0000010c     freertos_builds_LP_MSPM0G3507_release_ticlang.lib : heap_4.o (.text.prvInsertBlockIntoFreeList)
                  000037bc    0000010c                                                       : tasks.o (.text.vTaskSwitchContext)
                  000038c8    00000104                                                       : tasks.o (.text.prvInitialiseNewTask)
                  000039cc    000000fc     driverlib.a : dl_timer.o (.text.DL_Timer_initTimerMode)
                  00003ac8    000000f8     freertos_builds_LP_MSPM0G3507_release_ticlang.lib : heap_4.o (.text.vPortFree)
                  00003bc0    000000e4                                                       : tasks.o (.text.prvAddCurrentTaskToDelayedList)
                  00003ca4    000000e4                                                       : queue.o (.text.xQueueGenericReset)
                  00003d88    000000dc                                                       : tasks.o (.text.xTaskDelayUntil)
                  00003e64    000000cc                                                       : tasks.o (.text.prvCreateIdleTasks)
                  00003f30    000000b6                                                       : queue.o (.text.prvUnlockQueue)
                  00003fe6    00000002     libclang_rt.builtins.a : aeabi_div0.c.obj (.text.__aeabi_ldiv0)
                  00003fe8    000000b4     freertos_builds_LP_MSPM0G3507_release_ticlang.lib : tasks.o (.text.xTaskCheckForTimeOut)
                  0000409c    000000a2     libclang_rt.builtins.a : udivmoddi4.S.obj (.text)
                  0000413e    00000002     --HOLE-- [fill = 0]
                  00004140    000000a0     freertos_builds_LP_MSPM0G3507_release_ticlang.lib : heap_4.o (.text.prvHeapInit)
                  000041e0    000000a0                                                       : queue.o (.text.xQueueGenericCreateStatic)
                  00004280    0000009a     libc.a : memcpy16.S.obj (.text:memcpy)
                  0000431a    00000098     freertos_builds_LP_MSPM0G3507_release_ticlang.lib : tasks.o (.text.prvCreateStaticTask)
                  000043b2    00000094                                                       : queue.o (.text.xQueueGenericCreate)
                  00004446    00000002     --HOLE-- [fill = 0]
                  00004448    0000008c                                                       : timers.o (.text.prvProcessTimerOrBlockTask)
                  000044d4    00000088     driverlib.a : dl_dac12.o (.text.DL_DAC12_init)
                  0000455c    00000084     freertos_builds_LP_MSPM0G3507_release_ticlang.lib : tasks.o (.text.prvCreateTask)
                  000045e0    00000084                                                       : timers.o (.text.prvInsertTimerInActiveList)
                  00004664    00000080                                                       : port.o (.text.xPortStartScheduler)
                  000046e4    0000007c                                                       : tasks.o (.text.prvInitialiseTaskLists)
                  00004760    0000007c                                                       : timers.o (.text.xTimerCreateTimerTask)
                  000047dc    0000007c     libc.a : copy_decompress_lzss.c.obj (.text:decompress:lzss)
                  00004858    00000074     freertos_builds_LP_MSPM0G3507_release_ticlang.lib : tasks.o (.text.vTaskPlaceOnEventListRestricted)
                  000048cc    0000006c                                                       : timers.o (.text.prvCheckForValidListAndQueue)
                  00004938    0000006c                                                       : list.o (.text.vListInsert)
                  000049a4    0000006a                                                       : queue.o (.text.vQueueWaitForMessageRestricted)
                  00004a0e    00000002     --HOLE-- [fill = 0]
                  00004a10    00000068                                                       : tasks.o (.text.vTaskStartScheduler)
                  00004a78    00000062     libc.a : memset16.S.obj (.text:memset)
                  00004ada    00000002     --HOLE-- [fill = 0]
                  00004adc    00000060     ti_msp_dl_config.o (.text.SYSCFG_DL_UART_0_init)
                  00004b3c    00000060     ti_msp_dl_config.o (.text.SYSCFG_DL_initPower)
                  00004b9c    00000054     main.o (.text.TIMA0_IRQHandler)
                  00004bf0    00000050     ti_msp_dl_config.o (.text.SYSCFG_DL_TIMER_1_init)
                  00004c40    00000050     freertos_builds_LP_MSPM0G3507_release_ticlang.lib : tasks.o (.text.prvCheckTasksWaitingTermination)
                  00004c90    00000050                                                       : tasks.o (.text.prvDeleteTCB)
                  00004ce0    00000050                                                       : timers.o (.text.prvProcessExpiredTimer)
                  00004d30    0000004c     ti_msp_dl_config.o (.text.SYSCFG_DL_GPIO_init)
                  00004d7c    0000004c     libc.a : snprintf.c.obj (.text.snprintf)
                  00004dc8    0000004c     freertos_builds_LP_MSPM0G3507_release_ticlang.lib : tasks.o (.text.xTaskCreateStatic)
                  00004e14    00000048     driverlib.a : dl_uart.o (.text.DL_UART_init)
                  00004e5c    00000048     freertos_builds_LP_MSPM0G3507_release_ticlang.lib : list.o (.text.uxListRemove)
                  00004ea4    00000048                                                       : tasks.o (.text.xTaskCreate)
                  00004eec    00000046                                                       : queue.o (.text.prvInitialiseNewQueue)
                  00004f32    0000000e                                                       : tasks.o (.text.prvIdleTask)
                  00004f40    00000044                                                       : portasm.o (.text.PendSV_Handler)
                  00004f84    00000044                                                       : queue.o (.text.prvCopyDataFromQueue)
                  00004fc8    00000044                                                       : timers.o (.text.prvSwitchTimerLists)
                  0000500c    00000040     driverlib.a : dl_adc12.o (.text.DL_ADC12_setClockConfig)
                  0000504c    00000040     libclang_rt.builtins.a : aeabi_uidivmod.S.obj (.text.__aeabi_uidivmod)
                  0000508c    00000040     libc.a : atoi.c.obj (.text.atoi)
                  000050cc    00000040     main.o (.text.vApplicationStackOverflowHook)
                  0000510c    0000003c     freertos_builds_LP_MSPM0G3507_release_ticlang.lib : timers.o (.text.prvSampleTimeNow)
                  00005148    0000003c     libc.a : autoinit.c.obj (.text:__TI_auto_init_nobinit_nopinit)
                  00005184    0000003a     libclang_rt.builtins.a : muldsi3.S.obj (.text.__muldsi3)
                  000051be    00000002     --HOLE-- [fill = 0]
                  000051c0    00000038     ti_msp_dl_config.o (.text.SYSCFG_DL_ADC12_0_init)
                  000051f8    00000038     ti_msp_dl_config.o (.text.SYSCFG_DL_TIMER_0_init)
                  00005230    00000038     ti_msp_dl_config.o (.text.SYSCFG_DL_init)
                  00005268    00000038     freertos_builds_LP_MSPM0G3507_release_ticlang.lib : timers.o (.text.prvGetNextExpireTime)
                  000052a0    00000038                                                       : tasks.o (.text.xTaskGetSchedulerState)
                  000052d8    00000036                                                       : timers.o (.text.prvReloadTimer)
                  0000530e    00000002     --HOLE-- [fill = 0]
                  00005310    00000034                                                       : tasks.o (.text.vTaskPlaceOnEventList)
                  00005344    00000030     driverlib.a : dl_uart.o (.text.DL_UART_transmitDataBlocking)
                  00005374    00000030     freertos_builds_LP_MSPM0G3507_release_ticlang.lib : port.o (.text.SysTick_Handler)
                  000053a4    00000030     libc.a : snprintf.c.obj (.text._outs)
                  000053d4    00000030     freertos_builds_LP_MSPM0G3507_release_ticlang.lib : tasks.o (.text.prvResetNextTaskUnblockTime)
                  00005404    00000030                                                       : port.o (.text.prvTaskExitError)
                  00005434    0000002e                                                       : port.o (.text.vPortSVCHandler_C)
                  00005462    00000002     --HOLE-- [fill = 0]
                  00005464    0000002c     ti_msp_dl_config.o (.text.SYSCFG_DL_SYSCTL_init)
                  00005490    0000002c     freertos_builds_LP_MSPM0G3507_release_ticlang.lib : list.o (.text.vListInitialise)
                  000054bc    0000002c                                                       : port.o (.text.vPortExitCritical)
                  000054e8    0000002a                                                       : queue.o (.text.prvIsQueueEmpty)
                  00005512    00000028                                                       : queue.o (.text.prvGetHighestPriorityOfWaitToReceiveList)
                  0000553a    00000002     --HOLE-- [fill = 0]
                  0000553c    00000028                                                       : StaticAllocs_freertos.o (.text.vApplicationGetIdleTaskMemory)
                  00005564    00000028                                                       : StaticAllocs_freertos.o (.text.vApplicationGetTimerTaskMemory)
                  0000558c    00000028                                                       : port.o (.text.vPortSetupTimerInterrupt)
                  000055b4    00000028     libc.a : boot_cortex_m.c.obj (.text:_c_int00_noargs)
                  000055dc    00000004     startup_mspm0g350x_ticlang.o (.text.Reset_Handler)
                  000055e0    00000024     freertos_builds_LP_MSPM0G3507_release_ticlang.lib : portasm.o (.text.SVC_Handler)
                  00005604    00000024     ti_msp_dl_config.o (.text.SYSCFG_DL_DAC12_init)
                  00005628    00000024     libclang_rt.builtins.a : muldi3.S.obj (.text.__muldi3)
                  0000564c    00000024     freertos_builds_LP_MSPM0G3507_release_ticlang.lib : tasks.o (.text.pvTaskIncrementMutexHeldCount)
                  00005670    00000024                                                       : portasm.o (.text.vRestoreContextOfFirstTask)
                  00005694    00000022     libc.a : memccpy.c.obj (.text.memccpy)
                  000056b6    00000002     --HOLE-- [fill = 0]
                  000056b8    00000020     main.o (.text.TIMA1_IRQHandler)
                  000056d8    00000020     timestamp.o (.text.ts_now)
                  000056f8    00000020     freertos_builds_LP_MSPM0G3507_release_ticlang.lib : tasks.o (.text.vTaskInternalSetTimeOutState)
                  00005718    0000001e     libclang_rt.builtins.a : ashldi3.S.obj (.text.__ashldi3)
                  00005736    0000001e     freertos_builds_LP_MSPM0G3507_release_ticlang.lib : timers.o (.text.prvTimerTask)
                  00005754    0000001c     driverlib.a : dl_timer.o (.text.DL_Timer_setClockConfig)
                  00005770    00000018     libc.a : snprintf.c.obj (.text._outc)
                  00005788    00000018     freertos_builds_LP_MSPM0G3507_release_ticlang.lib : port.o (.text.vPortEnterCritical)
                  000057a0    00000018                                                       : port.o (.text.vPortYield)
                  000057b8    00000014     libclang_rt.builtins.a : aeabi_uldivmod.S.obj (.text.__aeabi_uldivmod)
                  000057cc    00000014     freertos_builds_LP_MSPM0G3507_release_ticlang.lib : tasks.o (.text.xTaskGetTickCount)
                  000057e0    00000012     driverlib.a : dl_uart.o (.text.DL_UART_setClockConfig)
                  000057f2    00000012     libc.a : copy_decompress_none.c.obj (.text:decompress:none)
                  00005804    0000000c     libclang_rt.builtins.a : aeabi_memset.S.obj (.text.__aeabi_memclr)
                  00005810    00000010     freertos_builds_LP_MSPM0G3507_release_ticlang.lib : portasm.o (.text.vStartFirstTask)
                  00005820    00000010                                                       : tasks.o (.text.vTaskSuspendAll)
                  00005830    00000010     libc.a : wcslen.c.obj (.text.wcslen)
                  00005840    00000010            : copy_zero_init.c.obj (.text:decompress:ZI)
                  00005850    0000000e     libclang_rt.builtins.a : aeabi_memset.S.obj (.text.__aeabi_memset)
                  0000585e    0000000e     libc.a : _printfi.c.obj (.text.strlen)
                  0000586c    0000000e     freertos_builds_LP_MSPM0G3507_release_ticlang.lib : list.o (.text.vListInitialiseItem)
                  0000587a    00000002     --HOLE-- [fill = 0]
                  0000587c    0000000c                                                       : tasks.o (.text.uxTaskGetNumberOfTasks)
                  00005888    0000000c                                                       : tasks.o (.text.vTaskMissedYield)
                  00005894    0000000a     driverlib.a : dl_common.o (.text.DL_Common_delayCycles)
                  0000589e    00000002     --HOLE-- [fill = 0]
                  000058a0    00000008     libc.a : aeabi_portable.c.obj (.text.__aeabi_errno_addr)
                  000058a8    00000008     libclang_rt.builtins.a : aeabi_memcpy.S.obj (.text.__aeabi_memcpy)
                  000058b0    00000008     freertos_builds_LP_MSPM0G3507_release_ticlang.lib : portasm.o (.text.ulSetInterruptMask)
                  000058b8    00000006                                                       : portasm.o (.text.vClearInterruptMask)
                  000058be    00000004     libc.a : pre_init.c.obj (.text._system_pre_init)
                  000058c2    00000004            : exit.c.obj (.text:abort)
                  000058c6    0000000a     --HOLE-- [fill = 0]

.cinit     0    00005c20    00000040     
                  00005c20    00000018     (.cinit..data.load) [load image, compression = lzss]
                  00005c38    0000000c     (__TI_handler_table)
                  00005c44    00000008     (.cinit..bss.load) [load image, compression = zero_init]
                  00005c4c    00000010     (__TI_cinit_table)
                  00005c5c    00000004     --HOLE-- [fill = 0]

.rodata    0    000058d0    00000350     
                  000058d0    00000101     libc.a : aeabi_ctype.S.obj (.rodata:__aeabi_ctype_table_)
                  000059d1    0000002a     main.o (.rodata.str1.121071377670202666191)
                  000059fb    00000029     main.o (.rodata.str1.32363810797562342041)
                  00005a24    00000028     main.o (.rodata.str1.111135633881262485691)
                  00005a4c    00000028     main.o (.rodata.str1.36708577533941217011)
                  00005a74    00000028     main.o (.rodata.str1.4040285661218773341)
                  00005a9c    00000027     main.o (.rodata.str1.104171602695964415641)
                  00005ac3    00000023     main.o (.rodata.str1.54842681482495761191)
                  00005ae6    00000002     ti_msp_dl_config.o (.rodata.gUART_0ClockConfig)
                  00005ae8    00000020     ti_msp_dl_config.o (.rodata.gDAC12Config)
                  00005b08    0000001d     main.o (.rodata.str1.101690526723141901001)
                  00005b25    0000001c     main.o (.rodata.str1.36354060822049331541)
                  00005b41    00000017     main.o (.rodata.str1.107009124015742957301)
                  00005b58    00000014     ti_msp_dl_config.o (.rodata.gTIMER_0TimerConfig)
                  00005b6c    00000014     ti_msp_dl_config.o (.rodata.gTIMER_1TimerConfig)
                  00005b80    00000013     main.o (.rodata.str1.128962870563899395191)
                  00005b93    00000011     libc.a : _printfi.c.obj (.rodata.str1.103488685894817597201)
                  00005ba4    00000011            : _printfi.c.obj (.rodata.str1.153638888446227384661)
                  00005bb5    00000001     --HOLE-- [fill = 0]
                  00005bb6    0000000a     ti_msp_dl_config.o (.rodata.gUART_0Config)
                  00005bc0    0000000a     main.o (.rodata.str1.164552152177587026401)
                  00005bca    00000009     main.o (.rodata.str1.30235616187663446621)
                  00005bd3    00000001     --HOLE-- [fill = 0]
                  00005bd4    00000008     ti_msp_dl_config.o (.rodata.gADC12_0ClockConfig)
                  00005bdc    00000008     main.o (.rodata.str1.157592557656998809351)
                  00005be4    00000008     freertos_builds_LP_MSPM0G3507_release_ticlang.lib : timers.o (.rodata.str1.183475180157509169831)
                  00005bec    00000008     main.o (.rodata.str1.58265674741439123291)
                  00005bf4    00000007     main.o (.rodata.str1.182731374899196392841)
                  00005bfb    00000005     main.o (.rodata.str1.14505639957244399431)
                  00005c00    00000005     freertos_builds_LP_MSPM0G3507_release_ticlang.lib : tasks.o (.rodata.str1.162068611372385348101)
                  00005c05    00000004     main.o (.rodata.str1.6687673663783735341)
                  00005c09    00000003     ti_msp_dl_config.o (.rodata.gTIMER_0ClockConfig)
                  00005c0c    00000004     freertos_builds_LP_MSPM0G3507_release_ticlang.lib : tasks.o (.rodata.uxTopUsedPriority)
                  00005c10    00000003     ti_msp_dl_config.o (.rodata.gTIMER_1ClockConfig)
                  00005c13    0000000d     --HOLE-- [fill = 0]

.init_array 
*          0    00000000    00000000     UNINITIALIZED

.binit     0    00000000    00000000     

.bss       0    20200000    00005d60     UNINITIALIZED
                  20200000    00005000     freertos_builds_LP_MSPM0G3507_release_ticlang.lib : heap_4.o (.bss.ucHeap)
                  20205000    00000200     main.o (.bss.adcRing)
                  20205200    00000200     freertos_builds_LP_MSPM0G3507_release_ticlang.lib : StaticAllocs_freertos.o (.bss.vApplicationGetIdleTaskMemory.uxIdleTaskStack)
                  20205400    00000200                                                       : StaticAllocs_freertos.o (.bss.vApplicationGetTimerTaskMemory.uxTimerTaskStack)
                  20205600    00000100     main.o (.bss.eventLatencyHistogram)
                  20205700    000000c8     freertos_builds_LP_MSPM0G3507_release_ticlang.lib : tasks.o (.bss.pxReadyTasksLists)
                  202057c8    000000bc     (.common:gTIMER_0Backup)
                  20205884    000000bc     (.common:gTIMER_1Backup)
                  20205940    00000078                                                       : timers.o (.bss.prvCheckForValidListAndQueue.ucStaticTimerQueueStorage)
                  202059b8    00000068                                                       : StaticAllocs_freertos.o (.bss.vApplicationGetIdleTaskMemory.xIdleTaskTCB)
                  20205a20    00000068                                                       : StaticAllocs_freertos.o (.bss.vApplicationGetTimerTaskMemory.xTimerTaskTCB)
                  20205a88    00000060     main.o (.bss.acqStats)
                  20205ae8    00000060     main.o (.bss.ctrlStats)
                  20205b48    00000060     main.o (.bss.eventStats)
                  20205ba8    00000060     main.o (.bss.logStats)
                  20205c08    00000060     main.o (.bss.uiStats)
                  20205c68    00000050     freertos_builds_LP_MSPM0G3507_release_ticlang.lib : timers.o (.bss.prvCheckForValidListAndQueue.xStaticTimerQueue)
                  20205cb8    00000014                                                       : timers.o (.bss.xActiveTimerList1)
                  20205ccc    00000014                                                       : timers.o (.bss.xActiveTimerList2)
                  20205ce0    00000014                                                       : tasks.o (.bss.xDelayedTaskList1)
                  20205cf4    00000014                                                       : tasks.o (.bss.xDelayedTaskList2)
                  20205d08    00000014                                                       : tasks.o (.bss.xPendingReadyList)
                  20205d1c    00000014                                                       : tasks.o (.bss.xSuspendedTaskList)
                  20205d30    00000014                                                       : tasks.o (.bss.xTasksWaitingTermination)
                  20205d44    00000008                                                       : heap_4.o (.bss.xStart)
                  20205d4c    00000004                                                       : timers.o (.bss.pxCurrentTimerList)
                  20205d50    00000004                                                       : tasks.o (.bss.pxDelayedTaskList)
                  20205d54    00000004                                                       : tasks.o (.bss.pxOverflowDelayedTaskList)
                  20205d58    00000004                                                       : timers.o (.bss.pxOverflowTimerList)
                  20205d5c    00000004                                                       : tasks.o (.bss.xIdleTaskHandles)

.data      0    20205d60    00000094     UNINITIALIZED
                  20205d60    00000008     main.o (.data.eventLatencyTotalUs)
                  20205d68    00000004     libc.a : aeabi_portable.c.obj (.data.__aeabi_errno)
                  20205d6c    00000004     main.o (.data.adcDroppedSamples)
                  20205d70    00000004     main.o (.data.adcReadIndex)
                  20205d74    00000004     main.o (.data.adcSampleCount)
                  20205d78    00000004     main.o (.data.adcWriteIndex)
                  20205d7c    00000004     main.o (.data.eventIsrCount)
                  20205d80    00000004     main.o (.data.eventIsrTime)
                  20205d84    00000004     main.o (.data.eventLatencyCount)
                  20205d88    00000004     main.o (.data.eventLatencyMaxUs)
                  20205d8c    00000004     main.o (.data.eventLatencyMinUs)
                  20205d90    00000004     main.o (.data.eventSemaphore)
                  20205d94    00000004     main.o (.data.eventTaskHandle)
                  20205d98    00000004     freertos_builds_LP_MSPM0G3507_release_ticlang.lib : timers.o (.data.prvSampleTimeNow.xLastTime)
                  20205d9c    00000004                                                       : tasks.o (.data.pxCurrentTCB)
                  20205da0    00000004                                                       : heap_4.o (.data.pxEnd)
                  20205da4    00000004     main.o (.data.timerOverflowCount)
                  20205da8    00000004     freertos_builds_LP_MSPM0G3507_release_ticlang.lib : port.o (.data.ulCriticalNesting)
                  20205dac    00000004                                                       : tasks.o (.data.uxCurrentNumberOfTasks)
                  20205db0    00000004                                                       : tasks.o (.data.uxDeletedTasksWaitingCleanUp)
                  20205db4    00000004                                                       : tasks.o (.data.uxSchedulerSuspended)
                  20205db8    00000004                                                       : tasks.o (.data.uxTaskNumber)
                  20205dbc    00000004                                                       : tasks.o (.data.uxTopReadyPriority)
                  20205dc0    00000004                                                       : heap_4.o (.data.xFreeBytesRemaining)
                  20205dc4    00000004                                                       : heap_4.o (.data.xMinimumEverFreeBytesRemaining)
                  20205dc8    00000004                                                       : tasks.o (.data.xNextTaskUnblockTime)
                  20205dcc    00000004                                                       : tasks.o (.data.xNumOfOverflows)
                  20205dd0    00000004                                                       : heap_4.o (.data.xNumberOfSuccessfulAllocations)
                  20205dd4    00000004                                                       : heap_4.o (.data.xNumberOfSuccessfulFrees)
                  20205dd8    00000004                                                       : tasks.o (.data.xPendedTicks)
                  20205ddc    00000004                                                       : tasks.o (.data.xSchedulerRunning)
                  20205de0    00000004                                                       : tasks.o (.data.xTickCount)
                  20205de4    00000004                                                       : timers.o (.data.xTimerQueue)
                  20205de8    00000004                                                       : timers.o (.data.xTimerTaskHandle)
                  20205dec    00000004                                                       : tasks.o (.data.xYieldPendings)
                  20205df0    00000002     main.o (.data.controlOutput)
                  20205df2    00000002     main.o (.data.lastAdcValue)

.stack     0    20207e00    00000200     UNINITIALIZED
                  20207e00    00000004     libc.a : boot_cortex_m.c.obj (.stack)
                  20207e04    000001fc     --HOLE--

__llvm_prf_cnts 
*          0    20200000    00000000     UNINITIALIZED

__llvm_prf_bits 
*          0    20200000    00000000     UNINITIALIZED

MODULE SUMMARY

       Module                         code    ro data   rw data
       ------                         ----    -------   -------
    .\
       main.o                         7036    427       1308   
       ti_msp_dl_config.o             596     98        376    
       timestamp.o                    32      0         0      
    +--+------------------------------+-------+---------+---------+
       Total:                         7664    525       1684   
                                                               
    .\freertos\ticlang\
       startup_mspm0g350x_ticlang.o   6       192       0      
    +--+------------------------------+-------+---------+---------+
       Total:                         6       192       0      
                                                               
    C:/Users/bense/workspace_ccstheia/freertos_builds_LP_MSPM0G3507_release_ticlang/Debug/freertos_builds_LP_MSPM0G3507_release_ticlang.lib
       heap_4.o                       1336    0         20508  
       tasks.o                        4938    9         360    
       queue.o                        2212    0         0      
       timers.o                       1200    8         260    
       StaticAllocs_freertos.o        80      0         1232   
       port.o                         678     0         4      
       list.o                         238     0         0      
       portasm.o                      170     0         0      
    +--+------------------------------+-------+---------+---------+
       Total:                         10852   17        22364  
                                                               
    C:/ti/mspm0_sdk_2_11_00_07/source/ti/driverlib/lib/ticlang/m0p/mspm0g1x0x_g3x0x/driverlib.a
       dl_timer.o                     280     0         0      
       dl_uart.o                      138     0         0      
       dl_dac12.o                     136     0         0      
       dl_adc12.o                     64      0         0      
       dl_common.o                    10      0         0      
    +--+------------------------------+-------+---------+---------+
       Total:                         628     0         0      
                                                               
    C:\ti\ccstheia151\ccs\tools\compiler\ti-cgt-armllvm_4.0.0.LTS\lib\armv6m-ti-none-eabi/c/libc.a
       _printfi.c.obj                 2166    34        0      
       aeabi_ctype.S.obj              0       257       0      
       memcpy16.S.obj                 154     0         0      
       snprintf.c.obj                 148     0         0      
       copy_decompress_lzss.c.obj     124     0         0      
       memset16.S.obj                 98      0         0      
       atoi.c.obj                     64      0         0      
       autoinit.c.obj                 60      0         0      
       boot_cortex_m.c.obj            40      0         0      
       memccpy.c.obj                  34      0         0      
       copy_decompress_none.c.obj     18      0         0      
       copy_zero_init.c.obj           16      0         0      
       wcslen.c.obj                   16      0         0      
       aeabi_portable.c.obj           8       0         4      
       exit.c.obj                     4       0         0      
       pre_init.c.obj                 4       0         0      
    +--+------------------------------+-------+---------+---------+
       Total:                         2954    291       4      
                                                               
    C:\ti\ccstheia151\ccs\tools\compiler\ti-cgt-armllvm_4.0.0.LTS\lib\armv6m-ti-none-eabi/libclang_rt.builtins.a
       udivmoddi4.S.obj               162     0         0      
       aeabi_uidivmod.S.obj           64      0         0      
       muldsi3.S.obj                  58      0         0      
       muldi3.S.obj                   36      0         0      
       ashldi3.S.obj                  30      0         0      
       aeabi_memset.S.obj             26      0         0      
       aeabi_uldivmod.S.obj           20      0         0      
       aeabi_memcpy.S.obj             8       0         0      
       aeabi_div0.c.obj               4       0         0      
    +--+------------------------------+-------+---------+---------+
       Total:                         408     0         0      
                                                               
       Stack:                         0       0         512    
       Linker Generated:              0       60        0      
    +--+------------------------------+-------+---------+---------+
       Grand Total:                   22512   1085      24564  


LINKER GENERATED COPY TABLES

__TI_cinit_table @ 00005c4c records: 2, size/record: 8, table size: 16
	.data: load addr=00005c20, load size=00000018 bytes, run addr=20205d60, run size=00000094 bytes, compression=lzss
	.bss: load addr=00005c44, load size=00000008 bytes, run addr=20200000, run size=00005d60 bytes, compression=zero_init


LINKER GENERATED HANDLER TABLE

__TI_handler_table @ 00005c38 records: 3, size/record: 4, table size: 12
	index: 0, handler: __TI_decompress_lzss
	index: 1, handler: __TI_decompress_none
	index: 2, handler: __TI_zero_init


GLOBAL SYMBOLS: SORTED ALPHABETICALLY BY Name 

address   name                               
-------   ----                               
000028eb  ADC0_IRQHandler                    
000028eb  ADC1_IRQHandler                    
000028eb  AES_IRQHandler                     
000058c2  C$$EXIT                            
000028eb  CANFD0_IRQHandler                  
000028eb  DAC0_IRQHandler                    
0000500d  DL_ADC12_setClockConfig            
00005895  DL_Common_delayCycles              
000044d5  DL_DAC12_init                      
000039cd  DL_Timer_initTimerMode             
00005755  DL_Timer_setClockConfig            
00004e15  DL_UART_init                       
000057e1  DL_UART_setClockConfig             
00005345  DL_UART_transmitDataBlocking       
000028eb  DMA_IRQHandler                     
000028eb  Default_Handler                    
000028eb  GROUP0_IRQHandler                  
000028eb  GROUP1_IRQHandler                  
000028eb  HardFault_Handler                  
000028eb  I2C0_IRQHandler                    
000028eb  I2C1_IRQHandler                    
000028eb  NMI_Handler                        
00004f41  PendSV_Handler                     
000028eb  RTC_IRQHandler                     
000055dd  Reset_Handler                      
000028eb  SPI0_IRQHandler                    
000028eb  SPI1_IRQHandler                    
000055e1  SVC_Handler                        
000051c1  SYSCFG_DL_ADC12_0_init             
00005605  SYSCFG_DL_DAC12_init               
00004d31  SYSCFG_DL_GPIO_init                
00005465  SYSCFG_DL_SYSCTL_init              
000051f9  SYSCFG_DL_TIMER_0_init             
00004bf1  SYSCFG_DL_TIMER_1_init             
00004add  SYSCFG_DL_UART_0_init              
00005231  SYSCFG_DL_init                     
00004b3d  SYSCFG_DL_initPower                
00005375  SysTick_Handler                    
00004b9d  TIMA0_IRQHandler                   
000056b9  TIMA1_IRQHandler                   
000028eb  TIMG0_IRQHandler                   
000028eb  TIMG12_IRQHandler                  
000028eb  TIMG6_IRQHandler                   
000028eb  TIMG7_IRQHandler                   
000028eb  TIMG8_IRQHandler                   
000028eb  UART0_IRQHandler                   
000028eb  UART1_IRQHandler                   
000028eb  UART2_IRQHandler                   
000028eb  UART3_IRQHandler                   
20208000  __STACK_END                        
00000200  __STACK_SIZE                       
00000000  __TI_ATRegion0_region_sz           
00000000  __TI_ATRegion0_src_addr            
00000000  __TI_ATRegion0_trg_addr            
00000000  __TI_ATRegion1_region_sz           
00000000  __TI_ATRegion1_src_addr            
00000000  __TI_ATRegion1_trg_addr            
00000000  __TI_ATRegion2_region_sz           
00000000  __TI_ATRegion2_src_addr            
00000000  __TI_ATRegion2_trg_addr            
00005c4c  __TI_CINIT_Base                    
00005c5c  __TI_CINIT_Limit                   
00005c5c  __TI_CINIT_Warm                    
00005c38  __TI_Handler_Table_Base            
00005c44  __TI_Handler_Table_Limit           
00005149  __TI_auto_init_nobinit_nopinit     
000047dd  __TI_decompress_lzss               
000057f3  __TI_decompress_none               
ffffffff  __TI_pprof_out_hndl                
000000c1  __TI_printfi_nofloat               
ffffffff  __TI_prof_data_size                
ffffffff  __TI_prof_data_start               
00000000  __TI_static_base__                 
00005841  __TI_zero_init                     
000058d0  __aeabi_ctype_table_               
000058d0  __aeabi_ctype_table_C              
20205d68  __aeabi_errno                      
000058a1  __aeabi_errno_addr                 
000036af  __aeabi_idiv0                      
00003fe7  __aeabi_ldiv0                      
00005719  __aeabi_llsl                       
00005629  __aeabi_lmul                       
00005805  __aeabi_memclr                     
00005805  __aeabi_memclr4                    
00005805  __aeabi_memclr8                    
000058a9  __aeabi_memcpy                     
000058a9  __aeabi_memcpy4                    
000058a9  __aeabi_memcpy8                    
00005851  __aeabi_memset                     
00005851  __aeabi_memset4                    
00005851  __aeabi_memset8                    
0000504d  __aeabi_uidiv                      
0000504d  __aeabi_uidivmod                   
000057b9  __aeabi_uldivmod                   
00005719  __ashldi3                          
ffffffff  __binit__                          
UNDEFED   __mpu_init                         
00005629  __muldi3                           
00005185  __muldsi3                          
20207e00  __stack                            
20200000  __start___llvm_prf_bits            
20200000  __start___llvm_prf_cnts            
20200000  __stop___llvm_prf_bits             
20200000  __stop___llvm_prf_cnts             
0000409d  __udivmoddi4                       
000055b5  _c_int00_noargs                    
UNDEFED   _system_post_cinit                 
000058bf  _system_pre_init                   
000058c3  abort                              
0000508d  atoi                               
ffffffff  binit                              
20205d7c  eventIsrCount                      
20205d80  eventIsrTime                       
202057c8  gTIMER_0Backup                     
20205884  gTIMER_1Backup                     
00000000  interruptVectors                   
00001161  main                               
00005695  memccpy                            
00004281  memcpy                             
00004a79  memset                             
00001be9  pvPortMalloc                       
0000564d  pvTaskIncrementMutexHeldCount      
20205d9c  pxCurrentTCB                       
0000348d  pxPortInitialiseStack              
00004d7d  snprintf                           
20205da4  timerOverflowCount                 
000056d9  ts_now                             
000058b1  ulSetInterruptMask                 
00004e5d  uxListRemove                       
0000587d  uxTaskGetNumberOfTasks             
0000553d  vApplicationGetIdleTaskMemory      
00005565  vApplicationGetTimerTaskMemory     
000050cd  vApplicationStackOverflowHook      
000058b9  vClearInterruptMask                
00005491  vListInitialise                    
0000586d  vListInitialiseItem                
00004939  vListInsert                        
00005789  vPortEnterCritical                 
000054bd  vPortExitCritical                  
00003ac9  vPortFree                          
00005435  vPortSVCHandler_C                  
0000558d  vPortSetupTimerInterrupt           
000057a1  vPortYield                         
000049a5  vQueueWaitForMessageRestricted     
00005671  vRestoreContextOfFirstTask         
00005811  vStartFirstTask                    
000056f9  vTaskInternalSetTimeOutState       
00005889  vTaskMissedYield                   
00005311  vTaskPlaceOnEventList              
00004859  vTaskPlaceOnEventListRestricted    
000030f9  vTaskPriorityDisinheritAfterTimeout
00004a11  vTaskStartScheduler                
00005821  vTaskSuspendAll                    
000037bd  vTaskSwitchContext                 
00005831  wcslen                             
00004665  xPortStartScheduler                
000043b3  xQueueGenericCreate                
000041e1  xQueueGenericCreateStatic          
00003ca5  xQueueGenericReset                 
000035a1  xQueueGiveFromISR                  
00002c6d  xQueueReceive                      
0000270d  xQueueSemaphoreTake                
00003fe9  xTaskCheckForTimeOut               
00004ea5  xTaskCreate                        
00004dc9  xTaskCreateStatic                  
00003d89  xTaskDelayUntil                    
000052a1  xTaskGetSchedulerState             
000057cd  xTaskGetTickCount                  
000020f9  xTaskIncrementTick                 
00003365  xTaskPriorityInherit               
00002e11  xTaskRemoveFromEventList           
00002515  xTaskResumeAll                     
00004761  xTimerCreateTimerTask              


GLOBAL SYMBOLS: SORTED BY Symbol Address 

address   name                               
-------   ----                               
00000000  __TI_ATRegion0_region_sz           
00000000  __TI_ATRegion0_src_addr            
00000000  __TI_ATRegion0_trg_addr            
00000000  __TI_ATRegion1_region_sz           
00000000  __TI_ATRegion1_src_addr            
00000000  __TI_ATRegion1_trg_addr            
00000000  __TI_ATRegion2_region_sz           
00000000  __TI_ATRegion2_src_addr            
00000000  __TI_ATRegion2_trg_addr            
00000000  __TI_static_base__                 
00000000  interruptVectors                   
000000c1  __TI_printfi_nofloat               
00000200  __STACK_SIZE                       
00001161  main                               
00001be9  pvPortMalloc                       
000020f9  xTaskIncrementTick                 
00002515  xTaskResumeAll                     
0000270d  xQueueSemaphoreTake                
000028eb  ADC0_IRQHandler                    
000028eb  ADC1_IRQHandler                    
000028eb  AES_IRQHandler                     
000028eb  CANFD0_IRQHandler                  
000028eb  DAC0_IRQHandler                    
000028eb  DMA_IRQHandler                     
000028eb  Default_Handler                    
000028eb  GROUP0_IRQHandler                  
000028eb  GROUP1_IRQHandler                  
000028eb  HardFault_Handler                  
000028eb  I2C0_IRQHandler                    
000028eb  I2C1_IRQHandler                    
000028eb  NMI_Handler                        
000028eb  RTC_IRQHandler                     
000028eb  SPI0_IRQHandler                    
000028eb  SPI1_IRQHandler                    
000028eb  TIMG0_IRQHandler                   
000028eb  TIMG12_IRQHandler                  
000028eb  TIMG6_IRQHandler                   
000028eb  TIMG7_IRQHandler                   
000028eb  TIMG8_IRQHandler                   
000028eb  UART0_IRQHandler                   
000028eb  UART1_IRQHandler                   
000028eb  UART2_IRQHandler                   
000028eb  UART3_IRQHandler                   
00002c6d  xQueueReceive                      
00002e11  xTaskRemoveFromEventList           
000030f9  vTaskPriorityDisinheritAfterTimeout
00003365  xTaskPriorityInherit               
0000348d  pxPortInitialiseStack              
000035a1  xQueueGiveFromISR                  
000036af  __aeabi_idiv0                      
000037bd  vTaskSwitchContext                 
000039cd  DL_Timer_initTimerMode             
00003ac9  vPortFree                          
00003ca5  xQueueGenericReset                 
00003d89  xTaskDelayUntil                    
00003fe7  __aeabi_ldiv0                      
00003fe9  xTaskCheckForTimeOut               
0000409d  __udivmoddi4                       
000041e1  xQueueGenericCreateStatic          
00004281  memcpy                             
000043b3  xQueueGenericCreate                
000044d5  DL_DAC12_init                      
00004665  xPortStartScheduler                
00004761  xTimerCreateTimerTask              
000047dd  __TI_decompress_lzss               
00004859  vTaskPlaceOnEventListRestricted    
00004939  vListInsert                        
000049a5  vQueueWaitForMessageRestricted     
00004a11  vTaskStartScheduler                
00004a79  memset                             
00004add  SYSCFG_DL_UART_0_init              
00004b3d  SYSCFG_DL_initPower                
00004b9d  TIMA0_IRQHandler                   
00004bf1  SYSCFG_DL_TIMER_1_init             
00004d31  SYSCFG_DL_GPIO_init                
00004d7d  snprintf                           
00004dc9  xTaskCreateStatic                  
00004e15  DL_UART_init                       
00004e5d  uxListRemove                       
00004ea5  xTaskCreate                        
00004f41  PendSV_Handler                     
0000500d  DL_ADC12_setClockConfig            
0000504d  __aeabi_uidiv                      
0000504d  __aeabi_uidivmod                   
0000508d  atoi                               
000050cd  vApplicationStackOverflowHook      
00005149  __TI_auto_init_nobinit_nopinit     
00005185  __muldsi3                          
000051c1  SYSCFG_DL_ADC12_0_init             
000051f9  SYSCFG_DL_TIMER_0_init             
00005231  SYSCFG_DL_init                     
000052a1  xTaskGetSchedulerState             
00005311  vTaskPlaceOnEventList              
00005345  DL_UART_transmitDataBlocking       
00005375  SysTick_Handler                    
00005435  vPortSVCHandler_C                  
00005465  SYSCFG_DL_SYSCTL_init              
00005491  vListInitialise                    
000054bd  vPortExitCritical                  
0000553d  vApplicationGetIdleTaskMemory      
00005565  vApplicationGetTimerTaskMemory     
0000558d  vPortSetupTimerInterrupt           
000055b5  _c_int00_noargs                    
000055dd  Reset_Handler                      
000055e1  SVC_Handler                        
00005605  SYSCFG_DL_DAC12_init               
00005629  __aeabi_lmul                       
00005629  __muldi3                           
0000564d  pvTaskIncrementMutexHeldCount      
00005671  vRestoreContextOfFirstTask         
00005695  memccpy                            
000056b9  TIMA1_IRQHandler                   
000056d9  ts_now                             
000056f9  vTaskInternalSetTimeOutState       
00005719  __aeabi_llsl                       
00005719  __ashldi3                          
00005755  DL_Timer_setClockConfig            
00005789  vPortEnterCritical                 
000057a1  vPortYield                         
000057b9  __aeabi_uldivmod                   
000057cd  xTaskGetTickCount                  
000057e1  DL_UART_setClockConfig             
000057f3  __TI_decompress_none               
00005805  __aeabi_memclr                     
00005805  __aeabi_memclr4                    
00005805  __aeabi_memclr8                    
00005811  vStartFirstTask                    
00005821  vTaskSuspendAll                    
00005831  wcslen                             
00005841  __TI_zero_init                     
00005851  __aeabi_memset                     
00005851  __aeabi_memset4                    
00005851  __aeabi_memset8                    
0000586d  vListInitialiseItem                
0000587d  uxTaskGetNumberOfTasks             
00005889  vTaskMissedYield                   
00005895  DL_Common_delayCycles              
000058a1  __aeabi_errno_addr                 
000058a9  __aeabi_memcpy                     
000058a9  __aeabi_memcpy4                    
000058a9  __aeabi_memcpy8                    
000058b1  ulSetInterruptMask                 
000058b9  vClearInterruptMask                
000058bf  _system_pre_init                   
000058c2  C$$EXIT                            
000058c3  abort                              
000058d0  __aeabi_ctype_table_               
000058d0  __aeabi_ctype_table_C              
00005c38  __TI_Handler_Table_Base            
00005c44  __TI_Handler_Table_Limit           
00005c4c  __TI_CINIT_Base                    
00005c5c  __TI_CINIT_Limit                   
00005c5c  __TI_CINIT_Warm                    
20200000  __start___llvm_prf_bits            
20200000  __start___llvm_prf_cnts            
20200000  __stop___llvm_prf_bits             
20200000  __stop___llvm_prf_cnts             
202057c8  gTIMER_0Backup                     
20205884  gTIMER_1Backup                     
20205d68  __aeabi_errno                      
20205d7c  eventIsrCount                      
20205d80  eventIsrTime                       
20205d9c  pxCurrentTCB                       
20205da4  timerOverflowCount                 
20207e00  __stack                            
20208000  __STACK_END                        
ffffffff  __TI_pprof_out_hndl                
ffffffff  __TI_prof_data_size                
ffffffff  __TI_prof_data_start               
ffffffff  __binit__                          
ffffffff  binit                              
UNDEFED   __mpu_init                         
UNDEFED   _system_post_cinit                 

[173 symbols]
