******************************************************************************
            TI ARM Clang Linker PC v4.0.0                      
******************************************************************************
>> Linked Wed Sep 23 21:08:54 2026

OUTPUT FILE NAME:   <blink_led_LP_MSPM0G3507_freertos_ticlang.out>
ENTRY POINT SYMBOL: "_c_int00_noargs"  address: 00005135


MEMORY CONFIGURATION

         name            origin    length      used     unused   attr    fill
----------------------  --------  ---------  --------  --------  ----  --------
  FLASH                 00000000   00020000  000057c0  0001a840  R  X
  SRAM                  20200000   00008000  00005ff4  0000200c  RW X
  BCR_CONFIG            41c00000   000000ff  00000000  000000ff  R   
  BSL_CONFIG            41c00100   00000080  00000000  00000080  R   


SEGMENT ALLOCATION MAP

run origin  load origin   length   init length attrs members
----------  ----------- ---------- ----------- ----- -------
00000000    00000000    000057c0   000057c0    r-x
  00000000    00000000    000000c0   000000c0    r-- .intvecs
  000000c0    000000c0    00005390   00005390    r-x .text
  00005450    00005450    00000330   00000330    r-- .rodata
  00005780    00005780    00000040   00000040    r-- .cinit
20200000    20200000    00005df4   00000000    rw-
  20200000    20200000    00005d60   00000000    rw- .bss
  20205d60    20205d60    00000094   00000000    rw- .data
20207e00    20207e00    00000200   00000000    rw-
  20207e00    20207e00    00000200   00000000    rw- .stack


SECTION ALLOCATION MAP

 output                                  attributes/
section   page    origin      length       input sections
--------  ----  ----------  ----------   ----------------
.intvecs   0    00000000    000000c0     
                  00000000    000000c0     startup_mspm0g350x_ticlang.o (.intvecs)

.text      0    000000c0    00005390     
                  000000c0    00000868     libc.a : _printfi.c.obj (.text:__TI_printfi_nofloat)
                  00000928    00000838     main.o (.text.LogTask)
                  00001160    0000037c     main.o (.text.CtrlTask)
                  000014dc    000002a4     main.o (.text.main)
                  00001780    00000294     freertos_builds_LP_MSPM0G3507_release_ticlang.lib : heap_4.o (.text.pvPortMalloc)
                  00001a14    0000027c     main.o (.text.EventTask)
                  00001c90    00000210     freertos_builds_LP_MSPM0G3507_release_ticlang.lib : tasks.o (.text.xTaskIncrementTick)
                  00001ea0    0000020c     main.o (.text.AcqTask)
                  000020ac    000001f8     freertos_builds_LP_MSPM0G3507_release_ticlang.lib : tasks.o (.text.xTaskResumeAll)
                  000022a4    000001de                                                       : queue.o (.text.xQueueSemaphoreTake)
                  00002482    00000002     startup_mspm0g350x_ticlang.o (.text.Default_Handler)
                  00002484    000001c4     main.o (.text.UiTask)
                  00002648    000001bc     main.o (.text.logHistogram)
                  00002804    000001a4     freertos_builds_LP_MSPM0G3507_release_ticlang.lib : queue.o (.text.xQueueReceive)
                  000029a8    0000018c                                                       : tasks.o (.text.xTaskRemoveFromEventList)
                  00002b34    0000015c                                                       : timers.o (.text.prvProcessReceivedCommands)
                  00002c90    00000144                                                       : tasks.o (.text.vTaskPriorityDisinheritAfterTimeout)
                  00002dd4    00000128                                                       : tasks.o (.text.prvAddNewTaskToReadyList)
                  00002efc    00000128                                                       : tasks.o (.text.xTaskPriorityInherit)
                  00003024    00000114                                                       : port.o (.text.pxPortInitialiseStack)
                  00003138    0000010e                                                       : queue.o (.text.xQueueGiveFromISR)
                  00003246    00000002     libclang_rt.builtins.a : aeabi_div0.c.obj (.text.__aeabi_idiv0)
                  00003248    0000010c     freertos_builds_LP_MSPM0G3507_release_ticlang.lib : heap_4.o (.text.prvInsertBlockIntoFreeList)
                  00003354    0000010c                                                       : tasks.o (.text.vTaskSwitchContext)
                  00003460    00000104                                                       : tasks.o (.text.prvInitialiseNewTask)
                  00003564    000000fc     driverlib.a : dl_timer.o (.text.DL_Timer_initTimerMode)
                  00003660    000000f8     freertos_builds_LP_MSPM0G3507_release_ticlang.lib : heap_4.o (.text.vPortFree)
                  00003758    000000e4                                                       : tasks.o (.text.prvAddCurrentTaskToDelayedList)
                  0000383c    000000e4                                                       : queue.o (.text.xQueueGenericReset)
                  00003920    000000dc                                                       : tasks.o (.text.xTaskDelayUntil)
                  000039fc    000000cc                                                       : tasks.o (.text.prvCreateIdleTasks)
                  00003ac8    000000b6                                                       : queue.o (.text.prvUnlockQueue)
                  00003b7e    00000002     libclang_rt.builtins.a : aeabi_div0.c.obj (.text.__aeabi_ldiv0)
                  00003b80    000000b4     freertos_builds_LP_MSPM0G3507_release_ticlang.lib : tasks.o (.text.xTaskCheckForTimeOut)
                  00003c34    000000a2     libclang_rt.builtins.a : udivmoddi4.S.obj (.text)
                  00003cd6    00000002     --HOLE-- [fill = 0]
                  00003cd8    000000a0     freertos_builds_LP_MSPM0G3507_release_ticlang.lib : heap_4.o (.text.prvHeapInit)
                  00003d78    000000a0                                                       : queue.o (.text.xQueueGenericCreateStatic)
                  00003e18    0000009a     libc.a : memcpy16.S.obj (.text:memcpy)
                  00003eb2    00000098     freertos_builds_LP_MSPM0G3507_release_ticlang.lib : tasks.o (.text.prvCreateStaticTask)
                  00003f4a    00000094                                                       : queue.o (.text.xQueueGenericCreate)
                  00003fde    00000002     --HOLE-- [fill = 0]
                  00003fe0    0000008c                                                       : timers.o (.text.prvProcessTimerOrBlockTask)
                  0000406c    00000088     driverlib.a : dl_dac12.o (.text.DL_DAC12_init)
                  000040f4    00000084     freertos_builds_LP_MSPM0G3507_release_ticlang.lib : tasks.o (.text.prvCreateTask)
                  00004178    00000084                                                       : timers.o (.text.prvInsertTimerInActiveList)
                  000041fc    00000080                                                       : port.o (.text.xPortStartScheduler)
                  0000427c    0000007c                                                       : tasks.o (.text.prvInitialiseTaskLists)
                  000042f8    0000007c                                                       : timers.o (.text.xTimerCreateTimerTask)
                  00004374    0000007c     libc.a : copy_decompress_lzss.c.obj (.text:decompress:lzss)
                  000043f0    00000074     freertos_builds_LP_MSPM0G3507_release_ticlang.lib : tasks.o (.text.vTaskPlaceOnEventListRestricted)
                  00004464    0000006c                                                       : timers.o (.text.prvCheckForValidListAndQueue)
                  000044d0    0000006c                                                       : list.o (.text.vListInsert)
                  0000453c    0000006a                                                       : queue.o (.text.vQueueWaitForMessageRestricted)
                  000045a6    00000002     --HOLE-- [fill = 0]
                  000045a8    00000068                                                       : tasks.o (.text.vTaskStartScheduler)
                  00004610    00000062     libc.a : memset16.S.obj (.text:memset)
                  00004672    00000002     --HOLE-- [fill = 0]
                  00004674    00000060     ti_msp_dl_config.o (.text.SYSCFG_DL_UART_0_init)
                  000046d4    00000060     ti_msp_dl_config.o (.text.SYSCFG_DL_initPower)
                  00004734    00000050     ti_msp_dl_config.o (.text.SYSCFG_DL_TIMER_1_init)
                  00004784    00000050     freertos_builds_LP_MSPM0G3507_release_ticlang.lib : tasks.o (.text.prvCheckTasksWaitingTermination)
                  000047d4    00000050                                                       : tasks.o (.text.prvDeleteTCB)
                  00004824    00000050                                                       : timers.o (.text.prvProcessExpiredTimer)
                  00004874    0000004c     ti_msp_dl_config.o (.text.SYSCFG_DL_GPIO_init)
                  000048c0    0000004c     libc.a : snprintf.c.obj (.text.snprintf)
                  0000490c    0000004c     freertos_builds_LP_MSPM0G3507_release_ticlang.lib : tasks.o (.text.xTaskCreateStatic)
                  00004958    00000048     driverlib.a : dl_uart.o (.text.DL_UART_init)
                  000049a0    00000048     freertos_builds_LP_MSPM0G3507_release_ticlang.lib : list.o (.text.uxListRemove)
                  000049e8    00000048                                                       : tasks.o (.text.xTaskCreate)
                  00004a30    00000046                                                       : queue.o (.text.prvInitialiseNewQueue)
                  00004a76    0000000a     driverlib.a : dl_common.o (.text.DL_Common_delayCycles)
                  00004a80    00000044     freertos_builds_LP_MSPM0G3507_release_ticlang.lib : portasm.o (.text.PendSV_Handler)
                  00004ac4    00000044                                                       : queue.o (.text.prvCopyDataFromQueue)
                  00004b08    00000044                                                       : timers.o (.text.prvSwitchTimerLists)
                  00004b4c    00000040     driverlib.a : dl_adc12.o (.text.DL_ADC12_setClockConfig)
                  00004b8c    00000040     main.o (.text.TIMA0_IRQHandler)
                  00004bcc    00000040     libclang_rt.builtins.a : aeabi_uidivmod.S.obj (.text.__aeabi_uidivmod)
                  00004c0c    00000040     libc.a : atoi.c.obj (.text.atoi)
                  00004c4c    00000040     main.o (.text.vApplicationStackOverflowHook)
                  00004c8c    0000003c     freertos_builds_LP_MSPM0G3507_release_ticlang.lib : timers.o (.text.prvSampleTimeNow)
                  00004cc8    0000003c     libc.a : autoinit.c.obj (.text:__TI_auto_init_nobinit_nopinit)
                  00004d04    0000003a     libclang_rt.builtins.a : muldsi3.S.obj (.text.__muldsi3)
                  00004d3e    00000002     --HOLE-- [fill = 0]
                  00004d40    00000038     ti_msp_dl_config.o (.text.SYSCFG_DL_ADC12_0_init)
                  00004d78    00000038     ti_msp_dl_config.o (.text.SYSCFG_DL_TIMER_0_init)
                  00004db0    00000038     ti_msp_dl_config.o (.text.SYSCFG_DL_init)
                  00004de8    00000038     freertos_builds_LP_MSPM0G3507_release_ticlang.lib : timers.o (.text.prvGetNextExpireTime)
                  00004e20    00000038                                                       : tasks.o (.text.xTaskGetSchedulerState)
                  00004e58    00000036                                                       : timers.o (.text.prvReloadTimer)
                  00004e8e    00000002     --HOLE-- [fill = 0]
                  00004e90    00000034                                                       : tasks.o (.text.vTaskPlaceOnEventList)
                  00004ec4    00000030     driverlib.a : dl_uart.o (.text.DL_UART_transmitDataBlocking)
                  00004ef4    00000030     freertos_builds_LP_MSPM0G3507_release_ticlang.lib : port.o (.text.SysTick_Handler)
                  00004f24    00000030     libc.a : snprintf.c.obj (.text._outs)
                  00004f54    00000030     freertos_builds_LP_MSPM0G3507_release_ticlang.lib : tasks.o (.text.prvResetNextTaskUnblockTime)
                  00004f84    00000030                                                       : port.o (.text.prvTaskExitError)
                  00004fb4    0000002e                                                       : port.o (.text.vPortSVCHandler_C)
                  00004fe2    00000002     --HOLE-- [fill = 0]
                  00004fe4    0000002c     ti_msp_dl_config.o (.text.SYSCFG_DL_SYSCTL_init)
                  00005010    0000002c     freertos_builds_LP_MSPM0G3507_release_ticlang.lib : list.o (.text.vListInitialise)
                  0000503c    0000002c                                                       : port.o (.text.vPortExitCritical)
                  00005068    0000002a                                                       : queue.o (.text.prvIsQueueEmpty)
                  00005092    00000028                                                       : queue.o (.text.prvGetHighestPriorityOfWaitToReceiveList)
                  000050ba    00000002     --HOLE-- [fill = 0]
                  000050bc    00000028                                                       : StaticAllocs_freertos.o (.text.vApplicationGetIdleTaskMemory)
                  000050e4    00000028                                                       : StaticAllocs_freertos.o (.text.vApplicationGetTimerTaskMemory)
                  0000510c    00000028                                                       : port.o (.text.vPortSetupTimerInterrupt)
                  00005134    00000028     libc.a : boot_cortex_m.c.obj (.text:_c_int00_noargs)
                  0000515c    00000004     startup_mspm0g350x_ticlang.o (.text.Reset_Handler)
                  00005160    00000024     freertos_builds_LP_MSPM0G3507_release_ticlang.lib : portasm.o (.text.SVC_Handler)
                  00005184    00000024     ti_msp_dl_config.o (.text.SYSCFG_DL_DAC12_init)
                  000051a8    00000024     libclang_rt.builtins.a : muldi3.S.obj (.text.__muldi3)
                  000051cc    00000024     freertos_builds_LP_MSPM0G3507_release_ticlang.lib : tasks.o (.text.pvTaskIncrementMutexHeldCount)
                  000051f0    00000024                                                       : portasm.o (.text.vRestoreContextOfFirstTask)
                  00005214    00000022     libc.a : memccpy.c.obj (.text.memccpy)
                  00005236    00000002     --HOLE-- [fill = 0]
                  00005238    00000020     main.o (.text.TIMA1_IRQHandler)
                  00005258    00000020     timestamp.o (.text.ts_now)
                  00005278    00000020     freertos_builds_LP_MSPM0G3507_release_ticlang.lib : tasks.o (.text.vTaskInternalSetTimeOutState)
                  00005298    0000001e     libclang_rt.builtins.a : ashldi3.S.obj (.text.__ashldi3)
                  000052b6    0000001e     freertos_builds_LP_MSPM0G3507_release_ticlang.lib : timers.o (.text.prvTimerTask)
                  000052d4    0000001c     driverlib.a : dl_timer.o (.text.DL_Timer_setClockConfig)
                  000052f0    00000018     libc.a : snprintf.c.obj (.text._outc)
                  00005308    00000018     freertos_builds_LP_MSPM0G3507_release_ticlang.lib : port.o (.text.vPortEnterCritical)
                  00005320    00000018                                                       : port.o (.text.vPortYield)
                  00005338    00000014     libclang_rt.builtins.a : aeabi_uldivmod.S.obj (.text.__aeabi_uldivmod)
                  0000534c    00000014     freertos_builds_LP_MSPM0G3507_release_ticlang.lib : tasks.o (.text.xTaskGetTickCount)
                  00005360    00000012     driverlib.a : dl_uart.o (.text.DL_UART_setClockConfig)
                  00005372    00000012     libc.a : copy_decompress_none.c.obj (.text:decompress:none)
                  00005384    0000000c     libclang_rt.builtins.a : aeabi_memset.S.obj (.text.__aeabi_memclr)
                  00005390    00000010     freertos_builds_LP_MSPM0G3507_release_ticlang.lib : portasm.o (.text.vStartFirstTask)
                  000053a0    00000010                                                       : tasks.o (.text.vTaskSuspendAll)
                  000053b0    00000010     libc.a : wcslen.c.obj (.text.wcslen)
                  000053c0    00000010            : copy_zero_init.c.obj (.text:decompress:ZI)
                  000053d0    0000000e     libclang_rt.builtins.a : aeabi_memset.S.obj (.text.__aeabi_memset)
                  000053de    0000000e     freertos_builds_LP_MSPM0G3507_release_ticlang.lib : tasks.o (.text.prvIdleTask)
                  000053ec    0000000e     libc.a : _printfi.c.obj (.text.strlen)
                  000053fa    0000000e     freertos_builds_LP_MSPM0G3507_release_ticlang.lib : list.o (.text.vListInitialiseItem)
                  00005408    0000000c                                                       : tasks.o (.text.uxTaskGetNumberOfTasks)
                  00005414    0000000c                                                       : tasks.o (.text.vTaskMissedYield)
                  00005420    00000008     libc.a : aeabi_portable.c.obj (.text.__aeabi_errno_addr)
                  00005428    00000008     libclang_rt.builtins.a : aeabi_memcpy.S.obj (.text.__aeabi_memcpy)
                  00005430    00000008     freertos_builds_LP_MSPM0G3507_release_ticlang.lib : portasm.o (.text.ulSetInterruptMask)
                  00005438    00000006                                                       : portasm.o (.text.vClearInterruptMask)
                  0000543e    00000004     libc.a : pre_init.c.obj (.text._system_pre_init)
                  00005442    00000004            : exit.c.obj (.text:abort)
                  00005446    0000000a     --HOLE-- [fill = 0]

.cinit     0    00005780    00000040     
                  00005780    00000018     (.cinit..data.load) [load image, compression = lzss]
                  00005798    0000000c     (__TI_handler_table)
                  000057a4    00000008     (.cinit..bss.load) [load image, compression = zero_init]
                  000057ac    00000010     (__TI_cinit_table)
                  000057bc    00000004     --HOLE-- [fill = 0]

.rodata    0    00005450    00000330     
                  00005450    00000101     libc.a : aeabi_ctype.S.obj (.rodata:__aeabi_ctype_table_)
                  00005551    0000002a     main.o (.rodata.str1.4040285661218773341)
                  0000557b    00000029     main.o (.rodata.str1.121071377670202666191)
                  000055a4    00000028     main.o (.rodata.str1.104171602695964415641)
                  000055cc    00000028     main.o (.rodata.str1.107009124015742957301)
                  000055f4    00000028     main.o (.rodata.str1.139123098054563454261)
                  0000561c    00000027     main.o (.rodata.str1.32363810797562342041)
                  00005643    00000001     --HOLE-- [fill = 0]
                  00005644    00000020     ti_msp_dl_config.o (.rodata.gDAC12Config)
                  00005664    0000001d     main.o (.rodata.str1.111135633881262485691)
                  00005681    0000001c     main.o (.rodata.str1.14505639957244399431)
                  0000569d    00000017     main.o (.rodata.str1.36354060822049331541)
                  000056b4    00000014     ti_msp_dl_config.o (.rodata.gTIMER_0TimerConfig)
                  000056c8    00000014     ti_msp_dl_config.o (.rodata.gTIMER_1TimerConfig)
                  000056dc    00000013     main.o (.rodata.str1.128962870563899395191)
                  000056ef    00000011     libc.a : _printfi.c.obj (.rodata.str1.103488685894817597201)
                  00005700    00000011            : _printfi.c.obj (.rodata.str1.153638888446227384661)
                  00005711    00000001     --HOLE-- [fill = 0]
                  00005712    0000000a     ti_msp_dl_config.o (.rodata.gUART_0Config)
                  0000571c    0000000a     main.o (.rodata.str1.164552152177587026401)
                  00005726    00000009     main.o (.rodata.str1.30235616187663446621)
                  0000572f    00000001     --HOLE-- [fill = 0]
                  00005730    00000008     ti_msp_dl_config.o (.rodata.gADC12_0ClockConfig)
                  00005738    00000008     main.o (.rodata.str1.157592557656998809351)
                  00005740    00000008     freertos_builds_LP_MSPM0G3507_release_ticlang.lib : timers.o (.rodata.str1.183475180157509169831)
                  00005748    00000008     main.o (.rodata.str1.58265674741439123291)
                  00005750    00000007     main.o (.rodata.str1.182731374899196392841)
                  00005757    00000005     freertos_builds_LP_MSPM0G3507_release_ticlang.lib : tasks.o (.rodata.str1.162068611372385348101)
                  0000575c    00000005     main.o (.rodata.str1.6687673663783735341)
                  00005761    00000004     main.o (.rodata.str1.36708577533941217011)
                  00005765    00000003     ti_msp_dl_config.o (.rodata.gTIMER_0ClockConfig)
                  00005768    00000004     freertos_builds_LP_MSPM0G3507_release_ticlang.lib : tasks.o (.rodata.uxTopUsedPriority)
                  0000576c    00000003     ti_msp_dl_config.o (.rodata.gTIMER_1ClockConfig)
                  0000576f    00000002     ti_msp_dl_config.o (.rodata.gUART_0ClockConfig)
                  00005771    0000000f     --HOLE-- [fill = 0]

.init_array 
*          0    00000000    00000000     UNINITIALIZED

.binit     0    00000000    00000000     

.bss       0    20200000    00005d60     UNINITIALIZED
                  20200000    00005000     freertos_builds_LP_MSPM0G3507_release_ticlang.lib : heap_4.o (.bss.ucHeap)
                  20205000    00000200     main.o (.bss.adcRing)
                  20205200    00000200     freertos_builds_LP_MSPM0G3507_release_ticlang.lib : StaticAllocs_freertos.o (.bss.vApplicationGetIdleTaskMemory.uxIdleTaskStack)
                  20205400    00000200                                                       : StaticAllocs_freertos.o (.bss.vApplicationGetTimerTaskMemory.uxTimerTaskStack)
                  20205600    00000100     main.o (.bss.eventLatencyHistogram)
                  20205700    000000c8     freertos_builds_LP_MSPM0G3507_release_ticlang.lib : tasks.o (.bss.pxReadyTasksLists)
                  202057c8    000000bc     (.common:gTIMER_0Backup)
                  20205884    000000bc     (.common:gTIMER_1Backup)
                  20205940    00000078                                                       : timers.o (.bss.prvCheckForValidListAndQueue.ucStaticTimerQueueStorage)
                  202059b8    00000068                                                       : StaticAllocs_freertos.o (.bss.vApplicationGetIdleTaskMemory.xIdleTaskTCB)
                  20205a20    00000068                                                       : StaticAllocs_freertos.o (.bss.vApplicationGetTimerTaskMemory.xTimerTaskTCB)
                  20205a88    00000060     main.o (.bss.acqStats)
                  20205ae8    00000060     main.o (.bss.ctrlStats)
                  20205b48    00000060     main.o (.bss.eventStats)
                  20205ba8    00000060     main.o (.bss.logStats)
                  20205c08    00000060     main.o (.bss.uiStats)
                  20205c68    00000050     freertos_builds_LP_MSPM0G3507_release_ticlang.lib : timers.o (.bss.prvCheckForValidListAndQueue.xStaticTimerQueue)
                  20205cb8    00000014                                                       : timers.o (.bss.xActiveTimerList1)
                  20205ccc    00000014                                                       : timers.o (.bss.xActiveTimerList2)
                  20205ce0    00000014                                                       : tasks.o (.bss.xDelayedTaskList1)
                  20205cf4    00000014                                                       : tasks.o (.bss.xDelayedTaskList2)
                  20205d08    00000014                                                       : tasks.o (.bss.xPendingReadyList)
                  20205d1c    00000014                                                       : tasks.o (.bss.xSuspendedTaskList)
                  20205d30    00000014                                                       : tasks.o (.bss.xTasksWaitingTermination)
                  20205d44    00000008                                                       : heap_4.o (.bss.xStart)
                  20205d4c    00000004                                                       : timers.o (.bss.pxCurrentTimerList)
                  20205d50    00000004                                                       : tasks.o (.bss.pxDelayedTaskList)
                  20205d54    00000004                                                       : tasks.o (.bss.pxOverflowDelayedTaskList)
                  20205d58    00000004                                                       : timers.o (.bss.pxOverflowTimerList)
                  20205d5c    00000004                                                       : tasks.o (.bss.xIdleTaskHandles)

.data      0    20205d60    00000094     UNINITIALIZED
                  20205d60    00000008     main.o (.data.eventLatencyTotalUs)
                  20205d68    00000004     libc.a : aeabi_portable.c.obj (.data.__aeabi_errno)
                  20205d6c    00000004     main.o (.data.adcDroppedSamples)
                  20205d70    00000004     main.o (.data.adcReadIndex)
                  20205d74    00000004     main.o (.data.adcSampleCount)
                  20205d78    00000004     main.o (.data.adcWriteIndex)
                  20205d7c    00000004     main.o (.data.eventIsrCount)
                  20205d80    00000004     main.o (.data.eventIsrTime)
                  20205d84    00000004     main.o (.data.eventLatencyCount)
                  20205d88    00000004     main.o (.data.eventLatencyMaxUs)
                  20205d8c    00000004     main.o (.data.eventLatencyMinUs)
                  20205d90    00000004     main.o (.data.eventSemaphore)
                  20205d94    00000004     main.o (.data.eventTaskHandle)
                  20205d98    00000004     freertos_builds_LP_MSPM0G3507_release_ticlang.lib : timers.o (.data.prvSampleTimeNow.xLastTime)
                  20205d9c    00000004                                                       : tasks.o (.data.pxCurrentTCB)
                  20205da0    00000004                                                       : heap_4.o (.data.pxEnd)
                  20205da4    00000004     main.o (.data.timerOverflowCount)
                  20205da8    00000004     freertos_builds_LP_MSPM0G3507_release_ticlang.lib : port.o (.data.ulCriticalNesting)
                  20205dac    00000004                                                       : tasks.o (.data.uxCurrentNumberOfTasks)
                  20205db0    00000004                                                       : tasks.o (.data.uxDeletedTasksWaitingCleanUp)
                  20205db4    00000004                                                       : tasks.o (.data.uxSchedulerSuspended)
                  20205db8    00000004                                                       : tasks.o (.data.uxTaskNumber)
                  20205dbc    00000004                                                       : tasks.o (.data.uxTopReadyPriority)
                  20205dc0    00000004                                                       : heap_4.o (.data.xFreeBytesRemaining)
                  20205dc4    00000004                                                       : heap_4.o (.data.xMinimumEverFreeBytesRemaining)
                  20205dc8    00000004                                                       : tasks.o (.data.xNextTaskUnblockTime)
                  20205dcc    00000004                                                       : tasks.o (.data.xNumOfOverflows)
                  20205dd0    00000004                                                       : heap_4.o (.data.xNumberOfSuccessfulAllocations)
                  20205dd4    00000004                                                       : heap_4.o (.data.xNumberOfSuccessfulFrees)
                  20205dd8    00000004                                                       : tasks.o (.data.xPendedTicks)
                  20205ddc    00000004                                                       : tasks.o (.data.xSchedulerRunning)
                  20205de0    00000004                                                       : tasks.o (.data.xTickCount)
                  20205de4    00000004                                                       : timers.o (.data.xTimerQueue)
                  20205de8    00000004                                                       : timers.o (.data.xTimerTaskHandle)
                  20205dec    00000004                                                       : tasks.o (.data.xYieldPendings)
                  20205df0    00000002     main.o (.data.controlOutput)
                  20205df2    00000002     main.o (.data.lastAdcValue)

.stack     0    20207e00    00000200     UNINITIALIZED
                  20207e00    00000004     libc.a : boot_cortex_m.c.obj (.stack)
                  20207e04    000001fc     --HOLE--

__llvm_prf_cnts 
*          0    20200000    00000000     UNINITIALIZED

__llvm_prf_bits 
*          0    20200000    00000000     UNINITIALIZED

MODULE SUMMARY

       Module                         code    ro data   rw data
       ------                         ----    -------   -------
    .\
       main.o                         5888    392       1308   
       ti_msp_dl_config.o             596     98        376    
       timestamp.o                    32      0         0      
    +--+------------------------------+-------+---------+---------+
       Total:                         6516    490       1684   
                                                               
    .\freertos\ticlang\
       startup_mspm0g350x_ticlang.o   6       192       0      
    +--+------------------------------+-------+---------+---------+
       Total:                         6       192       0      
                                                               
    C:/Users/bense/workspace_ccstheia/freertos_builds_LP_MSPM0G3507_release_ticlang/Debug/freertos_builds_LP_MSPM0G3507_release_ticlang.lib
       heap_4.o                       1336    0         20508  
       tasks.o                        4938    9         360    
       queue.o                        2212    0         0      
       timers.o                       1200    8         260    
       StaticAllocs_freertos.o        80      0         1232   
       port.o                         678     0         4      
       list.o                         238     0         0      
       portasm.o                      170     0         0      
    +--+------------------------------+-------+---------+---------+
       Total:                         10852   17        22364  
                                                               
    C:/ti/mspm0_sdk_2_11_00_07/source/ti/driverlib/lib/ticlang/m0p/mspm0g1x0x_g3x0x/driverlib.a
       dl_timer.o                     280     0         0      
       dl_uart.o                      138     0         0      
       dl_dac12.o                     136     0         0      
       dl_adc12.o                     64      0         0      
       dl_common.o                    10      0         0      
    +--+------------------------------+-------+---------+---------+
       Total:                         628     0         0      
                                                               
    C:\ti\ccstheia151\ccs\tools\compiler\ti-cgt-armllvm_4.0.0.LTS\lib\armv6m-ti-none-eabi/c/libc.a
       _printfi.c.obj                 2166    34        0      
       aeabi_ctype.S.obj              0       257       0      
       memcpy16.S.obj                 154     0         0      
       snprintf.c.obj                 148     0         0      
       copy_decompress_lzss.c.obj     124     0         0      
       memset16.S.obj                 98      0         0      
       atoi.c.obj                     64      0         0      
       autoinit.c.obj                 60      0         0      
       boot_cortex_m.c.obj            40      0         0      
       memccpy.c.obj                  34      0         0      
       copy_decompress_none.c.obj     18      0         0      
       copy_zero_init.c.obj           16      0         0      
       wcslen.c.obj                   16      0         0      
       aeabi_portable.c.obj           8       0         4      
       exit.c.obj                     4       0         0      
       pre_init.c.obj                 4       0         0      
    +--+------------------------------+-------+---------+---------+
       Total:                         2954    291       4      
                                                               
    C:\ti\ccstheia151\ccs\tools\compiler\ti-cgt-armllvm_4.0.0.LTS\lib\armv6m-ti-none-eabi/libclang_rt.builtins.a
       udivmoddi4.S.obj               162     0         0      
       aeabi_uidivmod.S.obj           64      0         0      
       muldsi3.S.obj                  58      0         0      
       muldi3.S.obj                   36      0         0      
       ashldi3.S.obj                  30      0         0      
       aeabi_memset.S.obj             26      0         0      
       aeabi_uldivmod.S.obj           20      0         0      
       aeabi_memcpy.S.obj             8       0         0      
       aeabi_div0.c.obj               4       0         0      
    +--+------------------------------+-------+---------+---------+
       Total:                         408     0         0      
                                                               
       Stack:                         0       0         512    
       Linker Generated:              0       60        0      
    +--+------------------------------+-------+---------+---------+
       Grand Total:                   21364   1050      24564  


LINKER GENERATED COPY TABLES

__TI_cinit_table @ 000057ac records: 2, size/record: 8, table size: 16
	.data: load addr=00005780, load size=00000018 bytes, run addr=20205d60, run size=00000094 bytes, compression=lzss
	.bss: load addr=000057a4, load size=00000008 bytes, run addr=20200000, run size=00005d60 bytes, compression=zero_init


LINKER GENERATED HANDLER TABLE

__TI_handler_table @ 00005798 records: 3, size/record: 4, table size: 12
	index: 0, handler: __TI_decompress_lzss
	index: 1, handler: __TI_decompress_none
	index: 2, handler: __TI_zero_init


GLOBAL SYMBOLS: SORTED ALPHABETICALLY BY Name 

address   name                               
-------   ----                               
00002483  ADC0_IRQHandler                    
00002483  ADC1_IRQHandler                    
00002483  AES_IRQHandler                     
00005442  C$$EXIT                            
00002483  CANFD0_IRQHandler                  
00002483  DAC0_IRQHandler                    
00004b4d  DL_ADC12_setClockConfig            
00004a77  DL_Common_delayCycles              
0000406d  DL_DAC12_init                      
00003565  DL_Timer_initTimerMode             
000052d5  DL_Timer_setClockConfig            
00004959  DL_UART_init                       
00005361  DL_UART_setClockConfig             
00004ec5  DL_UART_transmitDataBlocking       
00002483  DMA_IRQHandler                     
00002483  Default_Handler                    
00002483  GROUP0_IRQHandler                  
00002483  GROUP1_IRQHandler                  
00002483  HardFault_Handler                  
00002483  I2C0_IRQHandler                    
00002483  I2C1_IRQHandler                    
00002483  NMI_Handler                        
00004a81  PendSV_Handler                     
00002483  RTC_IRQHandler                     
0000515d  Reset_Handler                      
00002483  SPI0_IRQHandler                    
00002483  SPI1_IRQHandler                    
00005161  SVC_Handler                        
00004d41  SYSCFG_DL_ADC12_0_init             
00005185  SYSCFG_DL_DAC12_init               
00004875  SYSCFG_DL_GPIO_init                
00004fe5  SYSCFG_DL_SYSCTL_init              
00004d79  SYSCFG_DL_TIMER_0_init             
00004735  SYSCFG_DL_TIMER_1_init             
00004675  SYSCFG_DL_UART_0_init              
00004db1  SYSCFG_DL_init                     
000046d5  SYSCFG_DL_initPower                
00004ef5  SysTick_Handler                    
00004b8d  TIMA0_IRQHandler                   
00005239  TIMA1_IRQHandler                   
00002483  TIMG0_IRQHandler                   
00002483  TIMG12_IRQHandler                  
00002483  TIMG6_IRQHandler                   
00002483  TIMG7_IRQHandler                   
00002483  TIMG8_IRQHandler                   
00002483  UART0_IRQHandler                   
00002483  UART1_IRQHandler                   
00002483  UART2_IRQHandler                   
00002483  UART3_IRQHandler                   
20208000  __STACK_END                        
00000200  __STACK_SIZE                       
00000000  __TI_ATRegion0_region_sz           
00000000  __TI_ATRegion0_src_addr            
00000000  __TI_ATRegion0_trg_addr            
00000000  __TI_ATRegion1_region_sz           
00000000  __TI_ATRegion1_src_addr            
00000000  __TI_ATRegion1_trg_addr            
00000000  __TI_ATRegion2_region_sz           
00000000  __TI_ATRegion2_src_addr            
00000000  __TI_ATRegion2_trg_addr            
000057ac  __TI_CINIT_Base                    
000057bc  __TI_CINIT_Limit                   
000057bc  __TI_CINIT_Warm                    
00005798  __TI_Handler_Table_Base            
000057a4  __TI_Handler_Table_Limit           
00004cc9  __TI_auto_init_nobinit_nopinit     
00004375  __TI_decompress_lzss               
00005373  __TI_decompress_none               
ffffffff  __TI_pprof_out_hndl                
000000c1  __TI_printfi_nofloat               
ffffffff  __TI_prof_data_size                
ffffffff  __TI_prof_data_start               
00000000  __TI_static_base__                 
000053c1  __TI_zero_init                     
00005450  __aeabi_ctype_table_               
00005450  __aeabi_ctype_table_C              
20205d68  __aeabi_errno                      
00005421  __aeabi_errno_addr                 
00003247  __aeabi_idiv0                      
00003b7f  __aeabi_ldiv0                      
00005299  __aeabi_llsl                       
000051a9  __aeabi_lmul                       
00005385  __aeabi_memclr                     
00005385  __aeabi_memclr4                    
00005385  __aeabi_memclr8                    
00005429  __aeabi_memcpy                     
00005429  __aeabi_memcpy4                    
00005429  __aeabi_memcpy8                    
000053d1  __aeabi_memset                     
000053d1  __aeabi_memset4                    
000053d1  __aeabi_memset8                    
00004bcd  __aeabi_uidiv                      
00004bcd  __aeabi_uidivmod                   
00005339  __aeabi_uldivmod                   
00005299  __ashldi3                          
ffffffff  __binit__                          
UNDEFED   __mpu_init                         
000051a9  __muldi3                           
00004d05  __muldsi3                          
20207e00  __stack                            
20200000  __start___llvm_prf_bits            
20200000  __start___llvm_prf_cnts            
20200000  __stop___llvm_prf_bits             
20200000  __stop___llvm_prf_cnts             
00003c35  __udivmoddi4                       
00005135  _c_int00_noargs                    
UNDEFED   _system_post_cinit                 
0000543f  _system_pre_init                   
00005443  abort                              
00004c0d  atoi                               
ffffffff  binit                              
20205d7c  eventIsrCount                      
20205d80  eventIsrTime                       
202057c8  gTIMER_0Backup                     
20205884  gTIMER_1Backup                     
00000000  interruptVectors                   
000014dd  main                               
00005215  memccpy                            
00003e19  memcpy                             
00004611  memset                             
00001781  pvPortMalloc                       
000051cd  pvTaskIncrementMutexHeldCount      
20205d9c  pxCurrentTCB                       
00003025  pxPortInitialiseStack              
000048c1  snprintf                           
20205da4  timerOverflowCount                 
00005259  ts_now                             
00005431  ulSetInterruptMask                 
000049a1  uxListRemove                       
00005409  uxTaskGetNumberOfTasks             
000050bd  vApplicationGetIdleTaskMemory      
000050e5  vApplicationGetTimerTaskMemory     
00004c4d  vApplicationStackOverflowHook      
00005439  vClearInterruptMask                
00005011  vListInitialise                    
000053fb  vListInitialiseItem                
000044d1  vListInsert                        
00005309  vPortEnterCritical                 
0000503d  vPortExitCritical                  
00003661  vPortFree                          
00004fb5  vPortSVCHandler_C                  
0000510d  vPortSetupTimerInterrupt           
00005321  vPortYield                         
0000453d  vQueueWaitForMessageRestricted     
000051f1  vRestoreContextOfFirstTask         
00005391  vStartFirstTask                    
00005279  vTaskInternalSetTimeOutState       
00005415  vTaskMissedYield                   
00004e91  vTaskPlaceOnEventList              
000043f1  vTaskPlaceOnEventListRestricted    
00002c91  vTaskPriorityDisinheritAfterTimeout
000045a9  vTaskStartScheduler                
000053a1  vTaskSuspendAll                    
00003355  vTaskSwitchContext                 
000053b1  wcslen                             
000041fd  xPortStartScheduler                
00003f4b  xQueueGenericCreate                
00003d79  xQueueGenericCreateStatic          
0000383d  xQueueGenericReset                 
00003139  xQueueGiveFromISR                  
00002805  xQueueReceive                      
000022a5  xQueueSemaphoreTake                
00003b81  xTaskCheckForTimeOut               
000049e9  xTaskCreate                        
0000490d  xTaskCreateStatic                  
00003921  xTaskDelayUntil                    
00004e21  xTaskGetSchedulerState             
0000534d  xTaskGetTickCount                  
00001c91  xTaskIncrementTick                 
00002efd  xTaskPriorityInherit               
000029a9  xTaskRemoveFromEventList           
000020ad  xTaskResumeAll                     
000042f9  xTimerCreateTimerTask              


GLOBAL SYMBOLS: SORTED BY Symbol Address 

address   name                               
-------   ----                               
00000000  __TI_ATRegion0_region_sz           
00000000  __TI_ATRegion0_src_addr            
00000000  __TI_ATRegion0_trg_addr            
00000000  __TI_ATRegion1_region_sz           
00000000  __TI_ATRegion1_src_addr            
00000000  __TI_ATRegion1_trg_addr            
00000000  __TI_ATRegion2_region_sz           
00000000  __TI_ATRegion2_src_addr            
00000000  __TI_ATRegion2_trg_addr            
00000000  __TI_static_base__                 
00000000  interruptVectors                   
000000c1  __TI_printfi_nofloat               
00000200  __STACK_SIZE                       
000014dd  main                               
00001781  pvPortMalloc                       
00001c91  xTaskIncrementTick                 
000020ad  xTaskResumeAll                     
000022a5  xQueueSemaphoreTake                
00002483  ADC0_IRQHandler                    
00002483  ADC1_IRQHandler                    
00002483  AES_IRQHandler                     
00002483  CANFD0_IRQHandler                  
00002483  DAC0_IRQHandler                    
00002483  DMA_IRQHandler                     
00002483  Default_Handler                    
00002483  GROUP0_IRQHandler                  
00002483  GROUP1_IRQHandler                  
00002483  HardFault_Handler                  
00002483  I2C0_IRQHandler                    
00002483  I2C1_IRQHandler                    
00002483  NMI_Handler                        
00002483  RTC_IRQHandler                     
00002483  SPI0_IRQHandler                    
00002483  SPI1_IRQHandler                    
00002483  TIMG0_IRQHandler                   
00002483  TIMG12_IRQHandler                  
00002483  TIMG6_IRQHandler                   
00002483  TIMG7_IRQHandler                   
00002483  TIMG8_IRQHandler                   
00002483  UART0_IRQHandler                   
00002483  UART1_IRQHandler                   
00002483  UART2_IRQHandler                   
00002483  UART3_IRQHandler                   
00002805  xQueueReceive                      
000029a9  xTaskRemoveFromEventList           
00002c91  vTaskPriorityDisinheritAfterTimeout
00002efd  xTaskPriorityInherit               
00003025  pxPortInitialiseStack              
00003139  xQueueGiveFromISR                  
00003247  __aeabi_idiv0                      
00003355  vTaskSwitchContext                 
00003565  DL_Timer_initTimerMode             
00003661  vPortFree                          
0000383d  xQueueGenericReset                 
00003921  xTaskDelayUntil                    
00003b7f  __aeabi_ldiv0                      
00003b81  xTaskCheckForTimeOut               
00003c35  __udivmoddi4                       
00003d79  xQueueGenericCreateStatic          
00003e19  memcpy                             
00003f4b  xQueueGenericCreate                
0000406d  DL_DAC12_init                      
000041fd  xPortStartScheduler                
000042f9  xTimerCreateTimerTask              
00004375  __TI_decompress_lzss               
000043f1  vTaskPlaceOnEventListRestricted    
000044d1  vListInsert                        
0000453d  vQueueWaitForMessageRestricted     
000045a9  vTaskStartScheduler                
00004611  memset                             
00004675  SYSCFG_DL_UART_0_init              
000046d5  SYSCFG_DL_initPower                
00004735  SYSCFG_DL_TIMER_1_init             
00004875  SYSCFG_DL_GPIO_init                
000048c1  snprintf                           
0000490d  xTaskCreateStatic                  
00004959  DL_UART_init                       
000049a1  uxListRemove                       
000049e9  xTaskCreate                        
00004a77  DL_Common_delayCycles              
00004a81  PendSV_Handler                     
00004b4d  DL_ADC12_setClockConfig            
00004b8d  TIMA0_IRQHandler                   
00004bcd  __aeabi_uidiv                      
00004bcd  __aeabi_uidivmod                   
00004c0d  atoi                               
00004c4d  vApplicationStackOverflowHook      
00004cc9  __TI_auto_init_nobinit_nopinit     
00004d05  __muldsi3                          
00004d41  SYSCFG_DL_ADC12_0_init             
00004d79  SYSCFG_DL_TIMER_0_init             
00004db1  SYSCFG_DL_init                     
00004e21  xTaskGetSchedulerState             
00004e91  vTaskPlaceOnEventList              
00004ec5  DL_UART_transmitDataBlocking       
00004ef5  SysTick_Handler                    
00004fb5  vPortSVCHandler_C                  
00004fe5  SYSCFG_DL_SYSCTL_init              
00005011  vListInitialise                    
0000503d  vPortExitCritical                  
000050bd  vApplicationGetIdleTaskMemory      
000050e5  vApplicationGetTimerTaskMemory     
0000510d  vPortSetupTimerInterrupt           
00005135  _c_int00_noargs                    
0000515d  Reset_Handler                      
00005161  SVC_Handler                        
00005185  SYSCFG_DL_DAC12_init               
000051a9  __aeabi_lmul                       
000051a9  __muldi3                           
000051cd  pvTaskIncrementMutexHeldCount      
000051f1  vRestoreContextOfFirstTask         
00005215  memccpy                            
00005239  TIMA1_IRQHandler                   
00005259  ts_now                             
00005279  vTaskInternalSetTimeOutState       
00005299  __aeabi_llsl                       
00005299  __ashldi3                          
000052d5  DL_Timer_setClockConfig            
00005309  vPortEnterCritical                 
00005321  vPortYield                         
00005339  __aeabi_uldivmod                   
0000534d  xTaskGetTickCount                  
00005361  DL_UART_setClockConfig             
00005373  __TI_decompress_none               
00005385  __aeabi_memclr                     
00005385  __aeabi_memclr4                    
00005385  __aeabi_memclr8                    
00005391  vStartFirstTask                    
000053a1  vTaskSuspendAll                    
000053b1  wcslen                             
000053c1  __TI_zero_init                     
000053d1  __aeabi_memset                     
000053d1  __aeabi_memset4                    
000053d1  __aeabi_memset8                    
000053fb  vListInitialiseItem                
00005409  uxTaskGetNumberOfTasks             
00005415  vTaskMissedYield                   
00005421  __aeabi_errno_addr                 
00005429  __aeabi_memcpy                     
00005429  __aeabi_memcpy4                    
00005429  __aeabi_memcpy8                    
00005431  ulSetInterruptMask                 
00005439  vClearInterruptMask                
0000543f  _system_pre_init                   
00005442  C$$EXIT                            
00005443  abort                              
00005450  __aeabi_ctype_table_               
00005450  __aeabi_ctype_table_C              
00005798  __TI_Handler_Table_Base            
000057a4  __TI_Handler_Table_Limit           
000057ac  __TI_CINIT_Base                    
000057bc  __TI_CINIT_Limit                   
000057bc  __TI_CINIT_Warm                    
20200000  __start___llvm_prf_bits            
20200000  __start___llvm_prf_cnts            
20200000  __stop___llvm_prf_bits             
20200000  __stop___llvm_prf_cnts             
202057c8  gTIMER_0Backup                     
20205884  gTIMER_1Backup                     
20205d68  __aeabi_errno                      
20205d7c  eventIsrCount                      
20205d80  eventIsrTime                       
20205d9c  pxCurrentTCB                       
20205da4  timerOverflowCount                 
20207e00  __stack                            
20208000  __STACK_END                        
ffffffff  __TI_pprof_out_hndl                
ffffffff  __TI_prof_data_size                
ffffffff  __TI_prof_data_start               
ffffffff  __binit__                          
ffffffff  binit                              
UNDEFED   __mpu_init                         
UNDEFED   _system_post_cinit                 

[173 symbols]
