<?xml version="1.0" encoding="ISO-8859-1" ?>
<link_info>
   <banner>TI ARM Clang Linker PC v4.0.0.LTS</banner>
   <copyright>Copyright (c) 1996-2018 Texas Instruments Incorporated</copyright>
   <command_line>C:\ti\ccstheia151\ccs\tools\compiler\ti-cgt-armllvm_4.0.0.LTS\bin\tiarmlnk -IC:\ti\ccstheia151\ccs\tools\compiler\ti-cgt-armllvm_4.0.0.LTS\lib -o blink_led_LP_MSPM0G3507_freertos_ticlang.out -mblink_led_LP_MSPM0G3507_freertos_ticlang.map -iC:/Users/bense/workspace_ccstheia/freertos_builds_LP_MSPM0G3507_release_ticlang/Debug -iC:/ti/mspm0_sdk_2_11_00_07/source -iC:/Users/bense/workspace_ccstheia/blink_led_LP_MSPM0G3507_freertos_ticlang -iC:/Users/bense/workspace_ccstheia/blink_led_LP_MSPM0G3507_freertos_ticlang/Debug/syscfg -iC:/ti/ccstheia151/ccs/tools/compiler/ti-cgt-armllvm_4.0.0.LTS/lib --diag_wrap=off --display_error_number --warn_sections --xml_link_info=blink_led_LP_MSPM0G3507_freertos_ticlang_linkInfo.xml --rom_model ./ti_msp_dl_config.o ./main-blinky.o ./main.o ./timestamp.o ./freertos/ticlang/startup_mspm0g350x_ticlang.o ../mspm0g3507.cmd -lfreertos_builds_LP_MSPM0G3507_release_ticlang.lib -lC:/ti/mspm0_sdk_2_11_00_07/source/ti/driverlib/lib/ticlang/m0p/mspm0g1x0x_g3x0x/driverlib.a -llibc.a --start-group -llibc++.a -llibc++abi.a -llibc.a -llibsys.a -llibsysbm.a -llibclang_rt.builtins.a -llibclang_rt.profile.a --end-group --cg_opt_level=2</command_line>
   <link_time>0x6ab47826</link_time>
   <link_errors>0x0</link_errors>
   <output_file>C:\Users\bense\workspace_ccstheia\blink_led_LP_MSPM0G3507_freertos_ticlang\Debug\blink_led_LP_MSPM0G3507_freertos_ticlang.out</output_file>
   <entry_point>
      <name>_c_int00_noargs</name>
      <address>0x5135</address>
   </entry_point>
   <input_file_list>
      <input_file id="fl-1">
         <path>C:\Users\bense\workspace_ccstheia\blink_led_LP_MSPM0G3507_freertos_ticlang\Debug\.\</path>
         <kind>object</kind>
         <file>ti_msp_dl_config.o</file>
         <name>ti_msp_dl_config.o</name>
      </input_file>
      <input_file id="fl-2">
         <path>C:\Users\bense\workspace_ccstheia\blink_led_LP_MSPM0G3507_freertos_ticlang\Debug\.\</path>
         <kind>object</kind>
         <file>main-blinky.o</file>
         <name>main-blinky.o</name>
      </input_file>
      <input_file id="fl-3">
         <path>C:\Users\bense\workspace_ccstheia\blink_led_LP_MSPM0G3507_freertos_ticlang\Debug\.\</path>
         <kind>object</kind>
         <file>main.o</file>
         <name>main.o</name>
      </input_file>
      <input_file id="fl-4">
         <path>C:\Users\bense\workspace_ccstheia\blink_led_LP_MSPM0G3507_freertos_ticlang\Debug\.\</path>
         <kind>object</kind>
         <file>timestamp.o</file>
         <name>timestamp.o</name>
      </input_file>
      <input_file id="fl-5">
         <path>C:\Users\bense\workspace_ccstheia\blink_led_LP_MSPM0G3507_freertos_ticlang\Debug\.\freertos\ticlang\</path>
         <kind>object</kind>
         <file>startup_mspm0g350x_ticlang.o</file>
         <name>startup_mspm0g350x_ticlang.o</name>
      </input_file>
      <input_file id="fl-12">
         <path>C:\Users\bense\workspace_ccstheia\blink_led_LP_MSPM0G3507_freertos_ticlang\Debug\</path>
         <kind>object</kind>
         <file>&lt;internal&gt;</file>
         <name>&lt;internal&gt;</name>
      </input_file>
      <input_file id="fl-13">
         <path>C:\Users\bense\workspace_ccstheia\freertos_builds_LP_MSPM0G3507_release_ticlang\Debug\</path>
         <kind>archive</kind>
         <file>freertos_builds_LP_MSPM0G3507_release_ticlang.lib</file>
         <name>queue.o</name>
      </input_file>
      <input_file id="fl-14">
         <path>C:\Users\bense\workspace_ccstheia\freertos_builds_LP_MSPM0G3507_release_ticlang\Debug\</path>
         <kind>archive</kind>
         <file>freertos_builds_LP_MSPM0G3507_release_ticlang.lib</file>
         <name>tasks.o</name>
      </input_file>
      <input_file id="fl-15">
         <path>C:\Users\bense\workspace_ccstheia\freertos_builds_LP_MSPM0G3507_release_ticlang\Debug\</path>
         <kind>archive</kind>
         <file>freertos_builds_LP_MSPM0G3507_release_ticlang.lib</file>
         <name>timers.o</name>
      </input_file>
      <input_file id="fl-16">
         <path>C:\Users\bense\workspace_ccstheia\freertos_builds_LP_MSPM0G3507_release_ticlang\Debug\</path>
         <kind>archive</kind>
         <file>freertos_builds_LP_MSPM0G3507_release_ticlang.lib</file>
         <name>port.o</name>
      </input_file>
      <input_file id="fl-17">
         <path>C:\Users\bense\workspace_ccstheia\freertos_builds_LP_MSPM0G3507_release_ticlang\Debug\</path>
         <kind>archive</kind>
         <file>freertos_builds_LP_MSPM0G3507_release_ticlang.lib</file>
         <name>portasm.o</name>
      </input_file>
      <input_file id="fl-18">
         <path>C:\Users\bense\workspace_ccstheia\freertos_builds_LP_MSPM0G3507_release_ticlang\Debug\</path>
         <kind>archive</kind>
         <file>freertos_builds_LP_MSPM0G3507_release_ticlang.lib</file>
         <name>PTLS.o</name>
      </input_file>
      <input_file id="fl-19">
         <path>C:\Users\bense\workspace_ccstheia\freertos_builds_LP_MSPM0G3507_release_ticlang\Debug\</path>
         <kind>archive</kind>
         <file>freertos_builds_LP_MSPM0G3507_release_ticlang.lib</file>
         <name>StaticAllocs_freertos.o</name>
      </input_file>
      <input_file id="fl-1a">
         <path>C:\Users\bense\workspace_ccstheia\freertos_builds_LP_MSPM0G3507_release_ticlang\Debug\</path>
         <kind>archive</kind>
         <file>freertos_builds_LP_MSPM0G3507_release_ticlang.lib</file>
         <name>heap_4.o</name>
      </input_file>
      <input_file id="fl-1b">
         <path>C:\Users\bense\workspace_ccstheia\freertos_builds_LP_MSPM0G3507_release_ticlang\Debug\</path>
         <kind>archive</kind>
         <file>freertos_builds_LP_MSPM0G3507_release_ticlang.lib</file>
         <name>list.o</name>
      </input_file>
      <input_file id="fl-1c">
         <path>C:\ti\mspm0_sdk_2_11_00_07\source\ti\driverlib\lib\ticlang\m0p\mspm0g1x0x_g3x0x\</path>
         <kind>archive</kind>
         <file>driverlib.a</file>
         <name>dl_adc12.o</name>
      </input_file>
      <input_file id="fl-1d">
         <path>C:\ti\mspm0_sdk_2_11_00_07\source\ti\driverlib\lib\ticlang\m0p\mspm0g1x0x_g3x0x\</path>
         <kind>archive</kind>
         <file>driverlib.a</file>
         <name>dl_common.o</name>
      </input_file>
      <input_file id="fl-1e">
         <path>C:\ti\mspm0_sdk_2_11_00_07\source\ti\driverlib\lib\ticlang\m0p\mspm0g1x0x_g3x0x\</path>
         <kind>archive</kind>
         <file>driverlib.a</file>
         <name>dl_dac12.o</name>
      </input_file>
      <input_file id="fl-1f">
         <path>C:\ti\mspm0_sdk_2_11_00_07\source\ti\driverlib\lib\ticlang\m0p\mspm0g1x0x_g3x0x\</path>
         <kind>archive</kind>
         <file>driverlib.a</file>
         <name>dl_timer.o</name>
      </input_file>
      <input_file id="fl-20">
         <path>C:\ti\mspm0_sdk_2_11_00_07\source\ti\driverlib\lib\ticlang\m0p\mspm0g1x0x_g3x0x\</path>
         <kind>archive</kind>
         <file>driverlib.a</file>
         <name>dl_uart.o</name>
      </input_file>
      <input_file id="fl-35">
         <path>C:\ti\ccstheia151\ccs\tools\compiler\ti-cgt-armllvm_4.0.0.LTS\lib\armv6m-ti-none-eabi\c\</path>
         <kind>archive</kind>
         <file>libc.a</file>
         <name>snprintf.c.obj</name>
      </input_file>
      <input_file id="fl-36">
         <path>C:\ti\ccstheia151\ccs\tools\compiler\ti-cgt-armllvm_4.0.0.LTS\lib\armv6m-ti-none-eabi\c\</path>
         <kind>archive</kind>
         <file>libc.a</file>
         <name>boot_cortex_m.c.obj</name>
      </input_file>
      <input_file id="fl-37">
         <path>C:\ti\ccstheia151\ccs\tools\compiler\ti-cgt-armllvm_4.0.0.LTS\lib\armv6m-ti-none-eabi\c\</path>
         <kind>archive</kind>
         <file>libc.a</file>
         <name>mathacl_init.c.obj</name>
      </input_file>
      <input_file id="fl-38">
         <path>C:\ti\ccstheia151\ccs\tools\compiler\ti-cgt-armllvm_4.0.0.LTS\lib\armv6m-ti-none-eabi\c\</path>
         <kind>archive</kind>
         <file>libc.a</file>
         <name>autoinit.c.obj</name>
      </input_file>
      <input_file id="fl-39">
         <path>C:\ti\ccstheia151\ccs\tools\compiler\ti-cgt-armllvm_4.0.0.LTS\lib\armv6m-ti-none-eabi\c\</path>
         <kind>archive</kind>
         <file>libc.a</file>
         <name>pre_init.c.obj</name>
      </input_file>
      <input_file id="fl-3a">
         <path>C:\ti\ccstheia151\ccs\tools\compiler\ti-cgt-armllvm_4.0.0.LTS\lib\armv6m-ti-none-eabi\c\</path>
         <kind>archive</kind>
         <file>libc.a</file>
         <name>cpy_tbl.c.obj</name>
      </input_file>
      <input_file id="fl-3b">
         <path>C:\ti\ccstheia151\ccs\tools\compiler\ti-cgt-armllvm_4.0.0.LTS\lib\armv6m-ti-none-eabi\c\</path>
         <kind>archive</kind>
         <file>libc.a</file>
         <name>copy_zero_init.c.obj</name>
      </input_file>
      <input_file id="fl-3c">
         <path>C:\ti\ccstheia151\ccs\tools\compiler\ti-cgt-armllvm_4.0.0.LTS\lib\armv6m-ti-none-eabi\c\</path>
         <kind>archive</kind>
         <file>libc.a</file>
         <name>copy_decompress_none.c.obj</name>
      </input_file>
      <input_file id="fl-3d">
         <path>C:\ti\ccstheia151\ccs\tools\compiler\ti-cgt-armllvm_4.0.0.LTS\lib\armv6m-ti-none-eabi\c\</path>
         <kind>archive</kind>
         <file>libc.a</file>
         <name>copy_decompress_lzss.c.obj</name>
      </input_file>
      <input_file id="fl-3e">
         <path>C:\ti\ccstheia151\ccs\tools\compiler\ti-cgt-armllvm_4.0.0.LTS\lib\armv6m-ti-none-eabi\c\</path>
         <kind>archive</kind>
         <file>libc.a</file>
         <name>_printfi.c.obj</name>
      </input_file>
      <input_file id="fl-3f">
         <path>C:\ti\ccstheia151\ccs\tools\compiler\ti-cgt-armllvm_4.0.0.LTS\lib\armv6m-ti-none-eabi\c\</path>
         <kind>archive</kind>
         <file>libc.a</file>
         <name>wcslen.c.obj</name>
      </input_file>
      <input_file id="fl-40">
         <path>C:\ti\ccstheia151\ccs\tools\compiler\ti-cgt-armllvm_4.0.0.LTS\lib\armv6m-ti-none-eabi\c\</path>
         <kind>archive</kind>
         <file>libc.a</file>
         <name>s_frexp.c.obj</name>
      </input_file>
      <input_file id="fl-41">
         <path>C:\ti\ccstheia151\ccs\tools\compiler\ti-cgt-armllvm_4.0.0.LTS\lib\armv6m-ti-none-eabi\c\</path>
         <kind>archive</kind>
         <file>libc.a</file>
         <name>s_scalbn.c.obj</name>
      </input_file>
      <input_file id="fl-42">
         <path>C:\ti\ccstheia151\ccs\tools\compiler\ti-cgt-armllvm_4.0.0.LTS\lib\armv6m-ti-none-eabi\c\</path>
         <kind>archive</kind>
         <file>libc.a</file>
         <name>aeabi_portable.c.obj</name>
      </input_file>
      <input_file id="fl-43">
         <path>C:\ti\ccstheia151\ccs\tools\compiler\ti-cgt-armllvm_4.0.0.LTS\lib\armv6m-ti-none-eabi\c\</path>
         <kind>archive</kind>
         <file>libc.a</file>
         <name>exit.c.obj</name>
      </input_file>
      <input_file id="fl-44">
         <path>C:\ti\ccstheia151\ccs\tools\compiler\ti-cgt-armllvm_4.0.0.LTS\lib\armv6m-ti-none-eabi\c\</path>
         <kind>archive</kind>
         <file>libc.a</file>
         <name>_lock.c.obj</name>
      </input_file>
      <input_file id="fl-45">
         <path>C:\ti\ccstheia151\ccs\tools\compiler\ti-cgt-armllvm_4.0.0.LTS\lib\armv6m-ti-none-eabi\c\</path>
         <kind>archive</kind>
         <file>libc.a</file>
         <name>_ltoa.c.obj</name>
      </input_file>
      <input_file id="fl-46">
         <path>C:\ti\ccstheia151\ccs\tools\compiler\ti-cgt-armllvm_4.0.0.LTS\lib\armv6m-ti-none-eabi\c\</path>
         <kind>archive</kind>
         <file>libc.a</file>
         <name>args_main.c.obj</name>
      </input_file>
      <input_file id="fl-47">
         <path>C:\ti\ccstheia151\ccs\tools\compiler\ti-cgt-armllvm_4.0.0.LTS\lib\armv6m-ti-none-eabi\c\</path>
         <kind>archive</kind>
         <file>libc.a</file>
         <name>assert.c.obj</name>
      </input_file>
      <input_file id="fl-48">
         <path>C:\ti\ccstheia151\ccs\tools\compiler\ti-cgt-armllvm_4.0.0.LTS\lib\armv6m-ti-none-eabi\c\</path>
         <kind>archive</kind>
         <file>libc.a</file>
         <name>atoi.c.obj</name>
      </input_file>
      <input_file id="fl-49">
         <path>C:\ti\ccstheia151\ccs\tools\compiler\ti-cgt-armllvm_4.0.0.LTS\lib\armv6m-ti-none-eabi\c\</path>
         <kind>archive</kind>
         <file>libc.a</file>
         <name>defs.c.obj</name>
      </input_file>
      <input_file id="fl-4a">
         <path>C:\ti\ccstheia151\ccs\tools\compiler\ti-cgt-armllvm_4.0.0.LTS\lib\armv6m-ti-none-eabi\c\</path>
         <kind>archive</kind>
         <file>libc.a</file>
         <name>memccpy.c.obj</name>
      </input_file>
      <input_file id="fl-4b">
         <path>C:\ti\ccstheia151\ccs\tools\compiler\ti-cgt-armllvm_4.0.0.LTS\lib\armv6m-ti-none-eabi\c\</path>
         <kind>archive</kind>
         <file>libc.a</file>
         <name>memory.c.obj</name>
      </input_file>
      <input_file id="fl-4c">
         <path>C:\ti\ccstheia151\ccs\tools\compiler\ti-cgt-armllvm_4.0.0.LTS\lib\armv6m-ti-none-eabi\c\</path>
         <kind>archive</kind>
         <file>libc.a</file>
         <name>sprintf.c.obj</name>
      </input_file>
      <input_file id="fl-4d">
         <path>C:\ti\ccstheia151\ccs\tools\compiler\ti-cgt-armllvm_4.0.0.LTS\lib\armv6m-ti-none-eabi\c\</path>
         <kind>archive</kind>
         <file>libc.a</file>
         <name>fflush.c.obj</name>
      </input_file>
      <input_file id="fl-4e">
         <path>C:\ti\ccstheia151\ccs\tools\compiler\ti-cgt-armllvm_4.0.0.LTS\lib\armv6m-ti-none-eabi\c\</path>
         <kind>archive</kind>
         <file>libc.a</file>
         <name>fputs.c.obj</name>
      </input_file>
      <input_file id="fl-4f">
         <path>C:\ti\ccstheia151\ccs\tools\compiler\ti-cgt-armllvm_4.0.0.LTS\lib\armv6m-ti-none-eabi\c\</path>
         <kind>archive</kind>
         <file>libc.a</file>
         <name>_io_perm.c.obj</name>
      </input_file>
      <input_file id="fl-50">
         <path>C:\ti\ccstheia151\ccs\tools\compiler\ti-cgt-armllvm_4.0.0.LTS\lib\armv6m-ti-none-eabi\c\</path>
         <kind>archive</kind>
         <file>libc.a</file>
         <name>setvbuf.c.obj</name>
      </input_file>
      <input_file id="fl-51">
         <path>C:\ti\ccstheia151\ccs\tools\compiler\ti-cgt-armllvm_4.0.0.LTS\lib\armv6m-ti-none-eabi\c\</path>
         <kind>archive</kind>
         <file>libc.a</file>
         <name>aeabi_ctype.S.obj</name>
      </input_file>
      <input_file id="fl-52">
         <path>C:\ti\ccstheia151\ccs\tools\compiler\ti-cgt-armllvm_4.0.0.LTS\lib\armv6m-ti-none-eabi\c\</path>
         <kind>archive</kind>
         <file>libc.a</file>
         <name>fopen.c.obj</name>
      </input_file>
      <input_file id="fl-53">
         <path>C:\ti\ccstheia151\ccs\tools\compiler\ti-cgt-armllvm_4.0.0.LTS\lib\armv6m-ti-none-eabi\c\</path>
         <kind>archive</kind>
         <file>libc.a</file>
         <name>fseek.c.obj</name>
      </input_file>
      <input_file id="fl-54">
         <path>C:\ti\ccstheia151\ccs\tools\compiler\ti-cgt-armllvm_4.0.0.LTS\lib\armv6m-ti-none-eabi\c\</path>
         <kind>archive</kind>
         <file>libc.a</file>
         <name>fclose.c.obj</name>
      </input_file>
      <input_file id="fl-ea">
         <path>C:\ti\ccstheia151\ccs\tools\compiler\ti-cgt-armllvm_4.0.0.LTS\lib\armv6m-ti-none-eabi\c\</path>
         <kind>archive</kind>
         <file>libsysbm.a</file>
         <name>write.c.obj</name>
      </input_file>
      <input_file id="fl-eb">
         <path>C:\ti\ccstheia151\ccs\tools\compiler\ti-cgt-armllvm_4.0.0.LTS\lib\armv6m-ti-none-eabi\c\</path>
         <kind>archive</kind>
         <file>libsysbm.a</file>
         <name>host_device.c.obj</name>
      </input_file>
      <input_file id="fl-ec">
         <path>C:\ti\ccstheia151\ccs\tools\compiler\ti-cgt-armllvm_4.0.0.LTS\lib\armv6m-ti-none-eabi\c\</path>
         <kind>archive</kind>
         <file>libsysbm.a</file>
         <name>remove.c.obj</name>
      </input_file>
      <input_file id="fl-ed">
         <path>C:\ti\ccstheia151\ccs\tools\compiler\ti-cgt-armllvm_4.0.0.LTS\lib\armv6m-ti-none-eabi\c\</path>
         <kind>archive</kind>
         <file>libsysbm.a</file>
         <name>open.c.obj</name>
      </input_file>
      <input_file id="fl-ee">
         <path>C:\ti\ccstheia151\ccs\tools\compiler\ti-cgt-armllvm_4.0.0.LTS\lib\armv6m-ti-none-eabi\c\</path>
         <kind>archive</kind>
         <file>libsysbm.a</file>
         <name>lseek.c.obj</name>
      </input_file>
      <input_file id="fl-ef">
         <path>C:\ti\ccstheia151\ccs\tools\compiler\ti-cgt-armllvm_4.0.0.LTS\lib\armv6m-ti-none-eabi\c\</path>
         <kind>archive</kind>
         <file>libsysbm.a</file>
         <name>close.c.obj</name>
      </input_file>
      <input_file id="fl-f0">
         <path>C:\ti\ccstheia151\ccs\tools\compiler\ti-cgt-armllvm_4.0.0.LTS\lib\armv6m-ti-none-eabi\c\</path>
         <kind>archive</kind>
         <file>libsysbm.a</file>
         <name>unlink.c.obj</name>
      </input_file>
      <input_file id="fl-f1">
         <path>C:\ti\ccstheia151\ccs\tools\compiler\ti-cgt-armllvm_4.0.0.LTS\lib\armv6m-ti-none-eabi\c\</path>
         <kind>archive</kind>
         <file>libsysbm.a</file>
         <name>hostclose.c.obj</name>
      </input_file>
      <input_file id="fl-f2">
         <path>C:\ti\ccstheia151\ccs\tools\compiler\ti-cgt-armllvm_4.0.0.LTS\lib\armv6m-ti-none-eabi\c\</path>
         <kind>archive</kind>
         <file>libsysbm.a</file>
         <name>hostlseek.c.obj</name>
      </input_file>
      <input_file id="fl-f3">
         <path>C:\ti\ccstheia151\ccs\tools\compiler\ti-cgt-armllvm_4.0.0.LTS\lib\armv6m-ti-none-eabi\c\</path>
         <kind>archive</kind>
         <file>libsysbm.a</file>
         <name>hostopen.c.obj</name>
      </input_file>
      <input_file id="fl-f4">
         <path>C:\ti\ccstheia151\ccs\tools\compiler\ti-cgt-armllvm_4.0.0.LTS\lib\armv6m-ti-none-eabi\c\</path>
         <kind>archive</kind>
         <file>libsysbm.a</file>
         <name>hostread.c.obj</name>
      </input_file>
      <input_file id="fl-f5">
         <path>C:\ti\ccstheia151\ccs\tools\compiler\ti-cgt-armllvm_4.0.0.LTS\lib\armv6m-ti-none-eabi\c\</path>
         <kind>archive</kind>
         <file>libsysbm.a</file>
         <name>hostrename.c.obj</name>
      </input_file>
      <input_file id="fl-f6">
         <path>C:\ti\ccstheia151\ccs\tools\compiler\ti-cgt-armllvm_4.0.0.LTS\lib\armv6m-ti-none-eabi\c\</path>
         <kind>archive</kind>
         <file>libsysbm.a</file>
         <name>hostunlink.c.obj</name>
      </input_file>
      <input_file id="fl-f7">
         <path>C:\ti\ccstheia151\ccs\tools\compiler\ti-cgt-armllvm_4.0.0.LTS\lib\armv6m-ti-none-eabi\c\</path>
         <kind>archive</kind>
         <file>libsysbm.a</file>
         <name>hostwrite.c.obj</name>
      </input_file>
      <input_file id="fl-f8">
         <path>C:\ti\ccstheia151\ccs\tools\compiler\ti-cgt-armllvm_4.0.0.LTS\lib\armv6m-ti-none-eabi\c\</path>
         <kind>archive</kind>
         <file>libsysbm.a</file>
         <name>trgmsg.c.obj</name>
      </input_file>
      <input_file id="fl-f9">
         <path>C:\ti\ccstheia151\ccs\tools\compiler\ti-cgt-armllvm_4.0.0.LTS\lib\armv6m-ti-none-eabi\</path>
         <kind>archive</kind>
         <file>libclang_rt.builtins.a</file>
         <name>adddf3.S.obj</name>
      </input_file>
      <input_file id="fl-fa">
         <path>C:\ti\ccstheia151\ccs\tools\compiler\ti-cgt-armllvm_4.0.0.LTS\lib\armv6m-ti-none-eabi\</path>
         <kind>archive</kind>
         <file>libclang_rt.builtins.a</file>
         <name>muldf3.S.obj</name>
      </input_file>
      <input_file id="fl-fb">
         <path>C:\ti\ccstheia151\ccs\tools\compiler\ti-cgt-armllvm_4.0.0.LTS\lib\armv6m-ti-none-eabi\</path>
         <kind>archive</kind>
         <file>libclang_rt.builtins.a</file>
         <name>muldsi3.S.obj</name>
      </input_file>
      <input_file id="fl-fc">
         <path>C:\ti\ccstheia151\ccs\tools\compiler\ti-cgt-armllvm_4.0.0.LTS\lib\armv6m-ti-none-eabi\</path>
         <kind>archive</kind>
         <file>libclang_rt.builtins.a</file>
         <name>divdf3.S.obj</name>
      </input_file>
      <input_file id="fl-fd">
         <path>C:\ti\ccstheia151\ccs\tools\compiler\ti-cgt-armllvm_4.0.0.LTS\lib\armv6m-ti-none-eabi\</path>
         <kind>archive</kind>
         <file>libclang_rt.builtins.a</file>
         <name>fixdfsi.S.obj</name>
      </input_file>
      <input_file id="fl-fe">
         <path>C:\ti\ccstheia151\ccs\tools\compiler\ti-cgt-armllvm_4.0.0.LTS\lib\armv6m-ti-none-eabi\</path>
         <kind>archive</kind>
         <file>libclang_rt.builtins.a</file>
         <name>floatsidf.S.obj</name>
      </input_file>
      <input_file id="fl-ff">
         <path>C:\ti\ccstheia151\ccs\tools\compiler\ti-cgt-armllvm_4.0.0.LTS\lib\armv6m-ti-none-eabi\</path>
         <kind>archive</kind>
         <file>libclang_rt.builtins.a</file>
         <name>muldi3.S.obj</name>
      </input_file>
      <input_file id="fl-100">
         <path>C:\ti\ccstheia151\ccs\tools\compiler\ti-cgt-armllvm_4.0.0.LTS\lib\armv6m-ti-none-eabi\</path>
         <kind>archive</kind>
         <file>libclang_rt.builtins.a</file>
         <name>aeabi_dcmp.S.obj</name>
      </input_file>
      <input_file id="fl-101">
         <path>C:\ti\ccstheia151\ccs\tools\compiler\ti-cgt-armllvm_4.0.0.LTS\lib\armv6m-ti-none-eabi\</path>
         <kind>archive</kind>
         <file>libclang_rt.builtins.a</file>
         <name>aeabi_idivmod.S.obj</name>
      </input_file>
      <input_file id="fl-102">
         <path>C:\ti\ccstheia151\ccs\tools\compiler\ti-cgt-armllvm_4.0.0.LTS\lib\armv6m-ti-none-eabi\</path>
         <kind>archive</kind>
         <file>libclang_rt.builtins.a</file>
         <name>aeabi_memcpy.S.obj</name>
      </input_file>
      <input_file id="fl-103">
         <path>C:\ti\ccstheia151\ccs\tools\compiler\ti-cgt-armllvm_4.0.0.LTS\lib\armv6m-ti-none-eabi\</path>
         <kind>archive</kind>
         <file>libclang_rt.builtins.a</file>
         <name>aeabi_memset.S.obj</name>
      </input_file>
      <input_file id="fl-104">
         <path>C:\ti\ccstheia151\ccs\tools\compiler\ti-cgt-armllvm_4.0.0.LTS\lib\armv6m-ti-none-eabi\</path>
         <kind>archive</kind>
         <file>libclang_rt.builtins.a</file>
         <name>aeabi_uidivmod.S.obj</name>
      </input_file>
      <input_file id="fl-105">
         <path>C:\ti\ccstheia151\ccs\tools\compiler\ti-cgt-armllvm_4.0.0.LTS\lib\armv6m-ti-none-eabi\</path>
         <kind>archive</kind>
         <file>libclang_rt.builtins.a</file>
         <name>aeabi_uldivmod.S.obj</name>
      </input_file>
      <input_file id="fl-106">
         <path>C:\ti\ccstheia151\ccs\tools\compiler\ti-cgt-armllvm_4.0.0.LTS\lib\armv6m-ti-none-eabi\</path>
         <kind>archive</kind>
         <file>libclang_rt.builtins.a</file>
         <name>udivmoddi4.S.obj</name>
      </input_file>
      <input_file id="fl-107">
         <path>C:\ti\ccstheia151\ccs\tools\compiler\ti-cgt-armllvm_4.0.0.LTS\lib\armv6m-ti-none-eabi\</path>
         <kind>archive</kind>
         <file>libclang_rt.builtins.a</file>
         <name>ashldi3.S.obj</name>
      </input_file>
      <input_file id="fl-108">
         <path>C:\ti\ccstheia151\ccs\tools\compiler\ti-cgt-armllvm_4.0.0.LTS\lib\armv6m-ti-none-eabi\</path>
         <kind>archive</kind>
         <file>libclang_rt.builtins.a</file>
         <name>comparedf2.c.obj</name>
      </input_file>
      <input_file id="fl-109">
         <path>C:\ti\ccstheia151\ccs\tools\compiler\ti-cgt-armllvm_4.0.0.LTS\lib\armv6m-ti-none-eabi\</path>
         <kind>archive</kind>
         <file>libclang_rt.builtins.a</file>
         <name>aeabi_div0.c.obj</name>
      </input_file>
      <input_file id="fl-10a">
         <path>C:\ti\ccstheia151\ccs\tools\compiler\ti-cgt-armllvm_4.0.0.LTS\lib\armv6m-ti-none-eabi\c\</path>
         <kind>archive</kind>
         <file>libc.a</file>
         <name>getdevice.c.obj</name>
      </input_file>
      <input_file id="fl-10b">
         <path>C:\ti\ccstheia151\ccs\tools\compiler\ti-cgt-armllvm_4.0.0.LTS\lib\armv6m-ti-none-eabi\c\</path>
         <kind>archive</kind>
         <file>libc.a</file>
         <name>memcpy16.S.obj</name>
      </input_file>
      <input_file id="fl-10c">
         <path>C:\ti\ccstheia151\ccs\tools\compiler\ti-cgt-armllvm_4.0.0.LTS\lib\armv6m-ti-none-eabi\c\</path>
         <kind>archive</kind>
         <file>libc.a</file>
         <name>memset16.S.obj</name>
      </input_file>
      <input_file id="fl-10d">
         <path>C:\ti\ccstheia151\ccs\tools\compiler\ti-cgt-armllvm_4.0.0.LTS\lib\armv6m-ti-none-eabi\c\</path>
         <kind>archive</kind>
         <file>libc.a</file>
         <name>strcmp-armv6m.S.obj</name>
      </input_file>
   </input_file_list>
   <object_component_list>
      <object_component id="oc-18">
         <name>.intvecs</name>
         <load_address>0x0</load_address>
         <readonly>true</readonly>
         <run_address>0x0</run_address>
         <size>0xc0</size>
         <alignment>0x4</alignment>
         <input_file_ref idref="fl-5"/>
      </object_component>
      <object_component id="oc-180">
         <name>.text:__TI_printfi_nofloat</name>
         <load_address>0xc0</load_address>
         <readonly>true</readonly>
         <executable>true</executable>
         <run_address>0xc0</run_address>
         <size>0x868</size>
         <alignment>0x4</alignment>
         <input_file_ref idref="fl-3e"/>
      </object_component>
      <object_component id="oc-e0">
         <name>.text.LogTask</name>
         <load_address>0x928</load_address>
         <readonly>true</readonly>
         <executable>true</executable>
         <run_address>0x928</run_address>
         <size>0x838</size>
         <alignment>0x4</alignment>
         <input_file_ref idref="fl-3"/>
      </object_component>
      <object_component id="oc-dc">
         <name>.text.CtrlTask</name>
         <load_address>0x1160</load_address>
         <readonly>true</readonly>
         <executable>true</executable>
         <run_address>0x1160</run_address>
         <size>0x37c</size>
         <alignment>0x4</alignment>
         <input_file_ref idref="fl-3"/>
      </object_component>
      <object_component id="oc-9a">
         <name>.text.main</name>
         <load_address>0x14dc</load_address>
         <readonly>true</readonly>
         <executable>true</executable>
         <run_address>0x14dc</run_address>
         <size>0x2a4</size>
         <alignment>0x4</alignment>
         <input_file_ref idref="fl-3"/>
      </object_component>
      <object_component id="oc-11c">
         <name>.text.pvPortMalloc</name>
         <load_address>0x1780</load_address>
         <readonly>true</readonly>
         <executable>true</executable>
         <run_address>0x1780</run_address>
         <size>0x294</size>
         <alignment>0x4</alignment>
         <input_file_ref idref="fl-1a"/>
      </object_component>
      <object_component id="oc-da">
         <name>.text.EventTask</name>
         <load_address>0x1a14</load_address>
         <readonly>true</readonly>
         <executable>true</executable>
         <run_address>0x1a14</run_address>
         <size>0x27c</size>
         <alignment>0x4</alignment>
         <input_file_ref idref="fl-3"/>
      </object_component>
      <object_component id="oc-7c">
         <name>.text.xTaskIncrementTick</name>
         <load_address>0x1c90</load_address>
         <readonly>true</readonly>
         <executable>true</executable>
         <run_address>0x1c90</run_address>
         <size>0x210</size>
         <alignment>0x4</alignment>
         <input_file_ref idref="fl-14"/>
      </object_component>
      <object_component id="oc-d7">
         <name>.text.AcqTask</name>
         <load_address>0x1ea0</load_address>
         <readonly>true</readonly>
         <executable>true</executable>
         <run_address>0x1ea0</run_address>
         <size>0x20c</size>
         <alignment>0x4</alignment>
         <input_file_ref idref="fl-3"/>
      </object_component>
      <object_component id="oc-18a">
         <name>.text.xTaskResumeAll</name>
         <load_address>0x20ac</load_address>
         <readonly>true</readonly>
         <executable>true</executable>
         <run_address>0x20ac</run_address>
         <size>0x1f8</size>
         <alignment>0x4</alignment>
         <input_file_ref idref="fl-14"/>
      </object_component>
      <object_component id="oc-135">
         <name>.text.xQueueSemaphoreTake</name>
         <load_address>0x22a4</load_address>
         <readonly>true</readonly>
         <executable>true</executable>
         <run_address>0x22a4</run_address>
         <size>0x1de</size>
         <alignment>0x2</alignment>
         <input_file_ref idref="fl-13"/>
      </object_component>
      <object_component id="oc-3e">
         <name>.text.Default_Handler</name>
         <load_address>0x2482</load_address>
         <readonly>true</readonly>
         <executable>true</executable>
         <run_address>0x2482</run_address>
         <size>0x2</size>
         <alignment>0x2</alignment>
         <input_file_ref idref="fl-5"/>
      </object_component>
      <object_component id="oc-de">
         <name>.text.UiTask</name>
         <load_address>0x2484</load_address>
         <readonly>true</readonly>
         <executable>true</executable>
         <run_address>0x2484</run_address>
         <size>0x1c4</size>
         <alignment>0x4</alignment>
         <input_file_ref idref="fl-3"/>
      </object_component>
      <object_component id="oc-140">
         <name>.text.logHistogram</name>
         <load_address>0x2648</load_address>
         <readonly>true</readonly>
         <executable>true</executable>
         <run_address>0x2648</run_address>
         <size>0x1bc</size>
         <alignment>0x4</alignment>
         <input_file_ref idref="fl-3"/>
      </object_component>
      <object_component id="oc-269">
         <name>.text.xQueueReceive</name>
         <load_address>0x2804</load_address>
         <readonly>true</readonly>
         <executable>true</executable>
         <run_address>0x2804</run_address>
         <size>0x1a4</size>
         <alignment>0x2</alignment>
         <input_file_ref idref="fl-13"/>
      </object_component>
      <object_component id="oc-af">
         <name>.text.xTaskRemoveFromEventList</name>
         <load_address>0x29a8</load_address>
         <readonly>true</readonly>
         <executable>true</executable>
         <run_address>0x29a8</run_address>
         <size>0x18c</size>
         <alignment>0x4</alignment>
         <input_file_ref idref="fl-14"/>
      </object_component>
      <object_component id="oc-216">
         <name>.text.prvProcessReceivedCommands</name>
         <load_address>0x2b34</load_address>
         <readonly>true</readonly>
         <executable>true</executable>
         <run_address>0x2b34</run_address>
         <size>0x15c</size>
         <alignment>0x4</alignment>
         <input_file_ref idref="fl-15"/>
      </object_component>
      <object_component id="oc-1b8">
         <name>.text.vTaskPriorityDisinheritAfterTimeout</name>
         <load_address>0x2c90</load_address>
         <readonly>true</readonly>
         <executable>true</executable>
         <run_address>0x2c90</run_address>
         <size>0x144</size>
         <alignment>0x4</alignment>
         <input_file_ref idref="fl-14"/>
      </object_component>
      <object_component id="oc-123">
         <name>.text.prvAddNewTaskToReadyList</name>
         <load_address>0x2dd4</load_address>
         <readonly>true</readonly>
         <executable>true</executable>
         <run_address>0x2dd4</run_address>
         <size>0x128</size>
         <alignment>0x4</alignment>
         <input_file_ref idref="fl-14"/>
      </object_component>
      <object_component id="oc-1b4">
         <name>.text.xTaskPriorityInherit</name>
         <load_address>0x2efc</load_address>
         <readonly>true</readonly>
         <executable>true</executable>
         <run_address>0x2efc</run_address>
         <size>0x128</size>
         <alignment>0x4</alignment>
         <input_file_ref idref="fl-14"/>
      </object_component>
      <object_component id="oc-200">
         <name>.text.pxPortInitialiseStack</name>
         <load_address>0x3024</load_address>
         <readonly>true</readonly>
         <executable>true</executable>
         <run_address>0x3024</run_address>
         <size>0x114</size>
         <alignment>0x4</alignment>
         <input_file_ref idref="fl-16"/>
      </object_component>
      <object_component id="oc-82">
         <name>.text.xQueueGiveFromISR</name>
         <load_address>0x3138</load_address>
         <readonly>true</readonly>
         <executable>true</executable>
         <run_address>0x3138</run_address>
         <size>0x10e</size>
         <alignment>0x2</alignment>
         <input_file_ref idref="fl-13"/>
      </object_component>
      <object_component id="oc-182">
         <name>.text.__aeabi_idiv0</name>
         <load_address>0x3246</load_address>
         <readonly>true</readonly>
         <executable>true</executable>
         <run_address>0x3246</run_address>
         <size>0x2</size>
         <alignment>0x2</alignment>
         <input_file_ref idref="fl-109"/>
      </object_component>
      <object_component id="oc-1fd">
         <name>.text.prvInsertBlockIntoFreeList</name>
         <load_address>0x3248</load_address>
         <readonly>true</readonly>
         <executable>true</executable>
         <run_address>0x3248</run_address>
         <size>0x10c</size>
         <alignment>0x4</alignment>
         <input_file_ref idref="fl-1a"/>
      </object_component>
      <object_component id="oc-1c">
         <name>.text.vTaskSwitchContext</name>
         <load_address>0x3354</load_address>
         <readonly>true</readonly>
         <executable>true</executable>
         <run_address>0x3354</run_address>
         <size>0x10c</size>
         <alignment>0x4</alignment>
         <input_file_ref idref="fl-14"/>
      </object_component>
      <object_component id="oc-195">
         <name>.text.prvInitialiseNewTask</name>
         <load_address>0x3460</load_address>
         <readonly>true</readonly>
         <executable>true</executable>
         <run_address>0x3460</run_address>
         <size>0x104</size>
         <alignment>0x2</alignment>
         <input_file_ref idref="fl-14"/>
      </object_component>
      <object_component id="oc-163">
         <name>.text.DL_Timer_initTimerMode</name>
         <load_address>0x3564</load_address>
         <readonly>true</readonly>
         <executable>true</executable>
         <run_address>0x3564</run_address>
         <size>0xfc</size>
         <alignment>0x4</alignment>
         <input_file_ref idref="fl-1f"/>
      </object_component>
      <object_component id="oc-194">
         <name>.text.vPortFree</name>
         <load_address>0x3660</load_address>
         <readonly>true</readonly>
         <executable>true</executable>
         <run_address>0x3660</run_address>
         <size>0xf8</size>
         <alignment>0x4</alignment>
         <input_file_ref idref="fl-1a"/>
      </object_component>
      <object_component id="oc-1ae">
         <name>.text.prvAddCurrentTaskToDelayedList</name>
         <load_address>0x3758</load_address>
         <readonly>true</readonly>
         <executable>true</executable>
         <run_address>0x3758</run_address>
         <size>0xe4</size>
         <alignment>0x4</alignment>
         <input_file_ref idref="fl-14"/>
      </object_component>
      <object_component id="oc-193">
         <name>.text.xQueueGenericReset</name>
         <load_address>0x383c</load_address>
         <readonly>true</readonly>
         <executable>true</executable>
         <run_address>0x383c</run_address>
         <size>0xe4</size>
         <alignment>0x2</alignment>
         <input_file_ref idref="fl-13"/>
      </object_component>
      <object_component id="oc-12e">
         <name>.text.xTaskDelayUntil</name>
         <load_address>0x3920</load_address>
         <readonly>true</readonly>
         <executable>true</executable>
         <run_address>0x3920</run_address>
         <size>0xdc</size>
         <alignment>0x4</alignment>
         <input_file_ref idref="fl-14"/>
      </object_component>
      <object_component id="oc-124">
         <name>.text.prvCreateIdleTasks</name>
         <load_address>0x39fc</load_address>
         <readonly>true</readonly>
         <executable>true</executable>
         <run_address>0x39fc</run_address>
         <size>0xcc</size>
         <alignment>0x4</alignment>
         <input_file_ref idref="fl-14"/>
      </object_component>
      <object_component id="oc-1b6">
         <name>.text.prvUnlockQueue</name>
         <load_address>0x3ac8</load_address>
         <readonly>true</readonly>
         <executable>true</executable>
         <run_address>0x3ac8</run_address>
         <size>0xb6</size>
         <alignment>0x2</alignment>
         <input_file_ref idref="fl-13"/>
      </object_component>
      <object_component id="oc-21a">
         <name>.text.__aeabi_ldiv0</name>
         <load_address>0x3b7e</load_address>
         <readonly>true</readonly>
         <executable>true</executable>
         <run_address>0x3b7e</run_address>
         <size>0x2</size>
         <alignment>0x2</alignment>
         <input_file_ref idref="fl-109"/>
      </object_component>
      <object_component id="oc-1b2">
         <name>.text.xTaskCheckForTimeOut</name>
         <load_address>0x3b80</load_address>
         <readonly>true</readonly>
         <executable>true</executable>
         <run_address>0x3b80</run_address>
         <size>0xb4</size>
         <alignment>0x4</alignment>
         <input_file_ref idref="fl-14"/>
      </object_component>
      <object_component id="oc-1bb">
         <name>.text</name>
         <load_address>0x3c34</load_address>
         <readonly>true</readonly>
         <executable>true</executable>
         <run_address>0x3c34</run_address>
         <size>0xa2</size>
         <alignment>0x4</alignment>
         <input_file_ref idref="fl-106"/>
      </object_component>
      <object_component id="oc-189">
         <name>.text.prvHeapInit</name>
         <load_address>0x3cd8</load_address>
         <readonly>true</readonly>
         <executable>true</executable>
         <run_address>0x3cd8</run_address>
         <size>0xa0</size>
         <alignment>0x4</alignment>
         <input_file_ref idref="fl-1a"/>
      </object_component>
      <object_component id="oc-20b">
         <name>.text.xQueueGenericCreateStatic</name>
         <load_address>0x3d78</load_address>
         <readonly>true</readonly>
         <executable>true</executable>
         <run_address>0x3d78</run_address>
         <size>0xa0</size>
         <alignment>0x2</alignment>
         <input_file_ref idref="fl-13"/>
      </object_component>
      <object_component id="oc-b8">
         <name>.text:memcpy</name>
         <load_address>0x3e18</load_address>
         <readonly>true</readonly>
         <executable>true</executable>
         <run_address>0x3e18</run_address>
         <size>0x9a</size>
         <alignment>0x1</alignment>
         <input_file_ref idref="fl-10b"/>
      </object_component>
      <object_component id="oc-209">
         <name>.text.prvCreateStaticTask</name>
         <load_address>0x3eb2</load_address>
         <readonly>true</readonly>
         <executable>true</executable>
         <run_address>0x3eb2</run_address>
         <size>0x98</size>
         <alignment>0x2</alignment>
         <input_file_ref idref="fl-14"/>
      </object_component>
      <object_component id="oc-ce">
         <name>.text.xQueueGenericCreate</name>
         <load_address>0x3f4a</load_address>
         <readonly>true</readonly>
         <executable>true</executable>
         <run_address>0x3f4a</run_address>
         <size>0x94</size>
         <alignment>0x2</alignment>
         <input_file_ref idref="fl-13"/>
      </object_component>
      <object_component id="oc-215">
         <name>.text.prvProcessTimerOrBlockTask</name>
         <load_address>0x3fe0</load_address>
         <readonly>true</readonly>
         <executable>true</executable>
         <run_address>0x3fe0</run_address>
         <size>0x8c</size>
         <alignment>0x4</alignment>
         <input_file_ref idref="fl-15"/>
      </object_component>
      <object_component id="oc-173">
         <name>.text.DL_DAC12_init</name>
         <load_address>0x406c</load_address>
         <readonly>true</readonly>
         <executable>true</executable>
         <run_address>0x406c</run_address>
         <size>0x88</size>
         <alignment>0x4</alignment>
         <input_file_ref idref="fl-1e"/>
      </object_component>
      <object_component id="oc-122">
         <name>.text.prvCreateTask</name>
         <load_address>0x40f4</load_address>
         <readonly>true</readonly>
         <executable>true</executable>
         <run_address>0x40f4</run_address>
         <size>0x84</size>
         <alignment>0x2</alignment>
         <input_file_ref idref="fl-14"/>
      </object_component>
      <object_component id="oc-26a">
         <name>.text.prvInsertTimerInActiveList</name>
         <load_address>0x4178</load_address>
         <readonly>true</readonly>
         <executable>true</executable>
         <run_address>0x4178</run_address>
         <size>0x84</size>
         <alignment>0x4</alignment>
         <input_file_ref idref="fl-15"/>
      </object_component>
      <object_component id="oc-12a">
         <name>.text.xPortStartScheduler</name>
         <load_address>0x41fc</load_address>
         <readonly>true</readonly>
         <executable>true</executable>
         <run_address>0x41fc</run_address>
         <size>0x80</size>
         <alignment>0x4</alignment>
         <input_file_ref idref="fl-16"/>
      </object_component>
      <object_component id="oc-196">
         <name>.text.prvInitialiseTaskLists</name>
         <load_address>0x427c</load_address>
         <readonly>true</readonly>
         <executable>true</executable>
         <run_address>0x427c</run_address>
         <size>0x7c</size>
         <alignment>0x4</alignment>
         <input_file_ref idref="fl-14"/>
      </object_component>
      <object_component id="oc-125">
         <name>.text.xTimerCreateTimerTask</name>
         <load_address>0x42f8</load_address>
         <readonly>true</readonly>
         <executable>true</executable>
         <run_address>0x42f8</run_address>
         <size>0x7c</size>
         <alignment>0x4</alignment>
         <input_file_ref idref="fl-15"/>
      </object_component>
      <object_component id="oc-27">
         <name>.text:decompress:lzss</name>
         <load_address>0x4374</load_address>
         <readonly>true</readonly>
         <executable>true</executable>
         <run_address>0x4374</run_address>
         <size>0x7c</size>
         <alignment>0x4</alignment>
         <input_file_ref idref="fl-3d"/>
      </object_component>
      <object_component id="oc-284">
         <name>.text.vTaskPlaceOnEventListRestricted</name>
         <load_address>0x43f0</load_address>
         <readonly>true</readonly>
         <executable>true</executable>
         <run_address>0x43f0</run_address>
         <size>0x74</size>
         <alignment>0x4</alignment>
         <input_file_ref idref="fl-14"/>
      </object_component>
      <object_component id="oc-1a2">
         <name>.text.prvCheckForValidListAndQueue</name>
         <load_address>0x4464</load_address>
         <readonly>true</readonly>
         <executable>true</executable>
         <run_address>0x4464</run_address>
         <size>0x6c</size>
         <alignment>0x4</alignment>
         <input_file_ref idref="fl-15"/>
      </object_component>
      <object_component id="oc-218">
         <name>.text.vListInsert</name>
         <load_address>0x44d0</load_address>
         <readonly>true</readonly>
         <executable>true</executable>
         <run_address>0x44d0</run_address>
         <size>0x6c</size>
         <alignment>0x2</alignment>
         <input_file_ref idref="fl-1b"/>
      </object_component>
      <object_component id="oc-268">
         <name>.text.vQueueWaitForMessageRestricted</name>
         <load_address>0x453c</load_address>
         <readonly>true</readonly>
         <executable>true</executable>
         <run_address>0x453c</run_address>
         <size>0x6a</size>
         <alignment>0x2</alignment>
         <input_file_ref idref="fl-13"/>
      </object_component>
      <object_component id="oc-d0">
         <name>.text.vTaskStartScheduler</name>
         <load_address>0x45a8</load_address>
         <readonly>true</readonly>
         <executable>true</executable>
         <run_address>0x45a8</run_address>
         <size>0x68</size>
         <alignment>0x4</alignment>
         <input_file_ref idref="fl-14"/>
      </object_component>
      <object_component id="oc-103">
         <name>.text:memset</name>
         <load_address>0x4610</load_address>
         <readonly>true</readonly>
         <executable>true</executable>
         <run_address>0x4610</run_address>
         <size>0x62</size>
         <alignment>0x1</alignment>
         <input_file_ref idref="fl-10c"/>
      </object_component>
      <object_component id="oc-10a">
         <name>.text.SYSCFG_DL_UART_0_init</name>
         <load_address>0x4674</load_address>
         <readonly>true</readonly>
         <executable>true</executable>
         <run_address>0x4674</run_address>
         <size>0x60</size>
         <alignment>0x4</alignment>
         <input_file_ref idref="fl-1"/>
      </object_component>
      <object_component id="oc-104">
         <name>.text.SYSCFG_DL_initPower</name>
         <load_address>0x46d4</load_address>
         <readonly>true</readonly>
         <executable>true</executable>
         <run_address>0x46d4</run_address>
         <size>0x60</size>
         <alignment>0x4</alignment>
         <input_file_ref idref="fl-1"/>
      </object_component>
      <object_component id="oc-109">
         <name>.text.SYSCFG_DL_TIMER_1_init</name>
         <load_address>0x4734</load_address>
         <readonly>true</readonly>
         <executable>true</executable>
         <run_address>0x4734</run_address>
         <size>0x50</size>
         <alignment>0x4</alignment>
         <input_file_ref idref="fl-1"/>
      </object_component>
      <object_component id="oc-20a">
         <name>.text.prvCheckTasksWaitingTermination</name>
         <load_address>0x4784</load_address>
         <readonly>true</readonly>
         <executable>true</executable>
         <run_address>0x4784</run_address>
         <size>0x50</size>
         <alignment>0x4</alignment>
         <input_file_ref idref="fl-14"/>
      </object_component>
      <object_component id="oc-264">
         <name>.text.prvDeleteTCB</name>
         <load_address>0x47d4</load_address>
         <readonly>true</readonly>
         <executable>true</executable>
         <run_address>0x47d4</run_address>
         <size>0x50</size>
         <alignment>0x2</alignment>
         <input_file_ref idref="fl-14"/>
      </object_component>
      <object_component id="oc-267">
         <name>.text.prvProcessExpiredTimer</name>
         <load_address>0x4824</load_address>
         <readonly>true</readonly>
         <executable>true</executable>
         <run_address>0x4824</run_address>
         <size>0x50</size>
         <alignment>0x4</alignment>
         <input_file_ref idref="fl-15"/>
      </object_component>
      <object_component id="oc-105">
         <name>.text.SYSCFG_DL_GPIO_init</name>
         <load_address>0x4874</load_address>
         <readonly>true</readonly>
         <executable>true</executable>
         <run_address>0x4874</run_address>
         <size>0x4c</size>
         <alignment>0x4</alignment>
         <input_file_ref idref="fl-1"/>
      </object_component>
      <object_component id="oc-c8">
         <name>.text.snprintf</name>
         <load_address>0x48c0</load_address>
         <readonly>true</readonly>
         <executable>true</executable>
         <run_address>0x48c0</run_address>
         <size>0x4c</size>
         <alignment>0x4</alignment>
         <input_file_ref idref="fl-35"/>
      </object_component>
      <object_component id="oc-19e">
         <name>.text.xTaskCreateStatic</name>
         <load_address>0x490c</load_address>
         <readonly>true</readonly>
         <executable>true</executable>
         <run_address>0x490c</run_address>
         <size>0x4c</size>
         <alignment>0x2</alignment>
         <input_file_ref idref="fl-14"/>
      </object_component>
      <object_component id="oc-169">
         <name>.text.DL_UART_init</name>
         <load_address>0x4958</load_address>
         <readonly>true</readonly>
         <executable>true</executable>
         <run_address>0x4958</run_address>
         <size>0x48</size>
         <alignment>0x4</alignment>
         <input_file_ref idref="fl-20"/>
      </object_component>
      <object_component id="oc-217">
         <name>.text.uxListRemove</name>
         <load_address>0x49a0</load_address>
         <readonly>true</readonly>
         <executable>true</executable>
         <run_address>0x49a0</run_address>
         <size>0x48</size>
         <alignment>0x2</alignment>
         <input_file_ref idref="fl-1b"/>
      </object_component>
      <object_component id="oc-cf">
         <name>.text.xTaskCreate</name>
         <load_address>0x49e8</load_address>
         <readonly>true</readonly>
         <executable>true</executable>
         <run_address>0x49e8</run_address>
         <size>0x48</size>
         <alignment>0x2</alignment>
         <input_file_ref idref="fl-14"/>
      </object_component>
      <object_component id="oc-121">
         <name>.text.prvInitialiseNewQueue</name>
         <load_address>0x4a30</load_address>
         <readonly>true</readonly>
         <executable>true</executable>
         <run_address>0x4a30</run_address>
         <size>0x46</size>
         <alignment>0x2</alignment>
         <input_file_ref idref="fl-13"/>
      </object_component>
      <object_component id="oc-159">
         <name>.text.DL_Common_delayCycles</name>
         <load_address>0x4a76</load_address>
         <readonly>true</readonly>
         <executable>true</executable>
         <run_address>0x4a76</run_address>
         <size>0xa</size>
         <alignment>0x2</alignment>
         <input_file_ref idref="fl-1d"/>
      </object_component>
      <object_component id="oc-44">
         <name>.text.PendSV_Handler</name>
         <load_address>0x4a80</load_address>
         <readonly>true</readonly>
         <executable>true</executable>
         <run_address>0x4a80</run_address>
         <size>0x44</size>
         <alignment>0x10</alignment>
         <input_file_ref idref="fl-17"/>
      </object_component>
      <object_component id="oc-285">
         <name>.text.prvCopyDataFromQueue</name>
         <load_address>0x4ac4</load_address>
         <readonly>true</readonly>
         <executable>true</executable>
         <run_address>0x4ac4</run_address>
         <size>0x44</size>
         <alignment>0x2</alignment>
         <input_file_ref idref="fl-13"/>
      </object_component>
      <object_component id="oc-282">
         <name>.text.prvSwitchTimerLists</name>
         <load_address>0x4b08</load_address>
         <readonly>true</readonly>
         <executable>true</executable>
         <run_address>0x4b08</run_address>
         <size>0x44</size>
         <alignment>0x4</alignment>
         <input_file_ref idref="fl-15"/>
      </object_component>
      <object_component id="oc-16c">
         <name>.text.DL_ADC12_setClockConfig</name>
         <load_address>0x4b4c</load_address>
         <readonly>true</readonly>
         <executable>true</executable>
         <run_address>0x4b4c</run_address>
         <size>0x40</size>
         <alignment>0x4</alignment>
         <input_file_ref idref="fl-1c"/>
      </object_component>
      <object_component id="oc-46">
         <name>.text.TIMA0_IRQHandler</name>
         <load_address>0x4b8c</load_address>
         <readonly>true</readonly>
         <executable>true</executable>
         <run_address>0x4b8c</run_address>
         <size>0x40</size>
         <alignment>0x4</alignment>
         <input_file_ref idref="fl-3"/>
      </object_component>
      <object_component id="oc-118">
         <name>.text.__aeabi_uidivmod</name>
         <load_address>0x4bcc</load_address>
         <readonly>true</readonly>
         <executable>true</executable>
         <run_address>0x4bcc</run_address>
         <size>0x40</size>
         <alignment>0x4</alignment>
         <input_file_ref idref="fl-104"/>
      </object_component>
      <object_component id="oc-1db">
         <name>.text.atoi</name>
         <load_address>0x4c0c</load_address>
         <readonly>true</readonly>
         <executable>true</executable>
         <run_address>0x4c0c</run_address>
         <size>0x40</size>
         <alignment>0x4</alignment>
         <input_file_ref idref="fl-48"/>
      </object_component>
      <object_component id="oc-51">
         <name>.text.vApplicationStackOverflowHook</name>
         <load_address>0x4c4c</load_address>
         <readonly>true</readonly>
         <executable>true</executable>
         <run_address>0x4c4c</run_address>
         <size>0x40</size>
         <alignment>0x4</alignment>
         <input_file_ref idref="fl-3"/>
      </object_component>
      <object_component id="oc-266">
         <name>.text.prvSampleTimeNow</name>
         <load_address>0x4c8c</load_address>
         <readonly>true</readonly>
         <executable>true</executable>
         <run_address>0x4c8c</run_address>
         <size>0x3c</size>
         <alignment>0x4</alignment>
         <input_file_ref idref="fl-15"/>
      </object_component>
      <object_component id="oc-e9">
         <name>.text:__TI_auto_init_nobinit_nopinit</name>
         <load_address>0x4cc8</load_address>
         <readonly>true</readonly>
         <executable>true</executable>
         <run_address>0x4cc8</run_address>
         <size>0x3c</size>
         <alignment>0x4</alignment>
         <input_file_ref idref="fl-38"/>
      </object_component>
      <object_component id="oc-22e">
         <name>.text.__muldsi3</name>
         <load_address>0x4d04</load_address>
         <readonly>true</readonly>
         <executable>true</executable>
         <run_address>0x4d04</run_address>
         <size>0x3a</size>
         <alignment>0x4</alignment>
         <input_file_ref idref="fl-fb"/>
      </object_component>
      <object_component id="oc-10b">
         <name>.text.SYSCFG_DL_ADC12_0_init</name>
         <load_address>0x4d40</load_address>
         <readonly>true</readonly>
         <executable>true</executable>
         <run_address>0x4d40</run_address>
         <size>0x38</size>
         <alignment>0x4</alignment>
         <input_file_ref idref="fl-1"/>
      </object_component>
      <object_component id="oc-108">
         <name>.text.SYSCFG_DL_TIMER_0_init</name>
         <load_address>0x4d78</load_address>
         <readonly>true</readonly>
         <executable>true</executable>
         <run_address>0x4d78</run_address>
         <size>0x38</size>
         <alignment>0x4</alignment>
         <input_file_ref idref="fl-1"/>
      </object_component>
      <object_component id="oc-bd">
         <name>.text.SYSCFG_DL_init</name>
         <load_address>0x4db0</load_address>
         <readonly>true</readonly>
         <executable>true</executable>
         <run_address>0x4db0</run_address>
         <size>0x38</size>
         <alignment>0x4</alignment>
         <input_file_ref idref="fl-1"/>
      </object_component>
      <object_component id="oc-214">
         <name>.text.prvGetNextExpireTime</name>
         <load_address>0x4de8</load_address>
         <readonly>true</readonly>
         <executable>true</executable>
         <run_address>0x4de8</run_address>
         <size>0x38</size>
         <alignment>0x4</alignment>
         <input_file_ref idref="fl-15"/>
      </object_component>
      <object_component id="oc-1af">
         <name>.text.xTaskGetSchedulerState</name>
         <load_address>0x4e20</load_address>
         <readonly>true</readonly>
         <executable>true</executable>
         <run_address>0x4e20</run_address>
         <size>0x38</size>
         <alignment>0x4</alignment>
         <input_file_ref idref="fl-14"/>
      </object_component>
      <object_component id="oc-26b">
         <name>.text.prvReloadTimer</name>
         <load_address>0x4e58</load_address>
         <readonly>true</readonly>
         <executable>true</executable>
         <run_address>0x4e58</run_address>
         <size>0x36</size>
         <alignment>0x2</alignment>
         <input_file_ref idref="fl-15"/>
      </object_component>
      <object_component id="oc-1b5">
         <name>.text.vTaskPlaceOnEventList</name>
         <load_address>0x4e90</load_address>
         <readonly>true</readonly>
         <executable>true</executable>
         <run_address>0x4e90</run_address>
         <size>0x34</size>
         <alignment>0x4</alignment>
         <input_file_ref idref="fl-14"/>
      </object_component>
      <object_component id="oc-c2">
         <name>.text.DL_UART_transmitDataBlocking</name>
         <load_address>0x4ec4</load_address>
         <readonly>true</readonly>
         <executable>true</executable>
         <run_address>0x4ec4</run_address>
         <size>0x30</size>
         <alignment>0x4</alignment>
         <input_file_ref idref="fl-20"/>
      </object_component>
      <object_component id="oc-45">
         <name>.text.SysTick_Handler</name>
         <load_address>0x4ef4</load_address>
         <readonly>true</readonly>
         <executable>true</executable>
         <run_address>0x4ef4</run_address>
         <size>0x30</size>
         <alignment>0x4</alignment>
         <input_file_ref idref="fl-16"/>
      </object_component>
      <object_component id="oc-114">
         <name>.text._outs</name>
         <load_address>0x4f24</load_address>
         <readonly>true</readonly>
         <executable>true</executable>
         <run_address>0x4f24</run_address>
         <size>0x30</size>
         <alignment>0x2</alignment>
         <input_file_ref idref="fl-35"/>
      </object_component>
      <object_component id="oc-a5">
         <name>.text.prvResetNextTaskUnblockTime</name>
         <load_address>0x4f54</load_address>
         <readonly>true</readonly>
         <executable>true</executable>
         <run_address>0x4f54</run_address>
         <size>0x30</size>
         <alignment>0x4</alignment>
         <input_file_ref idref="fl-14"/>
      </object_component>
      <object_component id="oc-1ac">
         <name>.text.prvTaskExitError</name>
         <load_address>0x4f84</load_address>
         <readonly>true</readonly>
         <executable>true</executable>
         <run_address>0x4f84</run_address>
         <size>0x30</size>
         <alignment>0x4</alignment>
         <input_file_ref idref="fl-16"/>
      </object_component>
      <object_component id="oc-20">
         <name>.text.vPortSVCHandler_C</name>
         <load_address>0x4fb4</load_address>
         <readonly>true</readonly>
         <executable>true</executable>
         <run_address>0x4fb4</run_address>
         <size>0x2e</size>
         <alignment>0x2</alignment>
         <input_file_ref idref="fl-16"/>
      </object_component>
      <object_component id="oc-106">
         <name>.text.SYSCFG_DL_SYSCTL_init</name>
         <load_address>0x4fe4</load_address>
         <readonly>true</readonly>
         <executable>true</executable>
         <run_address>0x4fe4</run_address>
         <size>0x2c</size>
         <alignment>0x4</alignment>
         <input_file_ref idref="fl-1"/>
      </object_component>
      <object_component id="oc-1f8">
         <name>.text.vListInitialise</name>
         <load_address>0x5010</load_address>
         <readonly>true</readonly>
         <executable>true</executable>
         <run_address>0x5010</run_address>
         <size>0x2c</size>
         <alignment>0x2</alignment>
         <input_file_ref idref="fl-1b"/>
      </object_component>
      <object_component id="oc-142">
         <name>.text.vPortExitCritical</name>
         <load_address>0x503c</load_address>
         <readonly>true</readonly>
         <executable>true</executable>
         <run_address>0x503c</run_address>
         <size>0x2c</size>
         <alignment>0x4</alignment>
         <input_file_ref idref="fl-16"/>
      </object_component>
      <object_component id="oc-1b3">
         <name>.text.prvIsQueueEmpty</name>
         <load_address>0x5068</load_address>
         <readonly>true</readonly>
         <executable>true</executable>
         <run_address>0x5068</run_address>
         <size>0x2a</size>
         <alignment>0x2</alignment>
         <input_file_ref idref="fl-13"/>
      </object_component>
      <object_component id="oc-1b7">
         <name>.text.prvGetHighestPriorityOfWaitToReceiveList</name>
         <load_address>0x5092</load_address>
         <readonly>true</readonly>
         <executable>true</executable>
         <run_address>0x5092</run_address>
         <size>0x28</size>
         <alignment>0x2</alignment>
         <input_file_ref idref="fl-13"/>
      </object_component>
      <object_component id="oc-199">
         <name>.text.vApplicationGetIdleTaskMemory</name>
         <load_address>0x50bc</load_address>
         <readonly>true</readonly>
         <executable>true</executable>
         <run_address>0x50bc</run_address>
         <size>0x28</size>
         <alignment>0x4</alignment>
         <input_file_ref idref="fl-19"/>
      </object_component>
      <object_component id="oc-1a3">
         <name>.text.vApplicationGetTimerTaskMemory</name>
         <load_address>0x50e4</load_address>
         <readonly>true</readonly>
         <executable>true</executable>
         <run_address>0x50e4</run_address>
         <size>0x28</size>
         <alignment>0x4</alignment>
         <input_file_ref idref="fl-19"/>
      </object_component>
      <object_component id="oc-1aa">
         <name>.text.vPortSetupTimerInterrupt</name>
         <load_address>0x510c</load_address>
         <readonly>true</readonly>
         <executable>true</executable>
         <run_address>0x510c</run_address>
         <size>0x28</size>
         <alignment>0x4</alignment>
         <input_file_ref idref="fl-16"/>
      </object_component>
      <object_component id="oc-72">
         <name>.text:_c_int00_noargs</name>
         <load_address>0x5134</load_address>
         <readonly>true</readonly>
         <executable>true</executable>
         <run_address>0x5134</run_address>
         <size>0x28</size>
         <alignment>0x4</alignment>
         <input_file_ref idref="fl-36"/>
      </object_component>
      <object_component id="oc-3a">
         <name>.text.Reset_Handler</name>
         <load_address>0x515c</load_address>
         <readonly>true</readonly>
         <executable>true</executable>
         <run_address>0x515c</run_address>
         <size>0x4</size>
         <alignment>0x2</alignment>
         <input_file_ref idref="fl-5"/>
      </object_component>
      <object_component id="oc-3f">
         <name>.text.SVC_Handler</name>
         <load_address>0x5160</load_address>
         <readonly>true</readonly>
         <executable>true</executable>
         <run_address>0x5160</run_address>
         <size>0x24</size>
         <alignment>0x10</alignment>
         <input_file_ref idref="fl-17"/>
      </object_component>
      <object_component id="oc-10c">
         <name>.text.SYSCFG_DL_DAC12_init</name>
         <load_address>0x5184</load_address>
         <readonly>true</readonly>
         <executable>true</executable>
         <run_address>0x5184</run_address>
         <size>0x24</size>
         <alignment>0x4</alignment>
         <input_file_ref idref="fl-1"/>
      </object_component>
      <object_component id="oc-1e8">
         <name>.text.__muldi3</name>
         <load_address>0x51a8</load_address>
         <readonly>true</readonly>
         <executable>true</executable>
         <run_address>0x51a8</run_address>
         <size>0x24</size>
         <alignment>0x4</alignment>
         <input_file_ref idref="fl-ff"/>
      </object_component>
      <object_component id="oc-1b0">
         <name>.text.pvTaskIncrementMutexHeldCount</name>
         <load_address>0x51cc</load_address>
         <readonly>true</readonly>
         <executable>true</executable>
         <run_address>0x51cc</run_address>
         <size>0x24</size>
         <alignment>0x4</alignment>
         <input_file_ref idref="fl-14"/>
      </object_component>
      <object_component id="oc-56">
         <name>.text.vRestoreContextOfFirstTask</name>
         <load_address>0x51f0</load_address>
         <readonly>true</readonly>
         <executable>true</executable>
         <run_address>0x51f0</run_address>
         <size>0x24</size>
         <alignment>0x10</alignment>
         <input_file_ref idref="fl-17"/>
      </object_component>
      <object_component id="oc-1d4">
         <name>.text.memccpy</name>
         <load_address>0x5214</load_address>
         <readonly>true</readonly>
         <executable>true</executable>
         <run_address>0x5214</run_address>
         <size>0x22</size>
         <alignment>0x2</alignment>
         <input_file_ref idref="fl-4a"/>
      </object_component>
      <object_component id="oc-4c">
         <name>.text.TIMA1_IRQHandler</name>
         <load_address>0x5238</load_address>
         <readonly>true</readonly>
         <executable>true</executable>
         <run_address>0x5238</run_address>
         <size>0x20</size>
         <alignment>0x4</alignment>
         <input_file_ref idref="fl-3"/>
      </object_component>
      <object_component id="oc-7e">
         <name>.text.ts_now</name>
         <load_address>0x5258</load_address>
         <readonly>true</readonly>
         <executable>true</executable>
         <run_address>0x5258</run_address>
         <size>0x20</size>
         <alignment>0x4</alignment>
         <input_file_ref idref="fl-4"/>
      </object_component>
      <object_component id="oc-1b1">
         <name>.text.vTaskInternalSetTimeOutState</name>
         <load_address>0x5278</load_address>
         <readonly>true</readonly>
         <executable>true</executable>
         <run_address>0x5278</run_address>
         <size>0x20</size>
         <alignment>0x4</alignment>
         <input_file_ref idref="fl-14"/>
      </object_component>
      <object_component id="oc-21b">
         <name>.text.__ashldi3</name>
         <load_address>0x5298</load_address>
         <readonly>true</readonly>
         <executable>true</executable>
         <run_address>0x5298</run_address>
         <size>0x1e</size>
         <alignment>0x4</alignment>
         <input_file_ref idref="fl-107"/>
      </object_component>
      <object_component id="oc-1a5">
         <name>.text.prvTimerTask</name>
         <load_address>0x52b6</load_address>
         <readonly>true</readonly>
         <executable>true</executable>
         <run_address>0x52b6</run_address>
         <size>0x1e</size>
         <alignment>0x2</alignment>
         <input_file_ref idref="fl-15"/>
      </object_component>
      <object_component id="oc-15d">
         <name>.text.DL_Timer_setClockConfig</name>
         <load_address>0x52d4</load_address>
         <readonly>true</readonly>
         <executable>true</executable>
         <run_address>0x52d4</run_address>
         <size>0x1c</size>
         <alignment>0x4</alignment>
         <input_file_ref idref="fl-1f"/>
      </object_component>
      <object_component id="oc-115">
         <name>.text._outc</name>
         <load_address>0x52f0</load_address>
         <readonly>true</readonly>
         <executable>true</executable>
         <run_address>0x52f0</run_address>
         <size>0x18</size>
         <alignment>0x2</alignment>
         <input_file_ref idref="fl-35"/>
      </object_component>
      <object_component id="oc-141">
         <name>.text.vPortEnterCritical</name>
         <load_address>0x5308</load_address>
         <readonly>true</readonly>
         <executable>true</executable>
         <run_address>0x5308</run_address>
         <size>0x18</size>
         <alignment>0x4</alignment>
         <input_file_ref idref="fl-16"/>
      </object_component>
      <object_component id="oc-197">
         <name>.text.vPortYield</name>
         <load_address>0x5320</load_address>
         <readonly>true</readonly>
         <executable>true</executable>
         <run_address>0x5320</run_address>
         <size>0x18</size>
         <alignment>0x4</alignment>
         <input_file_ref idref="fl-16"/>
      </object_component>
      <object_component id="oc-143">
         <name>.text.__aeabi_uldivmod</name>
         <load_address>0x5338</load_address>
         <readonly>true</readonly>
         <executable>true</executable>
         <run_address>0x5338</run_address>
         <size>0x14</size>
         <alignment>0x4</alignment>
         <input_file_ref idref="fl-105"/>
      </object_component>
      <object_component id="oc-12d">
         <name>.text.xTaskGetTickCount</name>
         <load_address>0x534c</load_address>
         <readonly>true</readonly>
         <executable>true</executable>
         <run_address>0x534c</run_address>
         <size>0x14</size>
         <alignment>0x4</alignment>
         <input_file_ref idref="fl-14"/>
      </object_component>
      <object_component id="oc-168">
         <name>.text.DL_UART_setClockConfig</name>
         <load_address>0x5360</load_address>
         <readonly>true</readonly>
         <executable>true</executable>
         <run_address>0x5360</run_address>
         <size>0x12</size>
         <alignment>0x2</alignment>
         <input_file_ref idref="fl-20"/>
      </object_component>
      <object_component id="oc-2b">
         <name>.text:decompress:none</name>
         <load_address>0x5372</load_address>
         <readonly>true</readonly>
         <executable>true</executable>
         <run_address>0x5372</run_address>
         <size>0x12</size>
         <alignment>0x2</alignment>
         <input_file_ref idref="fl-3c"/>
      </object_component>
      <object_component id="oc-91">
         <name>.text.__aeabi_memclr</name>
         <load_address>0x5384</load_address>
         <readonly>true</readonly>
         <executable>true</executable>
         <run_address>0x5384</run_address>
         <size>0xc</size>
         <alignment>0x4</alignment>
         <input_file_ref idref="fl-103"/>
      </object_component>
      <object_component id="oc-1ab">
         <name>.text.vStartFirstTask</name>
         <load_address>0x5390</load_address>
         <readonly>true</readonly>
         <executable>true</executable>
         <run_address>0x5390</run_address>
         <size>0x10</size>
         <alignment>0x10</alignment>
         <input_file_ref idref="fl-17"/>
      </object_component>
      <object_component id="oc-188">
         <name>.text.vTaskSuspendAll</name>
         <load_address>0x53a0</load_address>
         <readonly>true</readonly>
         <executable>true</executable>
         <run_address>0x53a0</run_address>
         <size>0x10</size>
         <alignment>0x4</alignment>
         <input_file_ref idref="fl-14"/>
      </object_component>
      <object_component id="oc-1df">
         <name>.text.wcslen</name>
         <load_address>0x53b0</load_address>
         <readonly>true</readonly>
         <executable>true</executable>
         <run_address>0x53b0</run_address>
         <size>0x10</size>
         <alignment>0x2</alignment>
         <input_file_ref idref="fl-3f"/>
      </object_component>
      <object_component id="oc-6f">
         <name>.text:decompress:ZI</name>
         <load_address>0x53c0</load_address>
         <readonly>true</readonly>
         <executable>true</executable>
         <run_address>0x53c0</run_address>
         <size>0x10</size>
         <alignment>0x2</alignment>
         <input_file_ref idref="fl-3b"/>
      </object_component>
      <object_component id="oc-1d3">
         <name>.text.__aeabi_memset</name>
         <load_address>0x53d0</load_address>
         <readonly>true</readonly>
         <executable>true</executable>
         <run_address>0x53d0</run_address>
         <size>0xe</size>
         <alignment>0x4</alignment>
         <input_file_ref idref="fl-103"/>
      </object_component>
      <object_component id="oc-1a0">
         <name>.text.prvIdleTask</name>
         <load_address>0x53de</load_address>
         <readonly>true</readonly>
         <executable>true</executable>
         <run_address>0x53de</run_address>
         <size>0xe</size>
         <alignment>0x2</alignment>
         <input_file_ref idref="fl-14"/>
      </object_component>
      <object_component id="oc-1d2">
         <name>.text.strlen</name>
         <load_address>0x53ec</load_address>
         <readonly>true</readonly>
         <executable>true</executable>
         <run_address>0x53ec</run_address>
         <size>0xe</size>
         <alignment>0x2</alignment>
         <input_file_ref idref="fl-3e"/>
      </object_component>
      <object_component id="oc-1ff">
         <name>.text.vListInitialiseItem</name>
         <load_address>0x53fa</load_address>
         <readonly>true</readonly>
         <executable>true</executable>
         <run_address>0x53fa</run_address>
         <size>0xe</size>
         <alignment>0x2</alignment>
         <input_file_ref idref="fl-1b"/>
      </object_component>
      <object_component id="oc-b0">
         <name>.text.uxTaskGetNumberOfTasks</name>
         <load_address>0x5408</load_address>
         <readonly>true</readonly>
         <executable>true</executable>
         <run_address>0x5408</run_address>
         <size>0xc</size>
         <alignment>0x4</alignment>
         <input_file_ref idref="fl-14"/>
      </object_component>
      <object_component id="oc-219">
         <name>.text.vTaskMissedYield</name>
         <load_address>0x5414</load_address>
         <readonly>true</readonly>
         <executable>true</executable>
         <run_address>0x5414</run_address>
         <size>0xc</size>
         <alignment>0x4</alignment>
         <input_file_ref idref="fl-14"/>
      </object_component>
      <object_component id="oc-1e3">
         <name>.text.__aeabi_errno_addr</name>
         <load_address>0x5420</load_address>
         <readonly>true</readonly>
         <executable>true</executable>
         <run_address>0x5420</run_address>
         <size>0x8</size>
         <alignment>0x4</alignment>
         <input_file_ref idref="fl-42"/>
      </object_component>
      <object_component id="oc-62">
         <name>.text.__aeabi_memcpy</name>
         <load_address>0x5428</load_address>
         <readonly>true</readonly>
         <executable>true</executable>
         <run_address>0x5428</run_address>
         <size>0x8</size>
         <alignment>0x4</alignment>
         <input_file_ref idref="fl-102"/>
      </object_component>
      <object_component id="oc-7b">
         <name>.text.ulSetInterruptMask</name>
         <load_address>0x5430</load_address>
         <readonly>true</readonly>
         <executable>true</executable>
         <run_address>0x5430</run_address>
         <size>0x8</size>
         <alignment>0x2</alignment>
         <input_file_ref idref="fl-17"/>
      </object_component>
      <object_component id="oc-7d">
         <name>.text.vClearInterruptMask</name>
         <load_address>0x5438</load_address>
         <readonly>true</readonly>
         <executable>true</executable>
         <run_address>0x5438</run_address>
         <size>0x6</size>
         <alignment>0x2</alignment>
         <input_file_ref idref="fl-17"/>
      </object_component>
      <object_component id="oc-96">
         <name>.text._system_pre_init</name>
         <load_address>0x543e</load_address>
         <readonly>true</readonly>
         <executable>true</executable>
         <run_address>0x543e</run_address>
         <size>0x4</size>
         <alignment>0x2</alignment>
         <input_file_ref idref="fl-39"/>
      </object_component>
      <object_component id="oc-e2">
         <name>.text:abort</name>
         <load_address>0x5442</load_address>
         <readonly>true</readonly>
         <executable>true</executable>
         <run_address>0x5442</run_address>
         <size>0x4</size>
         <alignment>0x2</alignment>
         <input_file_ref idref="fl-43"/>
      </object_component>
      <object_component id="oc-2ca">
         <name>.cinit..data.load</name>
         <load_address>0x5780</load_address>
         <readonly>true</readonly>
         <run_address>0x5780</run_address>
         <size>0x18</size>
         <alignment>0x1</alignment>
      </object_component>
      <object_component id="oc-2c8">
         <name>__TI_handler_table</name>
         <load_address>0x5798</load_address>
         <readonly>true</readonly>
         <run_address>0x5798</run_address>
         <size>0xc</size>
         <alignment>0x4</alignment>
      </object_component>
      <object_component id="oc-2cb">
         <name>.cinit..bss.load</name>
         <load_address>0x57a4</load_address>
         <readonly>true</readonly>
         <run_address>0x57a4</run_address>
         <size>0x8</size>
         <alignment>0x4</alignment>
      </object_component>
      <object_component id="oc-2c9">
         <name>__TI_cinit_table</name>
         <load_address>0x57ac</load_address>
         <readonly>true</readonly>
         <run_address>0x57ac</run_address>
         <size>0x10</size>
         <alignment>0x4</alignment>
      </object_component>
      <object_component id="oc-223">
         <name>.rodata:__aeabi_ctype_table_</name>
         <load_address>0x5450</load_address>
         <readonly>true</readonly>
         <run_address>0x5450</run_address>
         <size>0x101</size>
         <alignment>0x10</alignment>
         <input_file_ref idref="fl-51"/>
      </object_component>
      <object_component id="oc-13d">
         <name>.rodata.str1.4040285661218773341</name>
         <load_address>0x5551</load_address>
         <readonly>true</readonly>
         <run_address>0x5551</run_address>
         <size>0x2a</size>
         <alignment>0x1</alignment>
         <input_file_ref idref="fl-3"/>
      </object_component>
      <object_component id="oc-13e">
         <name>.rodata.str1.121071377670202666191</name>
         <load_address>0x557b</load_address>
         <readonly>true</readonly>
         <run_address>0x557b</run_address>
         <size>0x29</size>
         <alignment>0x1</alignment>
         <input_file_ref idref="fl-3"/>
      </object_component>
      <object_component id="oc-147">
         <name>.rodata.str1.104171602695964415641</name>
         <load_address>0x55a4</load_address>
         <readonly>true</readonly>
         <run_address>0x55a4</run_address>
         <size>0x28</size>
         <alignment>0x1</alignment>
         <input_file_ref idref="fl-3"/>
      </object_component>
      <object_component id="oc-14a">
         <name>.rodata.str1.107009124015742957301</name>
         <load_address>0x55cc</load_address>
         <readonly>true</readonly>
         <run_address>0x55cc</run_address>
         <size>0x28</size>
         <alignment>0x1</alignment>
         <input_file_ref idref="fl-3"/>
      </object_component>
[...]
      <symbol id="sm-fd">
         <name>CANFD0_IRQHandler</name>
         <value>0x2483</value>
         <object_component_ref idref="oc-3e"/>
      </symbol>
      <symbol id="sm-fe">
         <name>DAC0_IRQHandler</name>
         <value>0x2483</value>
         <object_component_ref idref="oc-3e"/>
      </symbol>
      <symbol id="sm-ff">
         <name>SPI0_IRQHandler</name>
         <value>0x2483</value>
         <object_component_ref idref="oc-3e"/>
      </symbol>
      <symbol id="sm-100">
         <name>SPI1_IRQHandler</name>
         <value>0x2483</value>
         <object_component_ref idref="oc-3e"/>
      </symbol>
      <symbol id="sm-101">
         <name>UART1_IRQHandler</name>
         <value>0x2483</value>
         <object_component_ref idref="oc-3e"/>
      </symbol>
      <symbol id="sm-102">
         <name>UART2_IRQHandler</name>
         <value>0x2483</value>
         <object_component_ref idref="oc-3e"/>
      </symbol>
      <symbol id="sm-103">
         <name>UART0_IRQHandler</name>
         <value>0x2483</value>
         <object_component_ref idref="oc-3e"/>
      </symbol>
      <symbol id="sm-104">
         <name>TIMG0_IRQHandler</name>
         <value>0x2483</value>
         <object_component_ref idref="oc-3e"/>
      </symbol>
      <symbol id="sm-105">
         <name>TIMG6_IRQHandler</name>
         <value>0x2483</value>
         <object_component_ref idref="oc-3e"/>
      </symbol>
      <symbol id="sm-106">
         <name>TIMG7_IRQHandler</name>
         <value>0x2483</value>
         <object_component_ref idref="oc-3e"/>
      </symbol>
      <symbol id="sm-107">
         <name>TIMG12_IRQHandler</name>
         <value>0x2483</value>
         <object_component_ref idref="oc-3e"/>
      </symbol>
      <symbol id="sm-108">
         <name>I2C0_IRQHandler</name>
         <value>0x2483</value>
         <object_component_ref idref="oc-3e"/>
      </symbol>
      <symbol id="sm-109">
         <name>I2C1_IRQHandler</name>
         <value>0x2483</value>
         <object_component_ref idref="oc-3e"/>
      </symbol>
      <symbol id="sm-10a">
         <name>AES_IRQHandler</name>
         <value>0x2483</value>
         <object_component_ref idref="oc-3e"/>
      </symbol>
      <symbol id="sm-10b">
         <name>RTC_IRQHandler</name>
         <value>0x2483</value>
         <object_component_ref idref="oc-3e"/>
      </symbol>
      <symbol id="sm-10c">
         <name>DMA_IRQHandler</name>
         <value>0x2483</value>
         <object_component_ref idref="oc-3e"/>
      </symbol>
      <symbol id="sm-10d">
         <name>__TI_ATRegion0_src_addr</name>
         <value>0x0</value>
      </symbol>
      <symbol id="sm-10e">
         <name>__TI_ATRegion0_trg_addr</name>
         <value>0x0</value>
      </symbol>
      <symbol id="sm-10f">
         <name>__TI_ATRegion0_region_sz</name>
         <value>0x0</value>
      </symbol>
      <symbol id="sm-110">
         <name>__TI_ATRegion1_src_addr</name>
         <value>0x0</value>
      </symbol>
      <symbol id="sm-111">
         <name>__TI_ATRegion1_trg_addr</name>
         <value>0x0</value>
      </symbol>
      <symbol id="sm-112">
         <name>__TI_ATRegion1_region_sz</name>
         <value>0x0</value>
      </symbol>
      <symbol id="sm-113">
         <name>__TI_ATRegion2_src_addr</name>
         <value>0x0</value>
      </symbol>
      <symbol id="sm-114">
         <name>__TI_ATRegion2_trg_addr</name>
         <value>0x0</value>
      </symbol>
      <symbol id="sm-115">
         <name>__TI_ATRegion2_region_sz</name>
         <value>0x0</value>
      </symbol>
      <symbol id="sm-139">
         <name>xQueueGenericReset</name>
         <value>0x383d</value>
         <object_component_ref idref="oc-193"/>
      </symbol>
      <symbol id="sm-13a">
         <name>xQueueGenericCreateStatic</name>
         <value>0x3d79</value>
         <object_component_ref idref="oc-20b"/>
      </symbol>
      <symbol id="sm-13b">
         <name>xQueueGenericCreate</name>
         <value>0x3f4b</value>
         <object_component_ref idref="oc-ce"/>
      </symbol>
      <symbol id="sm-13c">
         <name>xQueueSemaphoreTake</name>
         <value>0x22a5</value>
         <object_component_ref idref="oc-135"/>
      </symbol>
      <symbol id="sm-13d">
         <name>xQueueGiveFromISR</name>
         <value>0x3139</value>
         <object_component_ref idref="oc-82"/>
      </symbol>
      <symbol id="sm-13e">
         <name>xQueueReceive</name>
         <value>0x2805</value>
         <object_component_ref idref="oc-269"/>
      </symbol>
      <symbol id="sm-13f">
         <name>vQueueWaitForMessageRestricted</name>
         <value>0x453d</value>
         <object_component_ref idref="oc-268"/>
      </symbol>
      <symbol id="sm-1d2">
         <name>xTaskCreateStatic</name>
         <value>0x490d</value>
         <object_component_ref idref="oc-19e"/>
      </symbol>
      <symbol id="sm-1d3">
         <name>pxCurrentTCB</name>
         <value>0x20205d9c</value>
         <object_component_ref idref="oc-1a"/>
      </symbol>
      <symbol id="sm-1d4">
         <name>xTaskCreate</name>
         <value>0x49e9</value>
         <object_component_ref idref="oc-cf"/>
      </symbol>
      <symbol id="sm-1d5">
         <name>xTaskDelayUntil</name>
         <value>0x3921</value>
         <object_component_ref idref="oc-12e"/>
      </symbol>
      <symbol id="sm-1d6">
         <name>vTaskSuspendAll</name>
         <value>0x53a1</value>
         <object_component_ref idref="oc-188"/>
      </symbol>
      <symbol id="sm-1d7">
         <name>xTaskResumeAll</name>
         <value>0x20ad</value>
         <object_component_ref idref="oc-18a"/>
      </symbol>
      <symbol id="sm-1d8">
         <name>xTaskIncrementTick</name>
         <value>0x1c91</value>
         <object_component_ref idref="oc-7c"/>
      </symbol>
      <symbol id="sm-1d9">
         <name>vTaskSwitchContext</name>
         <value>0x3355</value>
         <object_component_ref idref="oc-1c"/>
      </symbol>
      <symbol id="sm-1da">
         <name>vTaskStartScheduler</name>
         <value>0x45a9</value>
         <object_component_ref idref="oc-d0"/>
      </symbol>
      <symbol id="sm-1db">
         <name>xTaskGetTickCount</name>
         <value>0x534d</value>
         <object_component_ref idref="oc-12d"/>
      </symbol>
      <symbol id="sm-1dc">
         <name>uxTaskGetNumberOfTasks</name>
         <value>0x5409</value>
         <object_component_ref idref="oc-b0"/>
      </symbol>
      <symbol id="sm-1dd">
         <name>vTaskPlaceOnEventList</name>
         <value>0x4e91</value>
         <object_component_ref idref="oc-1b5"/>
      </symbol>
      <symbol id="sm-1de">
         <name>vTaskPlaceOnEventListRestricted</name>
         <value>0x43f1</value>
         <object_component_ref idref="oc-284"/>
      </symbol>
      <symbol id="sm-1df">
         <name>xTaskRemoveFromEventList</name>
         <value>0x29a9</value>
         <object_component_ref idref="oc-af"/>
      </symbol>
      <symbol id="sm-1e0">
         <name>vTaskInternalSetTimeOutState</name>
         <value>0x5279</value>
         <object_component_ref idref="oc-1b1"/>
      </symbol>
      <symbol id="sm-1e1">
         <name>xTaskCheckForTimeOut</name>
         <value>0x3b81</value>
         <object_component_ref idref="oc-1b2"/>
      </symbol>
      <symbol id="sm-1e2">
         <name>vTaskMissedYield</name>
         <value>0x5415</value>
         <object_component_ref idref="oc-219"/>
      </symbol>
      <symbol id="sm-1e3">
         <name>xTaskGetSchedulerState</name>
         <value>0x4e21</value>
         <object_component_ref idref="oc-1af"/>
      </symbol>
      <symbol id="sm-1e4">
         <name>xTaskPriorityInherit</name>
         <value>0x2efd</value>
         <object_component_ref idref="oc-1b4"/>
      </symbol>
      <symbol id="sm-1e5">
         <name>vTaskPriorityDisinheritAfterTimeout</name>
         <value>0x2c91</value>
         <object_component_ref idref="oc-1b8"/>
      </symbol>
      <symbol id="sm-1e6">
         <name>pvTaskIncrementMutexHeldCount</name>
         <value>0x51cd</value>
         <object_component_ref idref="oc-1b0"/>
      </symbol>
      <symbol id="sm-22b">
         <name>xTimerCreateTimerTask</name>
         <value>0x42f9</value>
         <object_component_ref idref="oc-125"/>
      </symbol>
      <symbol id="sm-24f">
         <name>vPortSetupTimerInterrupt</name>
         <value>0x510d</value>
         <object_component_ref idref="oc-1aa"/>
      </symbol>
      <symbol id="sm-250">
         <name>vPortYield</name>
         <value>0x5321</value>
         <object_component_ref idref="oc-197"/>
      </symbol>
      <symbol id="sm-251">
         <name>vPortEnterCritical</name>
         <value>0x5309</value>
         <object_component_ref idref="oc-141"/>
      </symbol>
      <symbol id="sm-252">
         <name>vPortExitCritical</name>
         <value>0x503d</value>
         <object_component_ref idref="oc-142"/>
      </symbol>
      <symbol id="sm-253">
         <name>SysTick_Handler</name>
         <value>0x4ef5</value>
         <object_component_ref idref="oc-45"/>
      </symbol>
      <symbol id="sm-254">
         <name>vPortSVCHandler_C</name>
         <value>0x4fb5</value>
         <object_component_ref idref="oc-20"/>
      </symbol>
      <symbol id="sm-255">
         <name>pxPortInitialiseStack</name>
         <value>0x3025</value>
         <object_component_ref idref="oc-200"/>
      </symbol>
      <symbol id="sm-256">
         <name>xPortStartScheduler</name>
         <value>0x41fd</value>
         <object_component_ref idref="oc-12a"/>
      </symbol>
      <symbol id="sm-26e">
         <name>vRestoreContextOfFirstTask</name>
         <value>0x51f1</value>
         <object_component_ref idref="oc-56"/>
      </symbol>
      <symbol id="sm-26f">
         <name>vStartFirstTask</name>
         <value>0x5391</value>
         <object_component_ref idref="oc-1ab"/>
      </symbol>
      <symbol id="sm-270">
         <name>ulSetInterruptMask</name>
         <value>0x5431</value>
         <object_component_ref idref="oc-7b"/>
      </symbol>
      <symbol id="sm-271">
         <name>vClearInterruptMask</name>
         <value>0x5439</value>
         <object_component_ref idref="oc-7d"/>
      </symbol>
      <symbol id="sm-272">
         <name>PendSV_Handler</name>
         <value>0x4a81</value>
         <object_component_ref idref="oc-44"/>
      </symbol>
      <symbol id="sm-273">
         <name>SVC_Handler</name>
         <value>0x5161</value>
         <object_component_ref idref="oc-3f"/>
      </symbol>
      <symbol id="sm-289">
         <name>vApplicationGetIdleTaskMemory</name>
         <value>0x50bd</value>
         <object_component_ref idref="oc-199"/>
      </symbol>
      <symbol id="sm-28a">
         <name>vApplicationGetTimerTaskMemory</name>
         <value>0x50e5</value>
         <object_component_ref idref="oc-1a3"/>
      </symbol>
      <symbol id="sm-2ad">
         <name>pvPortMalloc</name>
         <value>0x1781</value>
         <object_component_ref idref="oc-11c"/>
      </symbol>
      <symbol id="sm-2ae">
         <name>vPortFree</name>
         <value>0x3661</value>
         <object_component_ref idref="oc-194"/>
      </symbol>
      <symbol id="sm-2bd">
         <name>vListInitialise</name>
         <value>0x5011</value>
         <object_component_ref idref="oc-1f8"/>
      </symbol>
      <symbol id="sm-2be">
         <name>vListInitialiseItem</name>
         <value>0x53fb</value>
         <object_component_ref idref="oc-1ff"/>
      </symbol>
      <symbol id="sm-2bf">
         <name>vListInsert</name>
         <value>0x44d1</value>
         <object_component_ref idref="oc-218"/>
      </symbol>
      <symbol id="sm-2c0">
         <name>uxListRemove</name>
         <value>0x49a1</value>
         <object_component_ref idref="oc-217"/>
      </symbol>
      <symbol id="sm-2cb">
         <name>DL_ADC12_setClockConfig</name>
         <value>0x4b4d</value>
         <object_component_ref idref="oc-16c"/>
      </symbol>
      <symbol id="sm-2d4">
         <name>DL_Common_delayCycles</name>
         <value>0x4a77</value>
         <object_component_ref idref="oc-159"/>
      </symbol>
      <symbol id="sm-2df">
         <name>DL_DAC12_init</name>
         <value>0x406d</value>
         <object_component_ref idref="oc-173"/>
      </symbol>
      <symbol id="sm-2ef">
         <name>DL_Timer_setClockConfig</name>
         <value>0x52d5</value>
         <object_component_ref idref="oc-15d"/>
      </symbol>
      <symbol id="sm-2f0">
         <name>DL_Timer_initTimerMode</name>
         <value>0x3565</value>
         <object_component_ref idref="oc-163"/>
      </symbol>
      <symbol id="sm-300">
         <name>DL_UART_init</name>
         <value>0x4959</value>
         <object_component_ref idref="oc-169"/>
      </symbol>
      <symbol id="sm-301">
         <name>DL_UART_setClockConfig</name>
         <value>0x5361</value>
         <object_component_ref idref="oc-168"/>
      </symbol>
      <symbol id="sm-302">
         <name>DL_UART_transmitDataBlocking</name>
         <value>0x4ec5</value>
         <object_component_ref idref="oc-c2"/>
      </symbol>
      <symbol id="sm-313">
         <name>snprintf</name>
         <value>0x48c1</value>
         <object_component_ref idref="oc-c8"/>
      </symbol>
      <symbol id="sm-31e">
         <name>_c_int00_noargs</name>
         <value>0x5135</value>
         <object_component_ref idref="oc-72"/>
      </symbol>
      <symbol id="sm-31f">
         <name>__stack</name>
         <value>0x20207e00</value>
         <object_component_ref idref="oc-25"/>
      </symbol>
      <symbol id="sm-32b">
         <name>__TI_auto_init_nobinit_nopinit</name>
         <value>0x4cc9</value>
         <object_component_ref idref="oc-e9"/>
      </symbol>
      <symbol id="sm-333">
         <name>_system_pre_init</name>
         <value>0x543f</value>
         <object_component_ref idref="oc-96"/>
      </symbol>
      <symbol id="sm-33e">
         <name>__TI_zero_init</name>
         <value>0x53c1</value>
         <object_component_ref idref="oc-6f"/>
      </symbol>
      <symbol id="sm-347">
         <name>__TI_decompress_none</name>
         <value>0x5373</value>
         <object_component_ref idref="oc-2b"/>
      </symbol>
      <symbol id="sm-352">
         <name>__TI_decompress_lzss</name>
         <value>0x4375</value>
         <object_component_ref idref="oc-27"/>
      </symbol>
      <symbol id="sm-374">
         <name>__TI_printfi_nofloat</name>
         <value>0xc1</value>
         <object_component_ref idref="oc-180"/>
      </symbol>
      <symbol id="sm-37d">
         <name>wcslen</name>
         <value>0x53b1</value>
         <object_component_ref idref="oc-1df"/>
      </symbol>
      <symbol id="sm-38a">
         <name>__aeabi_errno_addr</name>
         <value>0x5421</value>
         <object_component_ref idref="oc-1e3"/>
      </symbol>
      <symbol id="sm-38b">
         <name>__aeabi_errno</name>
         <value>0x20205d68</value>
         <object_component_ref idref="oc-22a"/>
      </symbol>
      <symbol id="sm-395">
         <name>abort</name>
         <value>0x5443</value>
         <object_component_ref idref="oc-e2"/>
      </symbol>
      <symbol id="sm-396">
         <name>C$$EXIT</name>
         <value>0x5442</value>
         <object_component_ref idref="oc-e2"/>
      </symbol>
      <symbol id="sm-3a4">
         <name>atoi</name>
         <value>0x4c0d</value>
         <object_component_ref idref="oc-1db"/>
      </symbol>
      <symbol id="sm-3ae">
         <name>memccpy</name>
         <value>0x5215</value>
         <object_component_ref idref="oc-1d4"/>
      </symbol>
      <symbol id="sm-3b5">
         <name>__aeabi_ctype_table_</name>
         <value>0x5450</value>
         <object_component_ref idref="oc-223"/>
      </symbol>
      <symbol id="sm-3b6">
         <name>__aeabi_ctype_table_C</name>
         <value>0x5450</value>
         <object_component_ref idref="oc-223"/>
      </symbol>
      <symbol id="sm-3ce">
         <name>__muldsi3</name>
         <value>0x4d05</value>
         <object_component_ref idref="oc-22e"/>
      </symbol>
      <symbol id="sm-3d4">
         <name>__aeabi_lmul</name>
         <value>0x51a9</value>
         <object_component_ref idref="oc-1e8"/>
      </symbol>
      <symbol id="sm-3d5">
         <name>__muldi3</name>
         <value>0x51a9</value>
         <object_component_ref idref="oc-1e8"/>
      </symbol>
      <symbol id="sm-3db">
         <name>__aeabi_memcpy</name>
         <value>0x5429</value>
         <object_component_ref idref="oc-62"/>
      </symbol>
      <symbol id="sm-3dc">
         <name>__aeabi_memcpy4</name>
         <value>0x5429</value>
         <object_component_ref idref="oc-62"/>
      </symbol>
      <symbol id="sm-3dd">
         <name>__aeabi_memcpy8</name>
         <value>0x5429</value>
         <object_component_ref idref="oc-62"/>
      </symbol>
      <symbol id="sm-3e6">
         <name>__aeabi_memset</name>
         <value>0x53d1</value>
         <object_component_ref idref="oc-1d3"/>
      </symbol>
      <symbol id="sm-3e7">
         <name>__aeabi_memset4</name>
         <value>0x53d1</value>
         <object_component_ref idref="oc-1d3"/>
      </symbol>
      <symbol id="sm-3e8">
         <name>__aeabi_memset8</name>
         <value>0x53d1</value>
         <object_component_ref idref="oc-1d3"/>
      </symbol>
      <symbol id="sm-3e9">
         <name>__aeabi_memclr</name>
         <value>0x5385</value>
         <object_component_ref idref="oc-91"/>
      </symbol>
      <symbol id="sm-3ea">
         <name>__aeabi_memclr4</name>
         <value>0x5385</value>
         <object_component_ref idref="oc-91"/>
      </symbol>
      <symbol id="sm-3eb">
         <name>__aeabi_memclr8</name>
         <value>0x5385</value>
         <object_component_ref idref="oc-91"/>
      </symbol>
      <symbol id="sm-3f1">
         <name>__aeabi_uidiv</name>
         <value>0x4bcd</value>
         <object_component_ref idref="oc-118"/>
      </symbol>
      <symbol id="sm-3f2">
         <name>__aeabi_uidivmod</name>
         <value>0x4bcd</value>
         <object_component_ref idref="oc-118"/>
      </symbol>
      <symbol id="sm-3f8">
         <name>__aeabi_uldivmod</name>
         <value>0x5339</value>
         <object_component_ref idref="oc-143"/>
      </symbol>
      <symbol id="sm-3fe">
         <name>__udivmoddi4</name>
         <value>0x3c35</value>
         <object_component_ref idref="oc-1bb"/>
      </symbol>
      <symbol id="sm-404">
         <name>__aeabi_llsl</name>
         <value>0x5299</value>
         <object_component_ref idref="oc-21b"/>
      </symbol>
      <symbol id="sm-405">
         <name>__ashldi3</name>
         <value>0x5299</value>
         <object_component_ref idref="oc-21b"/>
      </symbol>
      <symbol id="sm-412">
         <name>__aeabi_idiv0</name>
         <value>0x3247</value>
         <object_component_ref idref="oc-182"/>
      </symbol>
      <symbol id="sm-413">
         <name>__aeabi_ldiv0</name>
         <value>0x3b7f</value>
         <object_component_ref idref="oc-21a"/>
      </symbol>
      <symbol id="sm-42d">
         <name>memcpy</name>
         <value>0x3e19</value>
         <object_component_ref idref="oc-b8"/>
      </symbol>
      <symbol id="sm-43c">
         <name>memset</name>
         <value>0x4611</value>
         <object_component_ref idref="oc-103"/>
      </symbol>
      <symbol id="sm-43d">
         <name>__TI_static_base__</name>
         <value>0x0</value>
      </symbol>
      <symbol id="sm-440">
         <name>__mpu_init</name>
         <value>0x0</value>
      </symbol>
      <symbol id="sm-441">
         <name>_system_post_cinit</name>
         <value>0x0</value>
      </symbol>
   </symbol_table>
   <title>Link successful</title>
</link_info>
