<?xml version="1.0" encoding="ISO-8859-1" ?>
<link_info>
   <banner>TI ARM Clang Linker PC v4.0.0.LTS</banner>
   <copyright>Copyright (c) 1996-2018 Texas Instruments Incorporated</copyright>
   <command_line>C:\ti\ccstheia151\ccs\tools\compiler\ti-cgt-armllvm_4.0.0.LTS\bin\tiarmlnk -IC:\ti\ccstheia151\ccs\tools\compiler\ti-cgt-armllvm_4.0.0.LTS\lib -o blink_led_LP_MSPM0G3507_freertos_ticlang.out -mblink_led_LP_MSPM0G3507_freertos_ticlang.map -iC:/Users/bense/workspace_ccstheia/freertos_builds_LP_MSPM0G3507_release_ticlang/Debug -iC:/ti/mspm0_sdk_2_11_00_07/source -iC:/Users/bense/workspace_ccstheia/blink_led_LP_MSPM0G3507_freertos_ticlang -iC:/Users/bense/workspace_ccstheia/blink_led_LP_MSPM0G3507_freertos_ticlang/Debug/syscfg -iC:/ti/ccstheia151/ccs/tools/compiler/ti-cgt-armllvm_4.0.0.LTS/lib --diag_wrap=off --display_error_number --warn_sections --xml_link_info=blink_led_LP_MSPM0G3507_freertos_ticlang_linkInfo.xml --rom_model ./ti_msp_dl_config.o ./main-blinky.o ./main.o ./timestamp.o ./freertos/ticlang/startup_mspm0g350x_ticlang.o ../mspm0g3507.cmd -lfreertos_builds_LP_MSPM0G3507_release_ticlang.lib -lC:/ti/mspm0_sdk_2_11_00_07/source/ti/driverlib/lib/ticlang/m0p/mspm0g1x0x_g3x0x/driverlib.a -llibc.a --start-group -llibc++.a -llibc++abi.a -llibc.a -llibsys.a -llibsysbm.a -llibclang_rt.builtins.a -llibclang_rt.profile.a --end-group --cg_opt_level=2</command_line>
   <link_time>0x6ab406c3</link_time>
   <link_errors>0x0</link_errors>
   <output_file>C:\Users\bense\workspace_ccstheia\blink_led_LP_MSPM0G3507_freertos_ticlang\Debug\blink_led_LP_MSPM0G3507_freertos_ticlang.out</output_file>
   <entry_point>
      <name>_c_int00_noargs</name>
      <address>0x4d15</address>
   </entry_point>
   <input_file_list>
      <input_file id="fl-1">
         <path>C:\Users\bense\workspace_ccstheia\blink_led_LP_MSPM0G3507_freertos_ticlang\Debug\.\</path>
         <kind>object</kind>
         <file>ti_msp_dl_config.o</file>
         <name>ti_msp_dl_config.o</name>
      </input_file>
      <input_file id="fl-2">
         <path>C:\Users\bense\workspace_ccstheia\blink_led_LP_MSPM0G3507_freertos_ticlang\Debug\.\</path>
         <kind>object</kind>
         <file>main-blinky.o</file>
         <name>main-blinky.o</name>
      </input_file>
      <input_file id="fl-3">
         <path>C:\Users\bense\workspace_ccstheia\blink_led_LP_MSPM0G3507_freertos_ticlang\Debug\.\</path>
         <kind>object</kind>
         <file>main.o</file>
         <name>main.o</name>
      </input_file>
      <input_file id="fl-4">
         <path>C:\Users\bense\workspace_ccstheia\blink_led_LP_MSPM0G3507_freertos_ticlang\Debug\.\</path>
         <kind>object</kind>
         <file>timestamp.o</file>
         <name>timestamp.o</name>
      </input_file>
      <input_file id="fl-5">
         <path>C:\Users\bense\workspace_ccstheia\blink_led_LP_MSPM0G3507_freertos_ticlang\Debug\.\freertos\ticlang\</path>
         <kind>object</kind>
         <file>startup_mspm0g350x_ticlang.o</file>
         <name>startup_mspm0g350x_ticlang.o</name>
      </input_file>
      <input_file id="fl-12">
         <path>C:\Users\bense\workspace_ccstheia\blink_led_LP_MSPM0G3507_freertos_ticlang\Debug\</path>
         <kind>object</kind>
         <file>&lt;internal&gt;</file>
         <name>&lt;internal&gt;</name>
      </input_file>
      <input_file id="fl-13">
         <path>C:\Users\bense\workspace_ccstheia\freertos_builds_LP_MSPM0G3507_release_ticlang\Debug\</path>
         <kind>archive</kind>
         <file>freertos_builds_LP_MSPM0G3507_release_ticlang.lib</file>
         <name>queue.o</name>
      </input_file>
      <input_file id="fl-14">
         <path>C:\Users\bense\workspace_ccstheia\freertos_builds_LP_MSPM0G3507_release_ticlang\Debug\</path>
         <kind>archive</kind>
         <file>freertos_builds_LP_MSPM0G3507_release_ticlang.lib</file>
         <name>tasks.o</name>
      </input_file>
      <input_file id="fl-15">
         <path>C:\Users\bense\workspace_ccstheia\freertos_builds_LP_MSPM0G3507_release_ticlang\Debug\</path>
         <kind>archive</kind>
         <file>freertos_builds_LP_MSPM0G3507_release_ticlang.lib</file>
         <name>timers.o</name>
      </input_file>
      <input_file id="fl-16">
         <path>C:\Users\bense\workspace_ccstheia\freertos_builds_LP_MSPM0G3507_release_ticlang\Debug\</path>
         <kind>archive</kind>
         <file>freertos_builds_LP_MSPM0G3507_release_ticlang.lib</file>
         <name>port.o</name>
      </input_file>
      <input_file id="fl-17">
         <path>C:\Users\bense\workspace_ccstheia\freertos_builds_LP_MSPM0G3507_release_ticlang\Debug\</path>
         <kind>archive</kind>
         <file>freertos_builds_LP_MSPM0G3507_release_ticlang.lib</file>
         <name>portasm.o</name>
      </input_file>
      <input_file id="fl-18">
         <path>C:\Users\bense\workspace_ccstheia\freertos_builds_LP_MSPM0G3507_release_ticlang\Debug\</path>
         <kind>archive</kind>
         <file>freertos_builds_LP_MSPM0G3507_release_ticlang.lib</file>
         <name>PTLS.o</name>
      </input_file>
      <input_file id="fl-19">
         <path>C:\Users\bense\workspace_ccstheia\freertos_builds_LP_MSPM0G3507_release_ticlang\Debug\</path>
         <kind>archive</kind>
         <file>freertos_builds_LP_MSPM0G3507_release_ticlang.lib</file>
         <name>StaticAllocs_freertos.o</name>
      </input_file>
      <input_file id="fl-1a">
         <path>C:\Users\bense\workspace_ccstheia\freertos_builds_LP_MSPM0G3507_release_ticlang\Debug\</path>
         <kind>archive</kind>
         <file>freertos_builds_LP_MSPM0G3507_release_ticlang.lib</file>
         <name>heap_4.o</name>
      </input_file>
      <input_file id="fl-1b">
         <path>C:\Users\bense\workspace_ccstheia\freertos_builds_LP_MSPM0G3507_release_ticlang\Debug\</path>
         <kind>archive</kind>
         <file>freertos_builds_LP_MSPM0G3507_release_ticlang.lib</file>
         <name>list.o</name>
      </input_file>
      <input_file id="fl-1c">
         <path>C:\ti\mspm0_sdk_2_11_00_07\source\ti\driverlib\lib\ticlang\m0p\mspm0g1x0x_g3x0x\</path>
         <kind>archive</kind>
         <file>driverlib.a</file>
         <name>dl_adc12.o</name>
      </input_file>
      <input_file id="fl-1d">
         <path>C:\ti\mspm0_sdk_2_11_00_07\source\ti\driverlib\lib\ticlang\m0p\mspm0g1x0x_g3x0x\</path>
         <kind>archive</kind>
         <file>driverlib.a</file>
         <name>dl_common.o</name>
      </input_file>
      <input_file id="fl-1e">
         <path>C:\ti\mspm0_sdk_2_11_00_07\source\ti\driverlib\lib\ticlang\m0p\mspm0g1x0x_g3x0x\</path>
         <kind>archive</kind>
         <file>driverlib.a</file>
         <name>dl_dac12.o</name>
      </input_file>
      <input_file id="fl-1f">
         <path>C:\ti\mspm0_sdk_2_11_00_07\source\ti\driverlib\lib\ticlang\m0p\mspm0g1x0x_g3x0x\</path>
         <kind>archive</kind>
         <file>driverlib.a</file>
         <name>dl_timer.o</name>
      </input_file>
      <input_file id="fl-20">
         <path>C:\ti\mspm0_sdk_2_11_00_07\source\ti\driverlib\lib\ticlang\m0p\mspm0g1x0x_g3x0x\</path>
         <kind>archive</kind>
         <file>driverlib.a</file>
         <name>dl_uart.o</name>
      </input_file>
      <input_file id="fl-35">
         <path>C:\ti\ccstheia151\ccs\tools\compiler\ti-cgt-armllvm_4.0.0.LTS\lib\armv6m-ti-none-eabi\c\</path>
         <kind>archive</kind>
         <file>libc.a</file>
         <name>snprintf.c.obj</name>
      </input_file>
      <input_file id="fl-36">
         <path>C:\ti\ccstheia151\ccs\tools\compiler\ti-cgt-armllvm_4.0.0.LTS\lib\armv6m-ti-none-eabi\c\</path>
         <kind>archive</kind>
         <file>libc.a</file>
         <name>boot_cortex_m.c.obj</name>
      </input_file>
      <input_file id="fl-37">
         <path>C:\ti\ccstheia151\ccs\tools\compiler\ti-cgt-armllvm_4.0.0.LTS\lib\armv6m-ti-none-eabi\c\</path>
         <kind>archive</kind>
         <file>libc.a</file>
         <name>mathacl_init.c.obj</name>
      </input_file>
      <input_file id="fl-38">
         <path>C:\ti\ccstheia151\ccs\tools\compiler\ti-cgt-armllvm_4.0.0.LTS\lib\armv6m-ti-none-eabi\c\</path>
         <kind>archive</kind>
         <file>libc.a</file>
         <name>autoinit.c.obj</name>
      </input_file>
      <input_file id="fl-39">
         <path>C:\ti\ccstheia151\ccs\tools\compiler\ti-cgt-armllvm_4.0.0.LTS\lib\armv6m-ti-none-eabi\c\</path>
         <kind>archive</kind>
         <file>libc.a</file>
         <name>pre_init.c.obj</name>
      </input_file>
      <input_file id="fl-3a">
         <path>C:\ti\ccstheia151\ccs\tools\compiler\ti-cgt-armllvm_4.0.0.LTS\lib\armv6m-ti-none-eabi\c\</path>
         <kind>archive</kind>
         <file>libc.a</file>
         <name>cpy_tbl.c.obj</name>
      </input_file>
      <input_file id="fl-3b">
         <path>C:\ti\ccstheia151\ccs\tools\compiler\ti-cgt-armllvm_4.0.0.LTS\lib\armv6m-ti-none-eabi\c\</path>
         <kind>archive</kind>
         <file>libc.a</file>
         <name>copy_zero_init.c.obj</name>
      </input_file>
      <input_file id="fl-3c">
         <path>C:\ti\ccstheia151\ccs\tools\compiler\ti-cgt-armllvm_4.0.0.LTS\lib\armv6m-ti-none-eabi\c\</path>
         <kind>archive</kind>
         <file>libc.a</file>
         <name>copy_decompress_none.c.obj</name>
      </input_file>
      <input_file id="fl-3d">
         <path>C:\ti\ccstheia151\ccs\tools\compiler\ti-cgt-armllvm_4.0.0.LTS\lib\armv6m-ti-none-eabi\c\</path>
         <kind>archive</kind>
         <file>libc.a</file>
         <name>copy_decompress_lzss.c.obj</name>
      </input_file>
      <input_file id="fl-3e">
         <path>C:\ti\ccstheia151\ccs\tools\compiler\ti-cgt-armllvm_4.0.0.LTS\lib\armv6m-ti-none-eabi\c\</path>
         <kind>archive</kind>
         <file>libc.a</file>
         <name>_printfi.c.obj</name>
      </input_file>
      <input_file id="fl-3f">
         <path>C:\ti\ccstheia151\ccs\tools\compiler\ti-cgt-armllvm_4.0.0.LTS\lib\armv6m-ti-none-eabi\c\</path>
         <kind>archive</kind>
         <file>libc.a</file>
         <name>wcslen.c.obj</name>
      </input_file>
      <input_file id="fl-40">
         <path>C:\ti\ccstheia151\ccs\tools\compiler\ti-cgt-armllvm_4.0.0.LTS\lib\armv6m-ti-none-eabi\c\</path>
         <kind>archive</kind>
         <file>libc.a</file>
         <name>s_frexp.c.obj</name>
      </input_file>
      <input_file id="fl-41">
         <path>C:\ti\ccstheia151\ccs\tools\compiler\ti-cgt-armllvm_4.0.0.LTS\lib\armv6m-ti-none-eabi\c\</path>
         <kind>archive</kind>
         <file>libc.a</file>
         <name>s_scalbn.c.obj</name>
      </input_file>
      <input_file id="fl-42">
         <path>C:\ti\ccstheia151\ccs\tools\compiler\ti-cgt-armllvm_4.0.0.LTS\lib\armv6m-ti-none-eabi\c\</path>
         <kind>archive</kind>
         <file>libc.a</file>
         <name>aeabi_portable.c.obj</name>
      </input_file>
      <input_file id="fl-43">
         <path>C:\ti\ccstheia151\ccs\tools\compiler\ti-cgt-armllvm_4.0.0.LTS\lib\armv6m-ti-none-eabi\c\</path>
         <kind>archive</kind>
         <file>libc.a</file>
         <name>exit.c.obj</name>
      </input_file>
      <input_file id="fl-44">
         <path>C:\ti\ccstheia151\ccs\tools\compiler\ti-cgt-armllvm_4.0.0.LTS\lib\armv6m-ti-none-eabi\c\</path>
         <kind>archive</kind>
         <file>libc.a</file>
         <name>_lock.c.obj</name>
      </input_file>
      <input_file id="fl-45">
         <path>C:\ti\ccstheia151\ccs\tools\compiler\ti-cgt-armllvm_4.0.0.LTS\lib\armv6m-ti-none-eabi\c\</path>
         <kind>archive</kind>
         <file>libc.a</file>
         <name>_ltoa.c.obj</name>
      </input_file>
      <input_file id="fl-46">
         <path>C:\ti\ccstheia151\ccs\tools\compiler\ti-cgt-armllvm_4.0.0.LTS\lib\armv6m-ti-none-eabi\c\</path>
         <kind>archive</kind>
         <file>libc.a</file>
         <name>args_main.c.obj</name>
      </input_file>
      <input_file id="fl-47">
         <path>C:\ti\ccstheia151\ccs\tools\compiler\ti-cgt-armllvm_4.0.0.LTS\lib\armv6m-ti-none-eabi\c\</path>
         <kind>archive</kind>
         <file>libc.a</file>
         <name>assert.c.obj</name>
      </input_file>
      <input_file id="fl-48">
         <path>C:\ti\ccstheia151\ccs\tools\compiler\ti-cgt-armllvm_4.0.0.LTS\lib\armv6m-ti-none-eabi\c\</path>
         <kind>archive</kind>
         <file>libc.a</file>
         <name>atoi.c.obj</name>
      </input_file>
      <input_file id="fl-49">
         <path>C:\ti\ccstheia151\ccs\tools\compiler\ti-cgt-armllvm_4.0.0.LTS\lib\armv6m-ti-none-eabi\c\</path>
         <kind>archive</kind>
         <file>libc.a</file>
         <name>defs.c.obj</name>
      </input_file>
      <input_file id="fl-4a">
         <path>C:\ti\ccstheia151\ccs\tools\compiler\ti-cgt-armllvm_4.0.0.LTS\lib\armv6m-ti-none-eabi\c\</path>
         <kind>archive</kind>
         <file>libc.a</file>
         <name>memccpy.c.obj</name>
      </input_file>
      <input_file id="fl-4b">
         <path>C:\ti\ccstheia151\ccs\tools\compiler\ti-cgt-armllvm_4.0.0.LTS\lib\armv6m-ti-none-eabi\c\</path>
         <kind>archive</kind>
         <file>libc.a</file>
         <name>memory.c.obj</name>
      </input_file>
      <input_file id="fl-4c">
         <path>C:\ti\ccstheia151\ccs\tools\compiler\ti-cgt-armllvm_4.0.0.LTS\lib\armv6m-ti-none-eabi\c\</path>
         <kind>archive</kind>
         <file>libc.a</file>
         <name>sprintf.c.obj</name>
      </input_file>
      <input_file id="fl-4d">
         <path>C:\ti\ccstheia151\ccs\tools\compiler\ti-cgt-armllvm_4.0.0.LTS\lib\armv6m-ti-none-eabi\c\</path>
         <kind>archive</kind>
         <file>libc.a</file>
         <name>fflush.c.obj</name>
      </input_file>
      <input_file id="fl-4e">
         <path>C:\ti\ccstheia151\ccs\tools\compiler\ti-cgt-armllvm_4.0.0.LTS\lib\armv6m-ti-none-eabi\c\</path>
         <kind>archive</kind>
         <file>libc.a</file>
         <name>fputs.c.obj</name>
      </input_file>
      <input_file id="fl-4f">
         <path>C:\ti\ccstheia151\ccs\tools\compiler\ti-cgt-armllvm_4.0.0.LTS\lib\armv6m-ti-none-eabi\c\</path>
         <kind>archive</kind>
         <file>libc.a</file>
         <name>_io_perm.c.obj</name>
      </input_file>
      <input_file id="fl-50">
         <path>C:\ti\ccstheia151\ccs\tools\compiler\ti-cgt-armllvm_4.0.0.LTS\lib\armv6m-ti-none-eabi\c\</path>
         <kind>archive</kind>
         <file>libc.a</file>
         <name>setvbuf.c.obj</name>
      </input_file>
      <input_file id="fl-51">
         <path>C:\ti\ccstheia151\ccs\tools\compiler\ti-cgt-armllvm_4.0.0.LTS\lib\armv6m-ti-none-eabi\c\</path>
         <kind>archive</kind>
         <file>libc.a</file>
         <name>aeabi_ctype.S.obj</name>
      </input_file>
      <input_file id="fl-52">
         <path>C:\ti\ccstheia151\ccs\tools\compiler\ti-cgt-armllvm_4.0.0.LTS\lib\armv6m-ti-none-eabi\c\</path>
         <kind>archive</kind>
         <file>libc.a</file>
         <name>fopen.c.obj</name>
      </input_file>
      <input_file id="fl-53">
         <path>C:\ti\ccstheia151\ccs\tools\compiler\ti-cgt-armllvm_4.0.0.LTS\lib\armv6m-ti-none-eabi\c\</path>
         <kind>archive</kind>
         <file>libc.a</file>
         <name>fseek.c.obj</name>
      </input_file>
      <input_file id="fl-54">
         <path>C:\ti\ccstheia151\ccs\tools\compiler\ti-cgt-armllvm_4.0.0.LTS\lib\armv6m-ti-none-eabi\c\</path>
         <kind>archive</kind>
         <file>libc.a</file>
         <name>fclose.c.obj</name>
      </input_file>
      <input_file id="fl-ea">
         <path>C:\ti\ccstheia151\ccs\tools\compiler\ti-cgt-armllvm_4.0.0.LTS\lib\armv6m-ti-none-eabi\c\</path>
         <kind>archive</kind>
         <file>libsysbm.a</file>
         <name>write.c.obj</name>
      </input_file>
      <input_file id="fl-eb">
         <path>C:\ti\ccstheia151\ccs\tools\compiler\ti-cgt-armllvm_4.0.0.LTS\lib\armv6m-ti-none-eabi\c\</path>
         <kind>archive</kind>
         <file>libsysbm.a</file>
         <name>host_device.c.obj</name>
      </input_file>
      <input_file id="fl-ec">
         <path>C:\ti\ccstheia151\ccs\tools\compiler\ti-cgt-armllvm_4.0.0.LTS\lib\armv6m-ti-none-eabi\c\</path>
         <kind>archive</kind>
         <file>libsysbm.a</file>
         <name>remove.c.obj</name>
      </input_file>
      <input_file id="fl-ed">
         <path>C:\ti\ccstheia151\ccs\tools\compiler\ti-cgt-armllvm_4.0.0.LTS\lib\armv6m-ti-none-eabi\c\</path>
         <kind>archive</kind>
         <file>libsysbm.a</file>
         <name>open.c.obj</name>
      </input_file>
      <input_file id="fl-ee">
         <path>C:\ti\ccstheia151\ccs\tools\compiler\ti-cgt-armllvm_4.0.0.LTS\lib\armv6m-ti-none-eabi\c\</path>
         <kind>archive</kind>
         <file>libsysbm.a</file>
         <name>lseek.c.obj</name>
      </input_file>
      <input_file id="fl-ef">
         <path>C:\ti\ccstheia151\ccs\tools\compiler\ti-cgt-armllvm_4.0.0.LTS\lib\armv6m-ti-none-eabi\c\</path>
         <kind>archive</kind>
         <file>libsysbm.a</file>
         <name>close.c.obj</name>
      </input_file>
      <input_file id="fl-f0">
         <path>C:\ti\ccstheia151\ccs\tools\compiler\ti-cgt-armllvm_4.0.0.LTS\lib\armv6m-ti-none-eabi\c\</path>
         <kind>archive</kind>
         <file>libsysbm.a</file>
         <name>unlink.c.obj</name>
      </input_file>
      <input_file id="fl-f1">
         <path>C:\ti\ccstheia151\ccs\tools\compiler\ti-cgt-armllvm_4.0.0.LTS\lib\armv6m-ti-none-eabi\c\</path>
         <kind>archive</kind>
         <file>libsysbm.a</file>
         <name>hostclose.c.obj</name>
      </input_file>
      <input_file id="fl-f2">
         <path>C:\ti\ccstheia151\ccs\tools\compiler\ti-cgt-armllvm_4.0.0.LTS\lib\armv6m-ti-none-eabi\c\</path>
         <kind>archive</kind>
         <file>libsysbm.a</file>
         <name>hostlseek.c.obj</name>
      </input_file>
      <input_file id="fl-f3">
         <path>C:\ti\ccstheia151\ccs\tools\compiler\ti-cgt-armllvm_4.0.0.LTS\lib\armv6m-ti-none-eabi\c\</path>
         <kind>archive</kind>
         <file>libsysbm.a</file>
         <name>hostopen.c.obj</name>
      </input_file>
      <input_file id="fl-f4">
         <path>C:\ti\ccstheia151\ccs\tools\compiler\ti-cgt-armllvm_4.0.0.LTS\lib\armv6m-ti-none-eabi\c\</path>
         <kind>archive</kind>
         <file>libsysbm.a</file>
         <name>hostread.c.obj</name>
      </input_file>
      <input_file id="fl-f5">
         <path>C:\ti\ccstheia151\ccs\tools\compiler\ti-cgt-armllvm_4.0.0.LTS\lib\armv6m-ti-none-eabi\c\</path>
         <kind>archive</kind>
         <file>libsysbm.a</file>
         <name>hostrename.c.obj</name>
      </input_file>
      <input_file id="fl-f6">
         <path>C:\ti\ccstheia151\ccs\tools\compiler\ti-cgt-armllvm_4.0.0.LTS\lib\armv6m-ti-none-eabi\c\</path>
         <kind>archive</kind>
         <file>libsysbm.a</file>
         <name>hostunlink.c.obj</name>
      </input_file>
      <input_file id="fl-f7">
         <path>C:\ti\ccstheia151\ccs\tools\compiler\ti-cgt-armllvm_4.0.0.LTS\lib\armv6m-ti-none-eabi\c\</path>
         <kind>archive</kind>
         <file>libsysbm.a</file>
         <name>hostwrite.c.obj</name>
      </input_file>
      <input_file id="fl-f8">
         <path>C:\ti\ccstheia151\ccs\tools\compiler\ti-cgt-armllvm_4.0.0.LTS\lib\armv6m-ti-none-eabi\c\</path>
         <kind>archive</kind>
         <file>libsysbm.a</file>
         <name>trgmsg.c.obj</name>
      </input_file>
      <input_file id="fl-f9">
         <path>C:\ti\ccstheia151\ccs\tools\compiler\ti-cgt-armllvm_4.0.0.LTS\lib\armv6m-ti-none-eabi\</path>
         <kind>archive</kind>
         <file>libclang_rt.builtins.a</file>
         <name>adddf3.S.obj</name>
      </input_file>
      <input_file id="fl-fa">
         <path>C:\ti\ccstheia151\ccs\tools\compiler\ti-cgt-armllvm_4.0.0.LTS\lib\armv6m-ti-none-eabi\</path>
         <kind>archive</kind>
         <file>libclang_rt.builtins.a</file>
         <name>muldf3.S.obj</name>
      </input_file>
      <input_file id="fl-fb">
         <path>C:\ti\ccstheia151\ccs\tools\compiler\ti-cgt-armllvm_4.0.0.LTS\lib\armv6m-ti-none-eabi\</path>
         <kind>archive</kind>
         <file>libclang_rt.builtins.a</file>
         <name>muldsi3.S.obj</name>
      </input_file>
      <input_file id="fl-fc">
         <path>C:\ti\ccstheia151\ccs\tools\compiler\ti-cgt-armllvm_4.0.0.LTS\lib\armv6m-ti-none-eabi\</path>
         <kind>archive</kind>
         <file>libclang_rt.builtins.a</file>
         <name>divdf3.S.obj</name>
      </input_file>
      <input_file id="fl-fd">
         <path>C:\ti\ccstheia151\ccs\tools\compiler\ti-cgt-armllvm_4.0.0.LTS\lib\armv6m-ti-none-eabi\</path>
         <kind>archive</kind>
         <file>libclang_rt.builtins.a</file>
         <name>fixdfsi.S.obj</name>
      </input_file>
      <input_file id="fl-fe">
         <path>C:\ti\ccstheia151\ccs\tools\compiler\ti-cgt-armllvm_4.0.0.LTS\lib\armv6m-ti-none-eabi\</path>
         <kind>archive</kind>
         <file>libclang_rt.builtins.a</file>
         <name>floatsidf.S.obj</name>
      </input_file>
      <input_file id="fl-ff">
         <path>C:\ti\ccstheia151\ccs\tools\compiler\ti-cgt-armllvm_4.0.0.LTS\lib\armv6m-ti-none-eabi\</path>
         <kind>archive</kind>
         <file>libclang_rt.builtins.a</file>
         <name>muldi3.S.obj</name>
      </input_file>
      <input_file id="fl-100">
         <path>C:\ti\ccstheia151\ccs\tools\compiler\ti-cgt-armllvm_4.0.0.LTS\lib\armv6m-ti-none-eabi\</path>
         <kind>archive</kind>
         <file>libclang_rt.builtins.a</file>
         <name>aeabi_dcmp.S.obj</name>
      </input_file>
      <input_file id="fl-101">
         <path>C:\ti\ccstheia151\ccs\tools\compiler\ti-cgt-armllvm_4.0.0.LTS\lib\armv6m-ti-none-eabi\</path>
         <kind>archive</kind>
         <file>libclang_rt.builtins.a</file>
         <name>aeabi_idivmod.S.obj</name>
      </input_file>
      <input_file id="fl-102">
         <path>C:\ti\ccstheia151\ccs\tools\compiler\ti-cgt-armllvm_4.0.0.LTS\lib\armv6m-ti-none-eabi\</path>
         <kind>archive</kind>
         <file>libclang_rt.builtins.a</file>
         <name>aeabi_memcpy.S.obj</name>
      </input_file>
      <input_file id="fl-103">
         <path>C:\ti\ccstheia151\ccs\tools\compiler\ti-cgt-armllvm_4.0.0.LTS\lib\armv6m-ti-none-eabi\</path>
         <kind>archive</kind>
         <file>libclang_rt.builtins.a</file>
         <name>aeabi_memset.S.obj</name>
      </input_file>
      <input_file id="fl-104">
         <path>C:\ti\ccstheia151\ccs\tools\compiler\ti-cgt-armllvm_4.0.0.LTS\lib\armv6m-ti-none-eabi\</path>
         <kind>archive</kind>
         <file>libclang_rt.builtins.a</file>
         <name>aeabi_uidivmod.S.obj</name>
      </input_file>
      <input_file id="fl-105">
         <path>C:\ti\ccstheia151\ccs\tools\compiler\ti-cgt-armllvm_4.0.0.LTS\lib\armv6m-ti-none-eabi\</path>
         <kind>archive</kind>
         <file>libclang_rt.builtins.a</file>
         <name>aeabi_uldivmod.S.obj</name>
      </input_file>
      <input_file id="fl-106">
         <path>C:\ti\ccstheia151\ccs\tools\compiler\ti-cgt-armllvm_4.0.0.LTS\lib\armv6m-ti-none-eabi\</path>
         <kind>archive</kind>
         <file>libclang_rt.builtins.a</file>
         <name>udivmoddi4.S.obj</name>
      </input_file>
      <input_file id="fl-107">
         <path>C:\ti\ccstheia151\ccs\tools\compiler\ti-cgt-armllvm_4.0.0.LTS\lib\armv6m-ti-none-eabi\</path>
         <kind>archive</kind>
         <file>libclang_rt.builtins.a</file>
         <name>ashldi3.S.obj</name>
      </input_file>
      <input_file id="fl-108">
         <path>C:\ti\ccstheia151\ccs\tools\compiler\ti-cgt-armllvm_4.0.0.LTS\lib\armv6m-ti-none-eabi\</path>
         <kind>archive</kind>
         <file>libclang_rt.builtins.a</file>
         <name>comparedf2.c.obj</name>
      </input_file>
      <input_file id="fl-109">
         <path>C:\ti\ccstheia151\ccs\tools\compiler\ti-cgt-armllvm_4.0.0.LTS\lib\armv6m-ti-none-eabi\</path>
         <kind>archive</kind>
         <file>libclang_rt.builtins.a</file>
         <name>aeabi_div0.c.obj</name>
      </input_file>
      <input_file id="fl-10a">
         <path>C:\ti\ccstheia151\ccs\tools\compiler\ti-cgt-armllvm_4.0.0.LTS\lib\armv6m-ti-none-eabi\c\</path>
         <kind>archive</kind>
         <file>libc.a</file>
         <name>getdevice.c.obj</name>
      </input_file>
      <input_file id="fl-10b">
         <path>C:\ti\ccstheia151\ccs\tools\compiler\ti-cgt-armllvm_4.0.0.LTS\lib\armv6m-ti-none-eabi\c\</path>
         <kind>archive</kind>
         <file>libc.a</file>
         <name>memcpy16.S.obj</name>
      </input_file>
      <input_file id="fl-10c">
         <path>C:\ti\ccstheia151\ccs\tools\compiler\ti-cgt-armllvm_4.0.0.LTS\lib\armv6m-ti-none-eabi\c\</path>
         <kind>archive</kind>
         <file>libc.a</file>
         <name>memset16.S.obj</name>
      </input_file>
      <input_file id="fl-10d">
         <path>C:\ti\ccstheia151\ccs\tools\compiler\ti-cgt-armllvm_4.0.0.LTS\lib\armv6m-ti-none-eabi\c\</path>
         <kind>archive</kind>
         <file>libc.a</file>
         <name>strcmp-armv6m.S.obj</name>
      </input_file>
   </input_file_list>
   <object_component_list>
      <object_component id="oc-18">
         <name>.intvecs</name>
         <load_address>0x0</load_address>
         <readonly>true</readonly>
         <run_address>0x0</run_address>
         <size>0xc0</size>
         <alignment>0x4</alignment>
         <input_file_ref idref="fl-5"/>
      </object_component>
      <object_component id="oc-1e9">
         <name>.text:__TI_printfi_nofloat</name>
         <load_address>0xc0</load_address>
         <readonly>true</readonly>
         <executable>true</executable>
         <run_address>0xc0</run_address>
         <size>0x868</size>
         <alignment>0x4</alignment>
         <input_file_ref idref="fl-3e"/>
      </object_component>
      <object_component id="oc-d8">
         <name>.text.LogTask</name>
         <load_address>0x928</load_address>
         <readonly>true</readonly>
         <executable>true</executable>
         <run_address>0x928</run_address>
         <size>0x460</size>
         <alignment>0x4</alignment>
         <input_file_ref idref="fl-3"/>
      </object_component>
      <object_component id="oc-d4">
         <name>.text.CtrlTask</name>
         <load_address>0xd88</load_address>
         <readonly>true</readonly>
         <executable>true</executable>
         <run_address>0xd88</run_address>
         <size>0x37c</size>
         <alignment>0x4</alignment>
         <input_file_ref idref="fl-3"/>
      </object_component>
      <object_component id="oc-10f">
         <name>.text.pvPortMalloc</name>
         <load_address>0x1104</load_address>
         <readonly>true</readonly>
         <executable>true</executable>
         <run_address>0x1104</run_address>
         <size>0x294</size>
         <alignment>0x4</alignment>
         <input_file_ref idref="fl-1a"/>
      </object_component>
      <object_component id="oc-d2">
         <name>.text.EventTask</name>
         <load_address>0x1398</load_address>
         <readonly>true</readonly>
         <executable>true</executable>
         <run_address>0x1398</run_address>
         <size>0x27c</size>
         <alignment>0x4</alignment>
         <input_file_ref idref="fl-3"/>
      </object_component>
      <object_component id="oc-9a">
         <name>.text.main</name>
         <load_address>0x1614</load_address>
         <readonly>true</readonly>
         <executable>true</executable>
         <run_address>0x1614</run_address>
         <size>0x250</size>
         <alignment>0x4</alignment>
         <input_file_ref idref="fl-3"/>
      </object_component>
      <object_component id="oc-7c">
         <name>.text.xTaskIncrementTick</name>
         <load_address>0x1864</load_address>
         <readonly>true</readonly>
         <executable>true</executable>
         <run_address>0x1864</run_address>
         <size>0x210</size>
         <alignment>0x4</alignment>
         <input_file_ref idref="fl-14"/>
      </object_component>
      <object_component id="oc-d0">
         <name>.text.AcqTask</name>
         <load_address>0x1a74</load_address>
         <readonly>true</readonly>
         <executable>true</executable>
         <run_address>0x1a74</run_address>
         <size>0x204</size>
         <alignment>0x4</alignment>
         <input_file_ref idref="fl-3"/>
      </object_component>
      <object_component id="oc-173">
         <name>.text.xTaskResumeAll</name>
         <load_address>0x1c78</load_address>
         <readonly>true</readonly>
         <executable>true</executable>
         <run_address>0x1c78</run_address>
         <size>0x1f8</size>
         <alignment>0x4</alignment>
         <input_file_ref idref="fl-14"/>
      </object_component>
      <object_component id="oc-128">
         <name>.text.xQueueSemaphoreTake</name>
         <load_address>0x1e70</load_address>
         <readonly>true</readonly>
         <executable>true</executable>
         <run_address>0x1e70</run_address>
         <size>0x1de</size>
         <alignment>0x2</alignment>
         <input_file_ref idref="fl-13"/>
      </object_component>
      <object_component id="oc-3e">
         <name>.text.Default_Handler</name>
         <load_address>0x204e</load_address>
         <readonly>true</readonly>
         <executable>true</executable>
         <run_address>0x204e</run_address>
         <size>0x2</size>
         <alignment>0x2</alignment>
         <input_file_ref idref="fl-5"/>
      </object_component>
      <object_component id="oc-d6">
         <name>.text.UiTask</name>
         <load_address>0x2050</load_address>
         <readonly>true</readonly>
         <executable>true</executable>
         <run_address>0x2050</run_address>
         <size>0x1cc</size>
         <alignment>0x4</alignment>
         <input_file_ref idref="fl-3"/>
      </object_component>
      <object_component id="oc-135">
         <name>.text.logHistogram</name>
         <load_address>0x221c</load_address>
         <readonly>true</readonly>
         <executable>true</executable>
         <run_address>0x221c</run_address>
         <size>0x1bc</size>
         <alignment>0x4</alignment>
         <input_file_ref idref="fl-3"/>
      </object_component>
      <object_component id="oc-1f2">
         <name>.text.xQueueReceive</name>
         <load_address>0x23d8</load_address>
         <readonly>true</readonly>
         <executable>true</executable>
         <run_address>0x23d8</run_address>
         <size>0x1a4</size>
         <alignment>0x2</alignment>
         <input_file_ref idref="fl-13"/>
      </object_component>
      <object_component id="oc-af">
         <name>.text.xTaskRemoveFromEventList</name>
         <load_address>0x257c</load_address>
         <readonly>true</readonly>
         <executable>true</executable>
         <run_address>0x257c</run_address>
         <size>0x18c</size>
         <alignment>0x4</alignment>
         <input_file_ref idref="fl-14"/>
      </object_component>
      <object_component id="oc-1df">
         <name>.text.prvProcessReceivedCommands</name>
         <load_address>0x2708</load_address>
         <readonly>true</readonly>
         <executable>true</executable>
         <run_address>0x2708</run_address>
         <size>0x15c</size>
         <alignment>0x4</alignment>
         <input_file_ref idref="fl-15"/>
      </object_component>
      <object_component id="oc-1a3">
         <name>.text.vTaskPriorityDisinheritAfterTimeout</name>
         <load_address>0x2864</load_address>
         <readonly>true</readonly>
         <executable>true</executable>
         <run_address>0x2864</run_address>
         <size>0x144</size>
         <alignment>0x4</alignment>
         <input_file_ref idref="fl-14"/>
      </object_component>
      <object_component id="oc-116">
         <name>.text.prvAddNewTaskToReadyList</name>
         <load_address>0x29a8</load_address>
         <readonly>true</readonly>
         <executable>true</executable>
         <run_address>0x29a8</run_address>
         <size>0x128</size>
         <alignment>0x4</alignment>
         <input_file_ref idref="fl-14"/>
      </object_component>
      <object_component id="oc-19f">
         <name>.text.xTaskPriorityInherit</name>
         <load_address>0x2ad0</load_address>
         <readonly>true</readonly>
         <executable>true</executable>
         <run_address>0x2ad0</run_address>
         <size>0x128</size>
         <alignment>0x4</alignment>
         <input_file_ref idref="fl-14"/>
      </object_component>
      <object_component id="oc-1c9">
         <name>.text.pxPortInitialiseStack</name>
         <load_address>0x2bf8</load_address>
         <readonly>true</readonly>
         <executable>true</executable>
         <run_address>0x2bf8</run_address>
         <size>0x114</size>
         <alignment>0x4</alignment>
         <input_file_ref idref="fl-16"/>
      </object_component>
      <object_component id="oc-82">
         <name>.text.xQueueGiveFromISR</name>
         <load_address>0x2d0c</load_address>
         <readonly>true</readonly>
         <executable>true</executable>
         <run_address>0x2d0c</run_address>
         <size>0x10e</size>
         <alignment>0x2</alignment>
         <input_file_ref idref="fl-13"/>
      </object_component>
      <object_component id="oc-16b">
         <name>.text.__aeabi_idiv0</name>
         <load_address>0x2e1a</load_address>
         <readonly>true</readonly>
         <executable>true</executable>
         <run_address>0x2e1a</run_address>
         <size>0x2</size>
         <alignment>0x2</alignment>
         <input_file_ref idref="fl-109"/>
      </object_component>
      <object_component id="oc-1c5">
         <name>.text.prvInsertBlockIntoFreeList</name>
         <load_address>0x2e1c</load_address>
         <readonly>true</readonly>
         <executable>true</executable>
         <run_address>0x2e1c</run_address>
         <size>0x10c</size>
         <alignment>0x4</alignment>
         <input_file_ref idref="fl-1a"/>
      </object_component>
      <object_component id="oc-1c">
         <name>.text.vTaskSwitchContext</name>
         <load_address>0x2f28</load_address>
         <readonly>true</readonly>
         <executable>true</executable>
         <run_address>0x2f28</run_address>
         <size>0x10c</size>
         <alignment>0x4</alignment>
         <input_file_ref idref="fl-14"/>
      </object_component>
      <object_component id="oc-17e">
         <name>.text.prvInitialiseNewTask</name>
         <load_address>0x3034</load_address>
         <readonly>true</readonly>
         <executable>true</executable>
         <run_address>0x3034</run_address>
         <size>0x104</size>
         <alignment>0x2</alignment>
         <input_file_ref idref="fl-14"/>
      </object_component>
      <object_component id="oc-154">
         <name>.text.DL_Timer_initTimerMode</name>
         <load_address>0x3138</load_address>
         <readonly>true</readonly>
         <executable>true</executable>
         <run_address>0x3138</run_address>
         <size>0xfc</size>
         <alignment>0x4</alignment>
         <input_file_ref idref="fl-1f"/>
      </object_component>
      <object_component id="oc-17d">
         <name>.text.vPortFree</name>
         <load_address>0x3234</load_address>
         <readonly>true</readonly>
         <executable>true</executable>
         <run_address>0x3234</run_address>
         <size>0xf8</size>
         <alignment>0x4</alignment>
         <input_file_ref idref="fl-1a"/>
      </object_component>
      <object_component id="oc-199">
         <name>.text.prvAddCurrentTaskToDelayedList</name>
         <load_address>0x332c</load_address>
         <readonly>true</readonly>
         <executable>true</executable>
         <run_address>0x332c</run_address>
         <size>0xe4</size>
         <alignment>0x4</alignment>
         <input_file_ref idref="fl-14"/>
      </object_component>
      <object_component id="oc-17c">
         <name>.text.xQueueGenericReset</name>
         <load_address>0x3410</load_address>
         <readonly>true</readonly>
         <executable>true</executable>
         <run_address>0x3410</run_address>
         <size>0xe4</size>
         <alignment>0x2</alignment>
         <input_file_ref idref="fl-13"/>
      </object_component>
      <object_component id="oc-121">
         <name>.text.xTaskDelayUntil</name>
         <load_address>0x34f4</load_address>
         <readonly>true</readonly>
         <executable>true</executable>
         <run_address>0x34f4</run_address>
         <size>0xdc</size>
         <alignment>0x4</alignment>
         <input_file_ref idref="fl-14"/>
      </object_component>
      <object_component id="oc-117">
         <name>.text.prvCreateIdleTasks</name>
         <load_address>0x35d0</load_address>
         <readonly>true</readonly>
         <executable>true</executable>
         <run_address>0x35d0</run_address>
         <size>0xcc</size>
         <alignment>0x4</alignment>
         <input_file_ref idref="fl-14"/>
      </object_component>
      <object_component id="oc-1a1">
         <name>.text.prvUnlockQueue</name>
         <load_address>0x369c</load_address>
         <readonly>true</readonly>
         <executable>true</executable>
         <run_address>0x369c</run_address>
         <size>0xb6</size>
         <alignment>0x2</alignment>
         <input_file_ref idref="fl-13"/>
      </object_component>
      <object_component id="oc-267">
         <name>.text.__aeabi_ldiv0</name>
         <load_address>0x3752</load_address>
         <readonly>true</readonly>
         <executable>true</executable>
         <run_address>0x3752</run_address>
         <size>0x2</size>
         <alignment>0x2</alignment>
         <input_file_ref idref="fl-109"/>
      </object_component>
      <object_component id="oc-19d">
         <name>.text.xTaskCheckForTimeOut</name>
         <load_address>0x3754</load_address>
         <readonly>true</readonly>
         <executable>true</executable>
         <run_address>0x3754</run_address>
         <size>0xb4</size>
         <alignment>0x4</alignment>
         <input_file_ref idref="fl-14"/>
      </object_component>
      <object_component id="oc-232">
         <name>.text</name>
         <load_address>0x3808</load_address>
         <readonly>true</readonly>
         <executable>true</executable>
         <run_address>0x3808</run_address>
         <size>0xa2</size>
         <alignment>0x4</alignment>
         <input_file_ref idref="fl-106"/>
      </object_component>
      <object_component id="oc-172">
         <name>.text.prvHeapInit</name>
         <load_address>0x38ac</load_address>
         <readonly>true</readonly>
         <executable>true</executable>
         <run_address>0x38ac</run_address>
         <size>0xa0</size>
         <alignment>0x4</alignment>
         <input_file_ref idref="fl-1a"/>
      </object_component>
      <object_component id="oc-1d4">
         <name>.text.xQueueGenericCreateStatic</name>
         <load_address>0x394c</load_address>
         <readonly>true</readonly>
         <executable>true</executable>
         <run_address>0x394c</run_address>
         <size>0xa0</size>
         <alignment>0x2</alignment>
         <input_file_ref idref="fl-13"/>
      </object_component>
      <object_component id="oc-b8">
         <name>.text:memcpy</name>
         <load_address>0x39ec</load_address>
         <readonly>true</readonly>
         <executable>true</executable>
         <run_address>0x39ec</run_address>
         <size>0x9a</size>
         <alignment>0x1</alignment>
         <input_file_ref idref="fl-10b"/>
      </object_component>
      <object_component id="oc-1d2">
         <name>.text.prvCreateStaticTask</name>
         <load_address>0x3a86</load_address>
         <readonly>true</readonly>
         <executable>true</executable>
         <run_address>0x3a86</run_address>
         <size>0x98</size>
         <alignment>0x2</alignment>
         <input_file_ref idref="fl-14"/>
      </object_component>
      <object_component id="oc-c8">
         <name>.text.xQueueGenericCreate</name>
         <load_address>0x3b1e</load_address>
         <readonly>true</readonly>
         <executable>true</executable>
         <run_address>0x3b1e</run_address>
         <size>0x94</size>
         <alignment>0x2</alignment>
         <input_file_ref idref="fl-13"/>
      </object_component>
      <object_component id="oc-1de">
         <name>.text.prvProcessTimerOrBlockTask</name>
         <load_address>0x3bb4</load_address>
         <readonly>true</readonly>
         <executable>true</executable>
         <run_address>0x3bb4</run_address>
         <size>0x8c</size>
         <alignment>0x4</alignment>
         <input_file_ref idref="fl-15"/>
      </object_component>
      <object_component id="oc-164">
         <name>.text.DL_DAC12_init</name>
         <load_address>0x3c40</load_address>
         <readonly>true</readonly>
         <executable>true</executable>
         <run_address>0x3c40</run_address>
         <size>0x88</size>
         <alignment>0x4</alignment>
         <input_file_ref idref="fl-1e"/>
      </object_component>
      <object_component id="oc-115">
         <name>.text.prvCreateTask</name>
         <load_address>0x3cc8</load_address>
         <readonly>true</readonly>
         <executable>true</executable>
         <run_address>0x3cc8</run_address>
         <size>0x84</size>
         <alignment>0x2</alignment>
         <input_file_ref idref="fl-14"/>
      </object_component>
      <object_component id="oc-1f3">
         <name>.text.prvInsertTimerInActiveList</name>
         <load_address>0x3d4c</load_address>
         <readonly>true</readonly>
         <executable>true</executable>
         <run_address>0x3d4c</run_address>
         <size>0x84</size>
         <alignment>0x4</alignment>
         <input_file_ref idref="fl-15"/>
      </object_component>
      <object_component id="oc-11d">
         <name>.text.xPortStartScheduler</name>
         <load_address>0x3dd0</load_address>
         <readonly>true</readonly>
         <executable>true</executable>
         <run_address>0x3dd0</run_address>
         <size>0x80</size>
         <alignment>0x4</alignment>
         <input_file_ref idref="fl-16"/>
      </object_component>
      <object_component id="oc-180">
         <name>.text.prvInitialiseTaskLists</name>
         <load_address>0x3e50</load_address>
         <readonly>true</readonly>
         <executable>true</executable>
         <run_address>0x3e50</run_address>
         <size>0x7c</size>
         <alignment>0x4</alignment>
         <input_file_ref idref="fl-14"/>
      </object_component>
      <object_component id="oc-118">
         <name>.text.xTimerCreateTimerTask</name>
         <load_address>0x3ecc</load_address>
         <readonly>true</readonly>
         <executable>true</executable>
         <run_address>0x3ecc</run_address>
         <size>0x7c</size>
         <alignment>0x4</alignment>
         <input_file_ref idref="fl-15"/>
      </object_component>
      <object_component id="oc-27">
         <name>.text:decompress:lzss</name>
         <load_address>0x3f48</load_address>
         <readonly>true</readonly>
         <executable>true</executable>
         <run_address>0x3f48</run_address>
         <size>0x7c</size>
         <alignment>0x4</alignment>
         <input_file_ref idref="fl-3d"/>
      </object_component>
      <object_component id="oc-21d">
         <name>.text.vTaskPlaceOnEventListRestricted</name>
         <load_address>0x3fc4</load_address>
         <readonly>true</readonly>
         <executable>true</executable>
         <run_address>0x3fc4</run_address>
         <size>0x74</size>
         <alignment>0x4</alignment>
         <input_file_ref idref="fl-14"/>
      </object_component>
      <object_component id="oc-18d">
         <name>.text.prvCheckForValidListAndQueue</name>
         <load_address>0x4038</load_address>
         <readonly>true</readonly>
         <executable>true</executable>
         <run_address>0x4038</run_address>
         <size>0x6c</size>
         <alignment>0x4</alignment>
         <input_file_ref idref="fl-15"/>
      </object_component>
      <object_component id="oc-1e1">
         <name>.text.vListInsert</name>
         <load_address>0x40a4</load_address>
         <readonly>true</readonly>
         <executable>true</executable>
         <run_address>0x40a4</run_address>
         <size>0x6c</size>
         <alignment>0x2</alignment>
         <input_file_ref idref="fl-1b"/>
      </object_component>
      <object_component id="oc-1f1">
         <name>.text.vQueueWaitForMessageRestricted</name>
         <load_address>0x4110</load_address>
         <readonly>true</readonly>
         <executable>true</executable>
         <run_address>0x4110</run_address>
         <size>0x6a</size>
         <alignment>0x2</alignment>
         <input_file_ref idref="fl-13"/>
      </object_component>
      <object_component id="oc-ca">
         <name>.text.vTaskStartScheduler</name>
         <load_address>0x417c</load_address>
         <readonly>true</readonly>
         <executable>true</executable>
         <run_address>0x417c</run_address>
         <size>0x68</size>
         <alignment>0x4</alignment>
         <input_file_ref idref="fl-14"/>
      </object_component>
      <object_component id="oc-fb">
         <name>.text:memset</name>
         <load_address>0x41e4</load_address>
         <readonly>true</readonly>
         <executable>true</executable>
         <run_address>0x41e4</run_address>
         <size>0x62</size>
         <alignment>0x1</alignment>
         <input_file_ref idref="fl-10c"/>
      </object_component>
      <object_component id="oc-102">
         <name>.text.SYSCFG_DL_UART_0_init</name>
         <load_address>0x4248</load_address>
         <readonly>true</readonly>
         <executable>true</executable>
         <run_address>0x4248</run_address>
         <size>0x60</size>
         <alignment>0x4</alignment>
         <input_file_ref idref="fl-1"/>
      </object_component>
      <object_component id="oc-fc">
         <name>.text.SYSCFG_DL_initPower</name>
         <load_address>0x42a8</load_address>
         <readonly>true</readonly>
         <executable>true</executable>
         <run_address>0x42a8</run_address>
         <size>0x60</size>
         <alignment>0x4</alignment>
         <input_file_ref idref="fl-1"/>
      </object_component>
      <object_component id="oc-46">
         <name>.text.TIMA0_IRQHandler</name>
         <load_address>0x4308</load_address>
         <readonly>true</readonly>
         <executable>true</executable>
         <run_address>0x4308</run_address>
         <size>0x54</size>
         <alignment>0x4</alignment>
         <input_file_ref idref="fl-3"/>
      </object_component>
      <object_component id="oc-101">
         <name>.text.SYSCFG_DL_TIMER_1_init</name>
         <load_address>0x435c</load_address>
         <readonly>true</readonly>
         <executable>true</executable>
         <run_address>0x435c</run_address>
         <size>0x50</size>
         <alignment>0x4</alignment>
         <input_file_ref idref="fl-1"/>
      </object_component>
      <object_component id="oc-1d3">
         <name>.text.prvCheckTasksWaitingTermination</name>
         <load_address>0x43ac</load_address>
         <readonly>true</readonly>
         <executable>true</executable>
         <run_address>0x43ac</run_address>
         <size>0x50</size>
         <alignment>0x4</alignment>
         <input_file_ref idref="fl-14"/>
      </object_component>
      <object_component id="oc-1ed">
         <name>.text.prvDeleteTCB</name>
         <load_address>0x43fc</load_address>
         <readonly>true</readonly>
         <executable>true</executable>
         <run_address>0x43fc</run_address>
         <size>0x50</size>
         <alignment>0x2</alignment>
         <input_file_ref idref="fl-14"/>
      </object_component>
      <object_component id="oc-1f0">
         <name>.text.prvProcessExpiredTimer</name>
         <load_address>0x444c</load_address>
         <readonly>true</readonly>
         <executable>true</executable>
         <run_address>0x444c</run_address>
         <size>0x50</size>
         <alignment>0x4</alignment>
         <input_file_ref idref="fl-15"/>
      </object_component>
      <object_component id="oc-fd">
         <name>.text.SYSCFG_DL_GPIO_init</name>
         <load_address>0x449c</load_address>
         <readonly>true</readonly>
         <executable>true</executable>
         <run_address>0x449c</run_address>
         <size>0x4c</size>
         <alignment>0x4</alignment>
         <input_file_ref idref="fl-1"/>
      </object_component>
      <object_component id="oc-12f">
         <name>.text.snprintf</name>
         <load_address>0x44e8</load_address>
         <readonly>true</readonly>
         <executable>true</executable>
         <run_address>0x44e8</run_address>
         <size>0x4c</size>
         <alignment>0x4</alignment>
         <input_file_ref idref="fl-35"/>
      </object_component>
      <object_component id="oc-189">
         <name>.text.xTaskCreateStatic</name>
         <load_address>0x4534</load_address>
         <readonly>true</readonly>
         <executable>true</executable>
         <run_address>0x4534</run_address>
         <size>0x4c</size>
         <alignment>0x2</alignment>
         <input_file_ref idref="fl-14"/>
      </object_component>
      <object_component id="oc-15a">
         <name>.text.DL_UART_init</name>
         <load_address>0x4580</load_address>
         <readonly>true</readonly>
         <executable>true</executable>
         <run_address>0x4580</run_address>
         <size>0x48</size>
         <alignment>0x4</alignment>
         <input_file_ref idref="fl-20"/>
      </object_component>
      <object_component id="oc-1e0">
         <name>.text.uxListRemove</name>
         <load_address>0x45c8</load_address>
         <readonly>true</readonly>
         <executable>true</executable>
         <run_address>0x45c8</run_address>
         <size>0x48</size>
         <alignment>0x2</alignment>
         <input_file_ref idref="fl-1b"/>
      </object_component>
      <object_component id="oc-c9">
         <name>.text.xTaskCreate</name>
         <load_address>0x4610</load_address>
         <readonly>true</readonly>
         <executable>true</executable>
         <run_address>0x4610</run_address>
         <size>0x48</size>
         <alignment>0x2</alignment>
         <input_file_ref idref="fl-14"/>
      </object_component>
      <object_component id="oc-114">
         <name>.text.prvInitialiseNewQueue</name>
         <load_address>0x4658</load_address>
         <readonly>true</readonly>
         <executable>true</executable>
         <run_address>0x4658</run_address>
         <size>0x46</size>
         <alignment>0x2</alignment>
         <input_file_ref idref="fl-13"/>
      </object_component>
      <object_component id="oc-44">
         <name>.text.PendSV_Handler</name>
         <load_address>0x46a0</load_address>
         <readonly>true</readonly>
         <executable>true</executable>
         <run_address>0x46a0</run_address>
         <size>0x44</size>
         <alignment>0x10</alignment>
         <input_file_ref idref="fl-17"/>
      </object_component>
      <object_component id="oc-21e">
         <name>.text.prvCopyDataFromQueue</name>
         <load_address>0x46e4</load_address>
         <readonly>true</readonly>
         <executable>true</executable>
         <run_address>0x46e4</run_address>
         <size>0x44</size>
         <alignment>0x2</alignment>
         <input_file_ref idref="fl-13"/>
      </object_component>
      <object_component id="oc-21b">
         <name>.text.prvSwitchTimerLists</name>
         <load_address>0x4728</load_address>
         <readonly>true</readonly>
         <executable>true</executable>
         <run_address>0x4728</run_address>
         <size>0x44</size>
         <alignment>0x4</alignment>
         <input_file_ref idref="fl-15"/>
      </object_component>
      <object_component id="oc-15d">
         <name>.text.DL_ADC12_setClockConfig</name>
         <load_address>0x476c</load_address>
         <readonly>true</readonly>
         <executable>true</executable>
         <run_address>0x476c</run_address>
         <size>0x40</size>
         <alignment>0x4</alignment>
         <input_file_ref idref="fl-1c"/>
      </object_component>
      <object_component id="oc-10b">
         <name>.text.__aeabi_uidivmod</name>
         <load_address>0x47ac</load_address>
         <readonly>true</readonly>
         <executable>true</executable>
         <run_address>0x47ac</run_address>
         <size>0x40</size>
         <alignment>0x4</alignment>
         <input_file_ref idref="fl-104"/>
      </object_component>
      <object_component id="oc-1fd">
         <name>.text.atoi</name>
         <load_address>0x47ec</load_address>
         <readonly>true</readonly>
         <executable>true</executable>
         <run_address>0x47ec</run_address>
         <size>0x40</size>
         <alignment>0x4</alignment>
         <input_file_ref idref="fl-48"/>
      </object_component>
      <object_component id="oc-50">
         <name>.text.vApplicationStackOverflowHook</name>
         <load_address>0x482c</load_address>
         <readonly>true</readonly>
         <executable>true</executable>
         <run_address>0x482c</run_address>
         <size>0x40</size>
         <alignment>0x4</alignment>
         <input_file_ref idref="fl-3"/>
      </object_component>
      <object_component id="oc-1ef">
         <name>.text.prvSampleTimeNow</name>
         <load_address>0x486c</load_address>
         <readonly>true</readonly>
         <executable>true</executable>
         <run_address>0x486c</run_address>
         <size>0x3c</size>
         <alignment>0x4</alignment>
         <input_file_ref idref="fl-15"/>
      </object_component>
      <object_component id="oc-e1">
         <name>.text:__TI_auto_init_nobinit_nopinit</name>
         <load_address>0x48a8</load_address>
         <readonly>true</readonly>
         <executable>true</executable>
         <run_address>0x48a8</run_address>
         <size>0x3c</size>
         <alignment>0x4</alignment>
         <input_file_ref idref="fl-38"/>
      </object_component>
      <object_component id="oc-22d">
         <name>.text.__muldsi3</name>
         <load_address>0x48e4</load_address>
         <readonly>true</readonly>
         <executable>true</executable>
         <run_address>0x48e4</run_address>
         <size>0x3a</size>
         <alignment>0x4</alignment>
         <input_file_ref idref="fl-fb"/>
      </object_component>
      <object_component id="oc-103">
         <name>.text.SYSCFG_DL_ADC12_0_init</name>
         <load_address>0x4920</load_address>
         <readonly>true</readonly>
         <executable>true</executable>
         <run_address>0x4920</run_address>
         <size>0x38</size>
         <alignment>0x4</alignment>
         <input_file_ref idref="fl-1"/>
      </object_component>
      <object_component id="oc-100">
         <name>.text.SYSCFG_DL_TIMER_0_init</name>
         <load_address>0x4958</load_address>
         <readonly>true</readonly>
         <executable>true</executable>
         <run_address>0x4958</run_address>
         <size>0x38</size>
         <alignment>0x4</alignment>
         <input_file_ref idref="fl-1"/>
      </object_component>
      <object_component id="oc-bd">
         <name>.text.SYSCFG_DL_init</name>
         <load_address>0x4990</load_address>
         <readonly>true</readonly>
         <executable>true</executable>
         <run_address>0x4990</run_address>
         <size>0x38</size>
         <alignment>0x4</alignment>
         <input_file_ref idref="fl-1"/>
      </object_component>
      <object_component id="oc-1dd">
         <name>.text.prvGetNextExpireTime</name>
         <load_address>0x49c8</load_address>
         <readonly>true</readonly>
         <executable>true</executable>
         <run_address>0x49c8</run_address>
         <size>0x38</size>
         <alignment>0x4</alignment>
         <input_file_ref idref="fl-15"/>
      </object_component>
      <object_component id="oc-19a">
         <name>.text.xTaskGetSchedulerState</name>
         <load_address>0x4a00</load_address>
         <readonly>true</readonly>
         <executable>true</executable>
         <run_address>0x4a00</run_address>
         <size>0x38</size>
         <alignment>0x4</alignment>
         <input_file_ref idref="fl-14"/>
      </object_component>
      <object_component id="oc-1f4">
         <name>.text.prvReloadTimer</name>
         <load_address>0x4a38</load_address>
         <readonly>true</readonly>
         <executable>true</executable>
         <run_address>0x4a38</run_address>
         <size>0x36</size>
         <alignment>0x2</alignment>
         <input_file_ref idref="fl-15"/>
      </object_component>
      <object_component id="oc-1a0">
         <name>.text.vTaskPlaceOnEventList</name>
         <load_address>0x4a70</load_address>
         <readonly>true</readonly>
         <executable>true</executable>
         <run_address>0x4a70</run_address>
         <size>0x34</size>
         <alignment>0x4</alignment>
         <input_file_ref idref="fl-14"/>
      </object_component>
      <object_component id="oc-c2">
         <name>.text.DL_UART_transmitDataBlocking</name>
         <load_address>0x4aa4</load_address>
         <readonly>true</readonly>
         <executable>true</executable>
         <run_address>0x4aa4</run_address>
         <size>0x30</size>
         <alignment>0x4</alignment>
         <input_file_ref idref="fl-20"/>
      </object_component>
      <object_component id="oc-45">
         <name>.text.SysTick_Handler</name>
         <load_address>0x4ad4</load_address>
         <readonly>true</readonly>
         <executable>true</executable>
         <run_address>0x4ad4</run_address>
         <size>0x30</size>
         <alignment>0x4</alignment>
         <input_file_ref idref="fl-16"/>
      </object_component>
      <object_component id="oc-1a5">
         <name>.text._outs</name>
         <load_address>0x4b04</load_address>
         <readonly>true</readonly>
         <executable>true</executable>
         <run_address>0x4b04</run_address>
         <size>0x30</size>
         <alignment>0x2</alignment>
         <input_file_ref idref="fl-35"/>
      </object_component>
      <object_component id="oc-a5">
         <name>.text.prvResetNextTaskUnblockTime</name>
         <load_address>0x4b34</load_address>
         <readonly>true</readonly>
         <executable>true</executable>
         <run_address>0x4b34</run_address>
         <size>0x30</size>
         <alignment>0x4</alignment>
         <input_file_ref idref="fl-14"/>
      </object_component>
      <object_component id="oc-197">
         <name>.text.prvTaskExitError</name>
         <load_address>0x4b64</load_address>
         <readonly>true</readonly>
         <executable>true</executable>
         <run_address>0x4b64</run_address>
         <size>0x30</size>
         <alignment>0x4</alignment>
         <input_file_ref idref="fl-16"/>
      </object_component>
      <object_component id="oc-20">
         <name>.text.vPortSVCHandler_C</name>
         <load_address>0x4b94</load_address>
         <readonly>true</readonly>
         <executable>true</executable>
         <run_address>0x4b94</run_address>
         <size>0x2e</size>
         <alignment>0x2</alignment>
         <input_file_ref idref="fl-16"/>
      </object_component>
      <object_component id="oc-fe">
         <name>.text.SYSCFG_DL_SYSCTL_init</name>
         <load_address>0x4bc4</load_address>
         <readonly>true</readonly>
         <executable>true</executable>
         <run_address>0x4bc4</run_address>
         <size>0x2c</size>
         <alignment>0x4</alignment>
         <input_file_ref idref="fl-1"/>
      </object_component>
      <object_component id="oc-1c0">
         <name>.text.vListInitialise</name>
         <load_address>0x4bf0</load_address>
         <readonly>true</readonly>
         <executable>true</executable>
         <run_address>0x4bf0</run_address>
         <size>0x2c</size>
         <alignment>0x2</alignment>
         <input_file_ref idref="fl-1b"/>
      </object_component>
      <object_component id="oc-181">
         <name>.text.vPortExitCritical</name>
         <load_address>0x4c1c</load_address>
         <readonly>true</readonly>
         <executable>true</executable>
         <run_address>0x4c1c</run_address>
         <size>0x2c</size>
         <alignment>0x4</alignment>
         <input_file_ref idref="fl-16"/>
      </object_component>
      <object_component id="oc-19e">
         <name>.text.prvIsQueueEmpty</name>
         <load_address>0x4c48</load_address>
         <readonly>true</readonly>
         <executable>true</executable>
         <run_address>0x4c48</run_address>
         <size>0x2a</size>
         <alignment>0x2</alignment>
         <input_file_ref idref="fl-13"/>
      </object_component>
      <object_component id="oc-1a2">
         <name>.text.prvGetHighestPriorityOfWaitToReceiveList</name>
         <load_address>0x4c72</load_address>
         <readonly>true</readonly>
         <executable>true</executable>
         <run_address>0x4c72</run_address>
         <size>0x28</size>
         <alignment>0x2</alignment>
         <input_file_ref idref="fl-13"/>
      </object_component>
      <object_component id="oc-184">
         <name>.text.vApplicationGetIdleTaskMemory</name>
         <load_address>0x4c9c</load_address>
         <readonly>true</readonly>
         <executable>true</executable>
         <run_address>0x4c9c</run_address>
         <size>0x28</size>
         <alignment>0x4</alignment>
         <input_file_ref idref="fl-19"/>
      </object_component>
      <object_component id="oc-18e">
         <name>.text.vApplicationGetTimerTaskMemory</name>
         <load_address>0x4cc4</load_address>
         <readonly>true</readonly>
         <executable>true</executable>
         <run_address>0x4cc4</run_address>
         <size>0x28</size>
         <alignment>0x4</alignment>
         <input_file_ref idref="fl-19"/>
      </object_component>
      <object_component id="oc-195">
         <name>.text.vPortSetupTimerInterrupt</name>
         <load_address>0x4cec</load_address>
         <readonly>true</readonly>
         <executable>true</executable>
         <run_address>0x4cec</run_address>
         <size>0x28</size>
         <alignment>0x4</alignment>
         <input_file_ref idref="fl-16"/>
      </object_component>
      <object_component id="oc-72">
         <name>.text:_c_int00_noargs</name>
         <load_address>0x4d14</load_address>
         <readonly>true</readonly>
         <executable>true</executable>
         <run_address>0x4d14</run_address>
         <size>0x28</size>
         <alignment>0x4</alignment>
         <input_file_ref idref="fl-36"/>
      </object_component>
      <object_component id="oc-3a">
         <name>.text.Reset_Handler</name>
         <load_address>0x4d3c</load_address>
         <readonly>true</readonly>
         <executable>true</executable>
         <run_address>0x4d3c</run_address>
         <size>0x4</size>
         <alignment>0x2</alignment>
         <input_file_ref idref="fl-5"/>
      </object_component>
      <object_component id="oc-3f">
         <name>.text.SVC_Handler</name>
         <load_address>0x4d40</load_address>
         <readonly>true</readonly>
         <executable>true</executable>
         <run_address>0x4d40</run_address>
         <size>0x24</size>
         <alignment>0x10</alignment>
         <input_file_ref idref="fl-17"/>
      </object_component>
      <object_component id="oc-104">
         <name>.text.SYSCFG_DL_DAC12_init</name>
         <load_address>0x4d64</load_address>
         <readonly>true</readonly>
         <executable>true</executable>
         <run_address>0x4d64</run_address>
         <size>0x24</size>
         <alignment>0x4</alignment>
         <input_file_ref idref="fl-1"/>
      </object_component>
      <object_component id="oc-20a">
         <name>.text.__muldi3</name>
         <load_address>0x4d88</load_address>
         <readonly>true</readonly>
         <executable>true</executable>
         <run_address>0x4d88</run_address>
         <size>0x24</size>
         <alignment>0x4</alignment>
         <input_file_ref idref="fl-ff"/>
      </object_component>
      <object_component id="oc-19b">
         <name>.text.pvTaskIncrementMutexHeldCount</name>
         <load_address>0x4dac</load_address>
         <readonly>true</readonly>
         <executable>true</executable>
         <run_address>0x4dac</run_address>
         <size>0x24</size>
         <alignment>0x4</alignment>
         <input_file_ref idref="fl-14"/>
      </object_component>
      <object_component id="oc-56">
         <name>.text.vRestoreContextOfFirstTask</name>
         <load_address>0x4dd0</load_address>
         <readonly>true</readonly>
         <executable>true</executable>
         <run_address>0x4dd0</run_address>
         <size>0x24</size>
         <alignment>0x10</alignment>
         <input_file_ref idref="fl-17"/>
      </object_component>
      <object_component id="oc-1f6">
         <name>.text.memccpy</name>
         <load_address>0x4df4</load_address>
         <readonly>true</readonly>
         <executable>true</executable>
         <run_address>0x4df4</run_address>
         <size>0x22</size>
         <alignment>0x2</alignment>
         <input_file_ref idref="fl-4a"/>
      </object_component>
      <object_component id="oc-4b">
         <name>.text.TIMA1_IRQHandler</name>
         <load_address>0x4e18</load_address>
         <readonly>true</readonly>
         <executable>true</executable>
         <run_address>0x4e18</run_address>
         <size>0x20</size>
         <alignment>0x4</alignment>
         <input_file_ref idref="fl-3"/>
      </object_component>
      <object_component id="oc-7e">
         <name>.text.ts_now</name>
         <load_address>0x4e38</load_address>
         <readonly>true</readonly>
         <executable>true</executable>
         <run_address>0x4e38</run_address>
         <size>0x20</size>
         <alignment>0x4</alignment>
         <input_file_ref idref="fl-4"/>
      </object_component>
      <object_component id="oc-19c">
         <name>.text.vTaskInternalSetTimeOutState</name>
         <load_address>0x4e58</load_address>
         <readonly>true</readonly>
         <executable>true</executable>
         <run_address>0x4e58</run_address>
         <size>0x20</size>
         <alignment>0x4</alignment>
         <input_file_ref idref="fl-14"/>
      </object_component>
      <object_component id="oc-268">
         <name>.text.__ashldi3</name>
         <load_address>0x4e78</load_address>
         <readonly>true</readonly>
         <executable>true</executable>
         <run_address>0x4e78</run_address>
         <size>0x1e</size>
         <alignment>0x4</alignment>
         <input_file_ref idref="fl-107"/>
      </object_component>
      <object_component id="oc-190">
         <name>.text.prvTimerTask</name>
         <load_address>0x4e96</load_address>
         <readonly>true</readonly>
         <executable>true</executable>
         <run_address>0x4e96</run_address>
         <size>0x1e</size>
         <alignment>0x2</alignment>
         <input_file_ref idref="fl-15"/>
      </object_component>
      <object_component id="oc-14e">
         <name>.text.DL_Timer_setClockConfig</name>
         <load_address>0x4eb4</load_address>
         <readonly>true</readonly>
         <executable>true</executable>
         <run_address>0x4eb4</run_address>
         <size>0x1c</size>
         <alignment>0x4</alignment>
         <input_file_ref idref="fl-1f"/>
      </object_component>
      <object_component id="oc-1a6">
         <name>.text._outc</name>
         <load_address>0x4ed0</load_address>
         <readonly>true</readonly>
         <executable>true</executable>
         <run_address>0x4ed0</run_address>
         <size>0x18</size>
         <alignment>0x2</alignment>
         <input_file_ref idref="fl-35"/>
      </object_component>
      <object_component id="oc-17f">
         <name>.text.vPortEnterCritical</name>
         <load_address>0x4ee8</load_address>
         <readonly>true</readonly>
         <executable>true</executable>
         <run_address>0x4ee8</run_address>
         <size>0x18</size>
         <alignment>0x4</alignment>
         <input_file_ref idref="fl-16"/>
      </object_component>
      <object_component id="oc-182">
         <name>.text.vPortYield</name>
         <load_address>0x4f00</load_address>
         <readonly>true</readonly>
         <executable>true</executable>
         <run_address>0x4f00</run_address>
         <size>0x18</size>
         <alignment>0x4</alignment>
         <input_file_ref idref="fl-16"/>
      </object_component>
      <object_component id="oc-20f">
         <name>.text.__aeabi_uldivmod</name>
         <load_address>0x4f18</load_address>
         <readonly>true</readonly>
         <executable>true</executable>
         <run_address>0x4f18</run_address>
         <size>0x14</size>
         <alignment>0x4</alignment>
         <input_file_ref idref="fl-105"/>
      </object_component>
      <object_component id="oc-120">
         <name>.text.xTaskGetTickCount</name>
         <load_address>0x4f2c</load_address>
         <readonly>true</readonly>
         <executable>true</executable>
         <run_address>0x4f2c</run_address>
         <size>0x14</size>
         <alignment>0x4</alignment>
         <input_file_ref idref="fl-14"/>
      </object_component>
      <object_component id="oc-159">
         <name>.text.DL_UART_setClockConfig</name>
         <load_address>0x4f40</load_address>
         <readonly>true</readonly>
         <executable>true</executable>
         <run_address>0x4f40</run_address>
         <size>0x12</size>
         <alignment>0x2</alignment>
         <input_file_ref idref="fl-20"/>
      </object_component>
      <object_component id="oc-2b">
         <name>.text:decompress:none</name>
         <load_address>0x4f52</load_address>
         <readonly>true</readonly>
         <executable>true</executable>
         <run_address>0x4f52</run_address>
         <size>0x12</size>
         <alignment>0x2</alignment>
         <input_file_ref idref="fl-3c"/>
      </object_component>
      <object_component id="oc-91">
         <name>.text.__aeabi_memclr</name>
         <load_address>0x4f64</load_address>
         <readonly>true</readonly>
         <executable>true</executable>
         <run_address>0x4f64</run_address>
         <size>0xc</size>
         <alignment>0x4</alignment>
         <input_file_ref idref="fl-103"/>
      </object_component>
      <object_component id="oc-196">
         <name>.text.vStartFirstTask</name>
         <load_address>0x4f70</load_address>
         <readonly>true</readonly>
         <executable>true</executable>
         <run_address>0x4f70</run_address>
         <size>0x10</size>
         <alignment>0x10</alignment>
         <input_file_ref idref="fl-17"/>
      </object_component>
      <object_component id="oc-171">
         <name>.text.vTaskSuspendAll</name>
         <load_address>0x4f80</load_address>
         <readonly>true</readonly>
         <executable>true</executable>
         <run_address>0x4f80</run_address>
         <size>0x10</size>
         <alignment>0x4</alignment>
         <input_file_ref idref="fl-14"/>
      </object_component>
      <object_component id="oc-201">
         <name>.text.wcslen</name>
         <load_address>0x4f90</load_address>
         <readonly>true</readonly>
         <executable>true</executable>
         <run_address>0x4f90</run_address>
         <size>0x10</size>
         <alignment>0x2</alignment>
         <input_file_ref idref="fl-3f"/>
      </object_component>
      <object_component id="oc-6f">
         <name>.text:decompress:ZI</name>
         <load_address>0x4fa0</load_address>
         <readonly>true</readonly>
         <executable>true</executable>
         <run_address>0x4fa0</run_address>
         <size>0x10</size>
         <alignment>0x2</alignment>
         <input_file_ref idref="fl-3b"/>
      </object_component>
      <object_component id="oc-1c7">
         <name>.text.__aeabi_memset</name>
         <load_address>0x4fb0</load_address>
         <readonly>true</readonly>
         <executable>true</executable>
         <run_address>0x4fb0</run_address>
         <size>0xe</size>
         <alignment>0x4</alignment>
         <input_file_ref idref="fl-103"/>
      </object_component>
      <object_component id="oc-18b">
         <name>.text.prvIdleTask</name>
         <load_address>0x4fbe</load_address>
         <readonly>true</readonly>
         <executable>true</executable>
         <run_address>0x4fbe</run_address>
         <size>0xe</size>
         <alignment>0x2</alignment>
         <input_file_ref idref="fl-14"/>
      </object_component>
      <object_component id="oc-1f5">
         <name>.text.strlen</name>
         <load_address>0x4fcc</load_address>
         <readonly>true</readonly>
         <executable>true</executable>
         <run_address>0x4fcc</run_address>
         <size>0xe</size>
         <alignment>0x2</alignment>
         <input_file_ref idref="fl-3e"/>
      </object_component>
      <object_component id="oc-1c8">
         <name>.text.vListInitialiseItem</name>
         <load_address>0x4fda</load_address>
         <readonly>true</readonly>
         <executable>true</executable>
         <run_address>0x4fda</run_address>
         <size>0xe</size>
         <alignment>0x2</alignment>
         <input_file_ref idref="fl-1b"/>
      </object_component>
      <object_component id="oc-b0">
         <name>.text.uxTaskGetNumberOfTasks</name>
         <load_address>0x4fe8</load_address>
         <readonly>true</readonly>
         <executable>true</executable>
         <run_address>0x4fe8</run_address>
         <size>0xc</size>
         <alignment>0x4</alignment>
         <input_file_ref idref="fl-14"/>
      </object_component>
      <object_component id="oc-1e2">
         <name>.text.vTaskMissedYield</name>
         <load_address>0x4ff4</load_address>
         <readonly>true</readonly>
         <executable>true</executable>
         <run_address>0x4ff4</run_address>
         <size>0xc</size>
         <alignment>0x4</alignment>
         <input_file_ref idref="fl-14"/>
      </object_component>
      <object_component id="oc-14a">
         <name>.text.DL_Common_delayCycles</name>
         <load_address>0x5000</load_address>
         <readonly>true</readonly>
         <executable>true</executable>
         <run_address>0x5000</run_address>
         <size>0xa</size>
         <alignment>0x2</alignment>
         <input_file_ref idref="fl-1d"/>
      </object_component>
      <object_component id="oc-205">
         <name>.text.__aeabi_errno_addr</name>
         <load_address>0x500c</load_address>
         <readonly>true</readonly>
         <executable>true</executable>
         <run_address>0x500c</run_address>
         <size>0x8</size>
         <alignment>0x4</alignment>
         <input_file_ref idref="fl-42"/>
      </object_component>
      <object_component id="oc-62">
         <name>.text.__aeabi_memcpy</name>
         <load_address>0x5014</load_address>
         <readonly>true</readonly>
         <executable>true</executable>
         <run_address>0x5014</run_address>
         <size>0x8</size>
         <alignment>0x4</alignment>
         <input_file_ref idref="fl-102"/>
      </object_component>
      <object_component id="oc-7b">
         <name>.text.ulSetInterruptMask</name>
         <load_address>0x501c</load_address>
         <readonly>true</readonly>
         <executable>true</executable>
         <run_address>0x501c</run_address>
         <size>0x8</size>
         <alignment>0x2</alignment>
         <input_file_ref idref="fl-17"/>
      </object_component>
      <object_component id="oc-7d">
         <name>.text.vClearInterruptMask</name>
         <load_address>0x5024</load_address>
         <readonly>true</readonly>
         <executable>true</executable>
         <run_address>0x5024</run_address>
         <size>0x6</size>
         <alignment>0x2</alignment>
         <input_file_ref idref="fl-17"/>
      </object_component>
      <object_component id="oc-96">
         <name>.text._system_pre_init</name>
         <load_address>0x502a</load_address>
         <readonly>true</readonly>
         <executable>true</executable>
         <run_address>0x502a</run_address>
         <size>0x4</size>
         <alignment>0x2</alignment>
         <input_file_ref idref="fl-39"/>
      </object_component>
      <object_component id="oc-da">
         <name>.text:abort</name>
         <load_address>0x502e</load_address>
         <readonly>true</readonly>
         <executable>true</executable>
         <run_address>0x502e</run_address>
         <size>0x4</size>
         <alignment>0x2</alignment>
         <input_file_ref idref="fl-43"/>
      </object_component>
      <object_component id="oc-2c6">
         <name>.cinit..data.load</name>
         <load_address>0x5310</load_address>
         <readonly>true</readonly>
         <run_address>0x5310</run_address>
         <size>0x18</size>
         <alignment>0x1</alignment>
      </object_component>
      <object_component id="oc-2c4">
         <name>__TI_handler_table</name>
         <load_address>0x5328</load_address>
         <readonly>true</readonly>
         <run_address>0x5328</run_address>
         <size>0xc</size>
         <alignment>0x4</alignment>
      </object_component>
      <object_component id="oc-2c7">
         <name>.cinit..bss.load</name>
         <load_address>0x5334</load_address>
         <readonly>true</readonly>
         <run_address>0x5334</run_address>
         <size>0x8</size>
         <alignment>0x4</alignment>
      </object_component>
      <object_component id="oc-2c5">
         <name>__TI_cinit_table</name>
         <load_address>0x533c</load_address>
         <readonly>true</readonly>
         <run_address>0x533c</run_address>
         <size>0x10</size>
         <alignment>0x4</alignment>
      </object_component>
      <object_component id="oc-222">
         <name>.rodata:__aeabi_ctype_table_</name>
         <load_address>0x5040</load_address>
         <readonly>true</readonly>
         <run_address>0x5040</run_address>
         <size>0x101</size>
         <alignment>0x10</alignment>
         <input_file_ref idref="fl-51"/>
      </object_component>
      <object_component id="oc-137">
         <name>.rodata.str1.139123098054563454261</name>
         <load_address>0x5141</load_address>
         <readonly>true</readonly>
         <run_address>0x5141</run_address>
         <size>0x2a</size>
         <alignment>0x1</alignment>
         <input_file_ref idref="fl-3"/>
      </object_component>
      <object_component id="oc-138">
         <name>.rodata.str1.4040285661218773341</name>
         <load_address>0x516b</load_address>
         <readonly>true</readonly>
         <run_address>0x516b</run_address>
         <size>0x29</size>
         <alignment>0x1</alignment>
         <input_file_ref idref="fl-3"/>
      </object_component>
      <object_component id="oc-136">
         <name>.rodata.str1.115890148426537372251</name>
         <load_address>0x5194</load_address>
         <readonly>true</readonly>
         <run_address>0x5194</run_address>
         <size>0x28</size>
         <alignment>0x1</alignment>
         <input_file_ref idref="fl-3"/>
      </object_component>
      <object_component id="oc-13a">
         <name>.rodata.str1.32363810797562342041</name>
         <load_address>0x51bc</load_address>
         <readonly>true</readonly>
         <run_address>0x51bc</run_address>
         <size>0x28</size>
         <alignment>0x1</alignment>
         <input_file_ref idref="fl-3"/>
      </object_component>
[...]
      </symbol>
      <symbol id="sm-f6">
         <name>CANFD0_IRQHandler</name>
         <value>0x204f</value>
         <object_component_ref idref="oc-3e"/>
      </symbol>
      <symbol id="sm-f7">
         <name>DAC0_IRQHandler</name>
         <value>0x204f</value>
         <object_component_ref idref="oc-3e"/>
      </symbol>
      <symbol id="sm-f8">
         <name>SPI0_IRQHandler</name>
         <value>0x204f</value>
         <object_component_ref idref="oc-3e"/>
      </symbol>
      <symbol id="sm-f9">
         <name>SPI1_IRQHandler</name>
         <value>0x204f</value>
         <object_component_ref idref="oc-3e"/>
      </symbol>
      <symbol id="sm-fa">
         <name>UART1_IRQHandler</name>
         <value>0x204f</value>
         <object_component_ref idref="oc-3e"/>
      </symbol>
      <symbol id="sm-fb">
         <name>UART2_IRQHandler</name>
         <value>0x204f</value>
         <object_component_ref idref="oc-3e"/>
      </symbol>
      <symbol id="sm-fc">
         <name>UART0_IRQHandler</name>
         <value>0x204f</value>
         <object_component_ref idref="oc-3e"/>
      </symbol>
      <symbol id="sm-fd">
         <name>TIMG0_IRQHandler</name>
         <value>0x204f</value>
         <object_component_ref idref="oc-3e"/>
      </symbol>
      <symbol id="sm-fe">
         <name>TIMG6_IRQHandler</name>
         <value>0x204f</value>
         <object_component_ref idref="oc-3e"/>
      </symbol>
      <symbol id="sm-ff">
         <name>TIMG7_IRQHandler</name>
         <value>0x204f</value>
         <object_component_ref idref="oc-3e"/>
      </symbol>
      <symbol id="sm-100">
         <name>TIMG12_IRQHandler</name>
         <value>0x204f</value>
         <object_component_ref idref="oc-3e"/>
      </symbol>
      <symbol id="sm-101">
         <name>I2C0_IRQHandler</name>
         <value>0x204f</value>
         <object_component_ref idref="oc-3e"/>
      </symbol>
      <symbol id="sm-102">
         <name>I2C1_IRQHandler</name>
         <value>0x204f</value>
         <object_component_ref idref="oc-3e"/>
      </symbol>
      <symbol id="sm-103">
         <name>AES_IRQHandler</name>
         <value>0x204f</value>
         <object_component_ref idref="oc-3e"/>
      </symbol>
      <symbol id="sm-104">
         <name>RTC_IRQHandler</name>
         <value>0x204f</value>
         <object_component_ref idref="oc-3e"/>
      </symbol>
      <symbol id="sm-105">
         <name>DMA_IRQHandler</name>
         <value>0x204f</value>
         <object_component_ref idref="oc-3e"/>
      </symbol>
      <symbol id="sm-106">
         <name>__TI_ATRegion0_src_addr</name>
         <value>0x0</value>
      </symbol>
      <symbol id="sm-107">
         <name>__TI_ATRegion0_trg_addr</name>
         <value>0x0</value>
      </symbol>
      <symbol id="sm-108">
         <name>__TI_ATRegion0_region_sz</name>
         <value>0x0</value>
      </symbol>
      <symbol id="sm-109">
         <name>__TI_ATRegion1_src_addr</name>
         <value>0x0</value>
      </symbol>
      <symbol id="sm-10a">
         <name>__TI_ATRegion1_trg_addr</name>
         <value>0x0</value>
      </symbol>
      <symbol id="sm-10b">
         <name>__TI_ATRegion1_region_sz</name>
         <value>0x0</value>
      </symbol>
      <symbol id="sm-10c">
         <name>__TI_ATRegion2_src_addr</name>
         <value>0x0</value>
      </symbol>
      <symbol id="sm-10d">
         <name>__TI_ATRegion2_trg_addr</name>
         <value>0x0</value>
      </symbol>
      <symbol id="sm-10e">
         <name>__TI_ATRegion2_region_sz</name>
         <value>0x0</value>
      </symbol>
      <symbol id="sm-132">
         <name>xQueueGenericReset</name>
         <value>0x3411</value>
         <object_component_ref idref="oc-17c"/>
      </symbol>
      <symbol id="sm-133">
         <name>xQueueGenericCreateStatic</name>
         <value>0x394d</value>
         <object_component_ref idref="oc-1d4"/>
      </symbol>
      <symbol id="sm-134">
         <name>xQueueGenericCreate</name>
         <value>0x3b1f</value>
         <object_component_ref idref="oc-c8"/>
      </symbol>
      <symbol id="sm-135">
         <name>xQueueSemaphoreTake</name>
         <value>0x1e71</value>
         <object_component_ref idref="oc-128"/>
      </symbol>
      <symbol id="sm-136">
         <name>xQueueGiveFromISR</name>
         <value>0x2d0d</value>
         <object_component_ref idref="oc-82"/>
      </symbol>
      <symbol id="sm-137">
         <name>xQueueReceive</name>
         <value>0x23d9</value>
         <object_component_ref idref="oc-1f2"/>
      </symbol>
      <symbol id="sm-138">
         <name>vQueueWaitForMessageRestricted</name>
         <value>0x4111</value>
         <object_component_ref idref="oc-1f1"/>
      </symbol>
      <symbol id="sm-1cb">
         <name>xTaskCreateStatic</name>
         <value>0x4535</value>
         <object_component_ref idref="oc-189"/>
      </symbol>
      <symbol id="sm-1cc">
         <name>pxCurrentTCB</name>
         <value>0x20205cd8</value>
         <object_component_ref idref="oc-1a"/>
      </symbol>
      <symbol id="sm-1cd">
         <name>xTaskCreate</name>
         <value>0x4611</value>
         <object_component_ref idref="oc-c9"/>
      </symbol>
      <symbol id="sm-1ce">
         <name>xTaskDelayUntil</name>
         <value>0x34f5</value>
         <object_component_ref idref="oc-121"/>
      </symbol>
      <symbol id="sm-1cf">
         <name>vTaskSuspendAll</name>
         <value>0x4f81</value>
         <object_component_ref idref="oc-171"/>
      </symbol>
      <symbol id="sm-1d0">
         <name>xTaskResumeAll</name>
         <value>0x1c79</value>
         <object_component_ref idref="oc-173"/>
      </symbol>
      <symbol id="sm-1d1">
         <name>xTaskIncrementTick</name>
         <value>0x1865</value>
         <object_component_ref idref="oc-7c"/>
      </symbol>
      <symbol id="sm-1d2">
         <name>vTaskSwitchContext</name>
         <value>0x2f29</value>
         <object_component_ref idref="oc-1c"/>
      </symbol>
      <symbol id="sm-1d3">
         <name>vTaskStartScheduler</name>
         <value>0x417d</value>
         <object_component_ref idref="oc-ca"/>
      </symbol>
      <symbol id="sm-1d4">
         <name>xTaskGetTickCount</name>
         <value>0x4f2d</value>
         <object_component_ref idref="oc-120"/>
      </symbol>
      <symbol id="sm-1d5">
         <name>uxTaskGetNumberOfTasks</name>
         <value>0x4fe9</value>
         <object_component_ref idref="oc-b0"/>
      </symbol>
      <symbol id="sm-1d6">
         <name>vTaskPlaceOnEventList</name>
         <value>0x4a71</value>
         <object_component_ref idref="oc-1a0"/>
      </symbol>
      <symbol id="sm-1d7">
         <name>vTaskPlaceOnEventListRestricted</name>
         <value>0x3fc5</value>
         <object_component_ref idref="oc-21d"/>
      </symbol>
      <symbol id="sm-1d8">
         <name>xTaskRemoveFromEventList</name>
         <value>0x257d</value>
         <object_component_ref idref="oc-af"/>
      </symbol>
      <symbol id="sm-1d9">
         <name>vTaskInternalSetTimeOutState</name>
         <value>0x4e59</value>
         <object_component_ref idref="oc-19c"/>
      </symbol>
      <symbol id="sm-1da">
         <name>xTaskCheckForTimeOut</name>
         <value>0x3755</value>
         <object_component_ref idref="oc-19d"/>
      </symbol>
      <symbol id="sm-1db">
         <name>vTaskMissedYield</name>
         <value>0x4ff5</value>
         <object_component_ref idref="oc-1e2"/>
      </symbol>
      <symbol id="sm-1dc">
         <name>xTaskGetSchedulerState</name>
         <value>0x4a01</value>
         <object_component_ref idref="oc-19a"/>
      </symbol>
      <symbol id="sm-1dd">
         <name>xTaskPriorityInherit</name>
         <value>0x2ad1</value>
         <object_component_ref idref="oc-19f"/>
      </symbol>
      <symbol id="sm-1de">
         <name>vTaskPriorityDisinheritAfterTimeout</name>
         <value>0x2865</value>
         <object_component_ref idref="oc-1a3"/>
      </symbol>
      <symbol id="sm-1df">
         <name>pvTaskIncrementMutexHeldCount</name>
         <value>0x4dad</value>
         <object_component_ref idref="oc-19b"/>
      </symbol>
      <symbol id="sm-224">
         <name>xTimerCreateTimerTask</name>
         <value>0x3ecd</value>
         <object_component_ref idref="oc-118"/>
      </symbol>
      <symbol id="sm-248">
         <name>vPortSetupTimerInterrupt</name>
         <value>0x4ced</value>
         <object_component_ref idref="oc-195"/>
      </symbol>
      <symbol id="sm-249">
         <name>vPortYield</name>
         <value>0x4f01</value>
         <object_component_ref idref="oc-182"/>
      </symbol>
      <symbol id="sm-24a">
         <name>vPortEnterCritical</name>
         <value>0x4ee9</value>
         <object_component_ref idref="oc-17f"/>
      </symbol>
      <symbol id="sm-24b">
         <name>vPortExitCritical</name>
         <value>0x4c1d</value>
         <object_component_ref idref="oc-181"/>
      </symbol>
      <symbol id="sm-24c">
         <name>SysTick_Handler</name>
         <value>0x4ad5</value>
         <object_component_ref idref="oc-45"/>
      </symbol>
      <symbol id="sm-24d">
         <name>vPortSVCHandler_C</name>
         <value>0x4b95</value>
         <object_component_ref idref="oc-20"/>
      </symbol>
      <symbol id="sm-24e">
         <name>pxPortInitialiseStack</name>
         <value>0x2bf9</value>
         <object_component_ref idref="oc-1c9"/>
      </symbol>
      <symbol id="sm-24f">
         <name>xPortStartScheduler</name>
         <value>0x3dd1</value>
         <object_component_ref idref="oc-11d"/>
      </symbol>
      <symbol id="sm-267">
         <name>vRestoreContextOfFirstTask</name>
         <value>0x4dd1</value>
         <object_component_ref idref="oc-56"/>
      </symbol>
      <symbol id="sm-268">
         <name>vStartFirstTask</name>
         <value>0x4f71</value>
         <object_component_ref idref="oc-196"/>
      </symbol>
      <symbol id="sm-269">
         <name>ulSetInterruptMask</name>
         <value>0x501d</value>
         <object_component_ref idref="oc-7b"/>
      </symbol>
      <symbol id="sm-26a">
         <name>vClearInterruptMask</name>
         <value>0x5025</value>
         <object_component_ref idref="oc-7d"/>
      </symbol>
      <symbol id="sm-26b">
         <name>PendSV_Handler</name>
         <value>0x46a1</value>
         <object_component_ref idref="oc-44"/>
      </symbol>
      <symbol id="sm-26c">
         <name>SVC_Handler</name>
         <value>0x4d41</value>
         <object_component_ref idref="oc-3f"/>
      </symbol>
      <symbol id="sm-282">
         <name>vApplicationGetIdleTaskMemory</name>
         <value>0x4c9d</value>
         <object_component_ref idref="oc-184"/>
      </symbol>
      <symbol id="sm-283">
         <name>vApplicationGetTimerTaskMemory</name>
         <value>0x4cc5</value>
         <object_component_ref idref="oc-18e"/>
      </symbol>
      <symbol id="sm-2a6">
         <name>pvPortMalloc</name>
         <value>0x1105</value>
         <object_component_ref idref="oc-10f"/>
      </symbol>
      <symbol id="sm-2a7">
         <name>vPortFree</name>
         <value>0x3235</value>
         <object_component_ref idref="oc-17d"/>
      </symbol>
      <symbol id="sm-2b6">
         <name>vListInitialise</name>
         <value>0x4bf1</value>
         <object_component_ref idref="oc-1c0"/>
      </symbol>
      <symbol id="sm-2b7">
         <name>vListInitialiseItem</name>
         <value>0x4fdb</value>
         <object_component_ref idref="oc-1c8"/>
      </symbol>
      <symbol id="sm-2b8">
         <name>vListInsert</name>
         <value>0x40a5</value>
         <object_component_ref idref="oc-1e1"/>
      </symbol>
      <symbol id="sm-2b9">
         <name>uxListRemove</name>
         <value>0x45c9</value>
         <object_component_ref idref="oc-1e0"/>
      </symbol>
      <symbol id="sm-2c4">
         <name>DL_ADC12_setClockConfig</name>
         <value>0x476d</value>
         <object_component_ref idref="oc-15d"/>
      </symbol>
      <symbol id="sm-2cd">
         <name>DL_Common_delayCycles</name>
         <value>0x5001</value>
         <object_component_ref idref="oc-14a"/>
      </symbol>
      <symbol id="sm-2d8">
         <name>DL_DAC12_init</name>
         <value>0x3c41</value>
         <object_component_ref idref="oc-164"/>
      </symbol>
      <symbol id="sm-2e8">
         <name>DL_Timer_setClockConfig</name>
         <value>0x4eb5</value>
         <object_component_ref idref="oc-14e"/>
      </symbol>
      <symbol id="sm-2e9">
         <name>DL_Timer_initTimerMode</name>
         <value>0x3139</value>
         <object_component_ref idref="oc-154"/>
      </symbol>
      <symbol id="sm-2f9">
         <name>DL_UART_init</name>
         <value>0x4581</value>
         <object_component_ref idref="oc-15a"/>
      </symbol>
      <symbol id="sm-2fa">
         <name>DL_UART_setClockConfig</name>
         <value>0x4f41</value>
         <object_component_ref idref="oc-159"/>
      </symbol>
      <symbol id="sm-2fb">
         <name>DL_UART_transmitDataBlocking</name>
         <value>0x4aa5</value>
         <object_component_ref idref="oc-c2"/>
      </symbol>
      <symbol id="sm-30c">
         <name>snprintf</name>
         <value>0x44e9</value>
         <object_component_ref idref="oc-12f"/>
      </symbol>
      <symbol id="sm-317">
         <name>_c_int00_noargs</name>
         <value>0x4d15</value>
         <object_component_ref idref="oc-72"/>
      </symbol>
      <symbol id="sm-318">
         <name>__stack</name>
         <value>0x20207e00</value>
         <object_component_ref idref="oc-25"/>
      </symbol>
      <symbol id="sm-324">
         <name>__TI_auto_init_nobinit_nopinit</name>
         <value>0x48a9</value>
         <object_component_ref idref="oc-e1"/>
      </symbol>
      <symbol id="sm-32c">
         <name>_system_pre_init</name>
         <value>0x502b</value>
         <object_component_ref idref="oc-96"/>
      </symbol>
      <symbol id="sm-337">
         <name>__TI_zero_init</name>
         <value>0x4fa1</value>
         <object_component_ref idref="oc-6f"/>
      </symbol>
      <symbol id="sm-340">
         <name>__TI_decompress_none</name>
         <value>0x4f53</value>
         <object_component_ref idref="oc-2b"/>
      </symbol>
      <symbol id="sm-34b">
         <name>__TI_decompress_lzss</name>
         <value>0x3f49</value>
         <object_component_ref idref="oc-27"/>
      </symbol>
      <symbol id="sm-36d">
         <name>__TI_printfi_nofloat</name>
         <value>0xc1</value>
         <object_component_ref idref="oc-1e9"/>
      </symbol>
      <symbol id="sm-376">
         <name>wcslen</name>
         <value>0x4f91</value>
         <object_component_ref idref="oc-201"/>
      </symbol>
      <symbol id="sm-383">
         <name>__aeabi_errno_addr</name>
         <value>0x500d</value>
         <object_component_ref idref="oc-205"/>
      </symbol>
      <symbol id="sm-384">
         <name>__aeabi_errno</name>
         <value>0x20205ca8</value>
         <object_component_ref idref="oc-229"/>
      </symbol>
      <symbol id="sm-38e">
         <name>abort</name>
         <value>0x502f</value>
         <object_component_ref idref="oc-da"/>
      </symbol>
      <symbol id="sm-38f">
         <name>C$$EXIT</name>
         <value>0x502e</value>
         <object_component_ref idref="oc-da"/>
      </symbol>
      <symbol id="sm-39d">
         <name>atoi</name>
         <value>0x47ed</value>
         <object_component_ref idref="oc-1fd"/>
      </symbol>
      <symbol id="sm-3a7">
         <name>memccpy</name>
         <value>0x4df5</value>
         <object_component_ref idref="oc-1f6"/>
      </symbol>
      <symbol id="sm-3ae">
         <name>__aeabi_ctype_table_</name>
         <value>0x5040</value>
         <object_component_ref idref="oc-222"/>
      </symbol>
      <symbol id="sm-3af">
         <name>__aeabi_ctype_table_C</name>
         <value>0x5040</value>
         <object_component_ref idref="oc-222"/>
      </symbol>
      <symbol id="sm-3c7">
         <name>__muldsi3</name>
         <value>0x48e5</value>
         <object_component_ref idref="oc-22d"/>
      </symbol>
      <symbol id="sm-3cd">
         <name>__aeabi_lmul</name>
         <value>0x4d89</value>
         <object_component_ref idref="oc-20a"/>
      </symbol>
      <symbol id="sm-3ce">
         <name>__muldi3</name>
         <value>0x4d89</value>
         <object_component_ref idref="oc-20a"/>
      </symbol>
      <symbol id="sm-3d4">
         <name>__aeabi_memcpy</name>
         <value>0x5015</value>
         <object_component_ref idref="oc-62"/>
      </symbol>
      <symbol id="sm-3d5">
         <name>__aeabi_memcpy4</name>
         <value>0x5015</value>
         <object_component_ref idref="oc-62"/>
      </symbol>
      <symbol id="sm-3d6">
         <name>__aeabi_memcpy8</name>
         <value>0x5015</value>
         <object_component_ref idref="oc-62"/>
      </symbol>
      <symbol id="sm-3df">
         <name>__aeabi_memset</name>
         <value>0x4fb1</value>
         <object_component_ref idref="oc-1c7"/>
      </symbol>
      <symbol id="sm-3e0">
         <name>__aeabi_memset4</name>
         <value>0x4fb1</value>
         <object_component_ref idref="oc-1c7"/>
      </symbol>
      <symbol id="sm-3e1">
         <name>__aeabi_memset8</name>
         <value>0x4fb1</value>
         <object_component_ref idref="oc-1c7"/>
      </symbol>
      <symbol id="sm-3e2">
         <name>__aeabi_memclr</name>
         <value>0x4f65</value>
         <object_component_ref idref="oc-91"/>
      </symbol>
      <symbol id="sm-3e3">
         <name>__aeabi_memclr4</name>
         <value>0x4f65</value>
         <object_component_ref idref="oc-91"/>
      </symbol>
      <symbol id="sm-3e4">
         <name>__aeabi_memclr8</name>
         <value>0x4f65</value>
         <object_component_ref idref="oc-91"/>
      </symbol>
      <symbol id="sm-3ea">
         <name>__aeabi_uidiv</name>
         <value>0x47ad</value>
         <object_component_ref idref="oc-10b"/>
      </symbol>
      <symbol id="sm-3eb">
         <name>__aeabi_uidivmod</name>
         <value>0x47ad</value>
         <object_component_ref idref="oc-10b"/>
      </symbol>
      <symbol id="sm-3f1">
         <name>__aeabi_uldivmod</name>
         <value>0x4f19</value>
         <object_component_ref idref="oc-20f"/>
      </symbol>
      <symbol id="sm-3f7">
         <name>__udivmoddi4</name>
         <value>0x3809</value>
         <object_component_ref idref="oc-232"/>
      </symbol>
      <symbol id="sm-3fd">
         <name>__aeabi_llsl</name>
         <value>0x4e79</value>
         <object_component_ref idref="oc-268"/>
      </symbol>
      <symbol id="sm-3fe">
         <name>__ashldi3</name>
         <value>0x4e79</value>
         <object_component_ref idref="oc-268"/>
      </symbol>
      <symbol id="sm-40b">
         <name>__aeabi_idiv0</name>
         <value>0x2e1b</value>
         <object_component_ref idref="oc-16b"/>
      </symbol>
      <symbol id="sm-40c">
         <name>__aeabi_ldiv0</name>
         <value>0x3753</value>
         <object_component_ref idref="oc-267"/>
      </symbol>
      <symbol id="sm-426">
         <name>memcpy</name>
         <value>0x39ed</value>
         <object_component_ref idref="oc-b8"/>
      </symbol>
      <symbol id="sm-435">
         <name>memset</name>
         <value>0x41e5</value>
         <object_component_ref idref="oc-fb"/>
      </symbol>
      <symbol id="sm-436">
         <name>__TI_static_base__</name>
         <value>0x0</value>
      </symbol>
      <symbol id="sm-439">
         <name>__mpu_init</name>
         <value>0x0</value>
      </symbol>
      <symbol id="sm-43a">
         <name>_system_post_cinit</name>
         <value>0x0</value>
      </symbol>
   </symbol_table>
   <title>Link successful</title>
</link_info>
