******************************************************************************
            TI ARM Clang Linker PC v4.0.0                      
******************************************************************************
>> Linked Wed Sep 23 13:05:07 2026

OUTPUT FILE NAME:   <blink_led_LP_MSPM0G3507_freertos_ticlang.out>
ENTRY POINT SYMBOL: "_c_int00_noargs"  address: 00004d15


MEMORY CONFIGURATION

         name            origin    length      used     unused   attr    fill
----------------------  --------  ---------  --------  --------  ----  --------
  FLASH                 00000000   00020000  00005350  0001acb0  R  X
  SRAM                  20200000   00008000  00005f30  000020d0  RW X
  BCR_CONFIG            41c00000   000000ff  00000000  000000ff  R   
  BSL_CONFIG            41c00100   00000080  00000000  00000080  R   


SEGMENT ALLOCATION MAP

run origin  load origin   length   init length attrs members
----------  ----------- ---------- ----------- ----- -------
00000000    00000000    00005350   00005350    r-x
  00000000    00000000    000000c0   000000c0    r-- .intvecs
  000000c0    000000c0    00004f80   00004f80    r-x .text
  00005040    00005040    000002d0   000002d0    r-- .rodata
  00005310    00005310    00000040   00000040    r-- .cinit
20200000    20200000    00005d30   00000000    rw-
  20200000    20200000    00005ca0   00000000    rw- .bss
  20205ca0    20205ca0    00000090   00000000    rw- .data
20207e00    20207e00    00000200   00000000    rw-
  20207e00    20207e00    00000200   00000000    rw- .stack


SECTION ALLOCATION MAP

 output                                  attributes/
section   page    origin      length       input sections
--------  ----  ----------  ----------   ----------------
.intvecs   0    00000000    000000c0     
                  00000000    000000c0     startup_mspm0g350x_ticlang.o (.intvecs)

.text      0    000000c0    00004f80     
                  000000c0    00000868     libc.a : _printfi.c.obj (.text:__TI_printfi_nofloat)
                  00000928    00000460     main.o (.text.LogTask)
                  00000d88    0000037c     main.o (.text.CtrlTask)
                  00001104    00000294     freertos_builds_LP_MSPM0G3507_release_ticlang.lib : heap_4.o (.text.pvPortMalloc)
                  00001398    0000027c     main.o (.text.EventTask)
                  00001614    00000250     main.o (.text.main)
                  00001864    00000210     freertos_builds_LP_MSPM0G3507_release_ticlang.lib : tasks.o (.text.xTaskIncrementTick)
                  00001a74    00000204     main.o (.text.AcqTask)
                  00001c78    000001f8     freertos_builds_LP_MSPM0G3507_release_ticlang.lib : tasks.o (.text.xTaskResumeAll)
                  00001e70    000001de                                                       : queue.o (.text.xQueueSemaphoreTake)
                  0000204e    00000002     startup_mspm0g350x_ticlang.o (.text.Default_Handler)
                  00002050    000001cc     main.o (.text.UiTask)
                  0000221c    000001bc     main.o (.text.logHistogram)
                  000023d8    000001a4     freertos_builds_LP_MSPM0G3507_release_ticlang.lib : queue.o (.text.xQueueReceive)
                  0000257c    0000018c                                                       : tasks.o (.text.xTaskRemoveFromEventList)
                  00002708    0000015c                                                       : timers.o (.text.prvProcessReceivedCommands)
                  00002864    00000144                                                       : tasks.o (.text.vTaskPriorityDisinheritAfterTimeout)
                  000029a8    00000128                                                       : tasks.o (.text.prvAddNewTaskToReadyList)
                  00002ad0    00000128                                                       : tasks.o (.text.xTaskPriorityInherit)
                  00002bf8    00000114                                                       : port.o (.text.pxPortInitialiseStack)
                  00002d0c    0000010e                                                       : queue.o (.text.xQueueGiveFromISR)
                  00002e1a    00000002     libclang_rt.builtins.a : aeabi_div0.c.obj (.text.__aeabi_idiv0)
                  00002e1c    0000010c     freertos_builds_LP_MSPM0G3507_release_ticlang.lib : heap_4.o (.text.prvInsertBlockIntoFreeList)
                  00002f28    0000010c                                                       : tasks.o (.text.vTaskSwitchContext)
                  00003034    00000104                                                       : tasks.o (.text.prvInitialiseNewTask)
                  00003138    000000fc     driverlib.a : dl_timer.o (.text.DL_Timer_initTimerMode)
                  00003234    000000f8     freertos_builds_LP_MSPM0G3507_release_ticlang.lib : heap_4.o (.text.vPortFree)
                  0000332c    000000e4                                                       : tasks.o (.text.prvAddCurrentTaskToDelayedList)
                  00003410    000000e4                                                       : queue.o (.text.xQueueGenericReset)
                  000034f4    000000dc                                                       : tasks.o (.text.xTaskDelayUntil)
                  000035d0    000000cc                                                       : tasks.o (.text.prvCreateIdleTasks)
                  0000369c    000000b6                                                       : queue.o (.text.prvUnlockQueue)
                  00003752    00000002     libclang_rt.builtins.a : aeabi_div0.c.obj (.text.__aeabi_ldiv0)
                  00003754    000000b4     freertos_builds_LP_MSPM0G3507_release_ticlang.lib : tasks.o (.text.xTaskCheckForTimeOut)
                  00003808    000000a2     libclang_rt.builtins.a : udivmoddi4.S.obj (.text)
                  000038aa    00000002     --HOLE-- [fill = 0]
                  000038ac    000000a0     freertos_builds_LP_MSPM0G3507_release_ticlang.lib : heap_4.o (.text.prvHeapInit)
                  0000394c    000000a0                                                       : queue.o (.text.xQueueGenericCreateStatic)
                  000039ec    0000009a     libc.a : memcpy16.S.obj (.text:memcpy)
                  00003a86    00000098     freertos_builds_LP_MSPM0G3507_release_ticlang.lib : tasks.o (.text.prvCreateStaticTask)
                  00003b1e    00000094                                                       : queue.o (.text.xQueueGenericCreate)
                  00003bb2    00000002     --HOLE-- [fill = 0]
                  00003bb4    0000008c                                                       : timers.o (.text.prvProcessTimerOrBlockTask)
                  00003c40    00000088     driverlib.a : dl_dac12.o (.text.DL_DAC12_init)
                  00003cc8    00000084     freertos_builds_LP_MSPM0G3507_release_ticlang.lib : tasks.o (.text.prvCreateTask)
                  00003d4c    00000084                                                       : timers.o (.text.prvInsertTimerInActiveList)
                  00003dd0    00000080                                                       : port.o (.text.xPortStartScheduler)
                  00003e50    0000007c                                                       : tasks.o (.text.prvInitialiseTaskLists)
                  00003ecc    0000007c                                                       : timers.o (.text.xTimerCreateTimerTask)
                  00003f48    0000007c     libc.a : copy_decompress_lzss.c.obj (.text:decompress:lzss)
                  00003fc4    00000074     freertos_builds_LP_MSPM0G3507_release_ticlang.lib : tasks.o (.text.vTaskPlaceOnEventListRestricted)
                  00004038    0000006c                                                       : timers.o (.text.prvCheckForValidListAndQueue)
                  000040a4    0000006c                                                       : list.o (.text.vListInsert)
                  00004110    0000006a                                                       : queue.o (.text.vQueueWaitForMessageRestricted)
                  0000417a    00000002     --HOLE-- [fill = 0]
                  0000417c    00000068                                                       : tasks.o (.text.vTaskStartScheduler)
                  000041e4    00000062     libc.a : memset16.S.obj (.text:memset)
                  00004246    00000002     --HOLE-- [fill = 0]
                  00004248    00000060     ti_msp_dl_config.o (.text.SYSCFG_DL_UART_0_init)
                  000042a8    00000060     ti_msp_dl_config.o (.text.SYSCFG_DL_initPower)
                  00004308    00000054     main.o (.text.TIMA0_IRQHandler)
                  0000435c    00000050     ti_msp_dl_config.o (.text.SYSCFG_DL_TIMER_1_init)
                  000043ac    00000050     freertos_builds_LP_MSPM0G3507_release_ticlang.lib : tasks.o (.text.prvCheckTasksWaitingTermination)
                  000043fc    00000050                                                       : tasks.o (.text.prvDeleteTCB)
                  0000444c    00000050                                                       : timers.o (.text.prvProcessExpiredTimer)
                  0000449c    0000004c     ti_msp_dl_config.o (.text.SYSCFG_DL_GPIO_init)
                  000044e8    0000004c     libc.a : snprintf.c.obj (.text.snprintf)
                  00004534    0000004c     freertos_builds_LP_MSPM0G3507_release_ticlang.lib : tasks.o (.text.xTaskCreateStatic)
                  00004580    00000048     driverlib.a : dl_uart.o (.text.DL_UART_init)
                  000045c8    00000048     freertos_builds_LP_MSPM0G3507_release_ticlang.lib : list.o (.text.uxListRemove)
                  00004610    00000048                                                       : tasks.o (.text.xTaskCreate)
                  00004658    00000046                                                       : queue.o (.text.prvInitialiseNewQueue)
                  0000469e    00000002     --HOLE-- [fill = 0]
                  000046a0    00000044                                                       : portasm.o (.text.PendSV_Handler)
                  000046e4    00000044                                                       : queue.o (.text.prvCopyDataFromQueue)
                  00004728    00000044                                                       : timers.o (.text.prvSwitchTimerLists)
                  0000476c    00000040     driverlib.a : dl_adc12.o (.text.DL_ADC12_setClockConfig)
                  000047ac    00000040     libclang_rt.builtins.a : aeabi_uidivmod.S.obj (.text.__aeabi_uidivmod)
                  000047ec    00000040     libc.a : atoi.c.obj (.text.atoi)
                  0000482c    00000040     main.o (.text.vApplicationStackOverflowHook)
                  0000486c    0000003c     freertos_builds_LP_MSPM0G3507_release_ticlang.lib : timers.o (.text.prvSampleTimeNow)
                  000048a8    0000003c     libc.a : autoinit.c.obj (.text:__TI_auto_init_nobinit_nopinit)
                  000048e4    0000003a     libclang_rt.builtins.a : muldsi3.S.obj (.text.__muldsi3)
                  0000491e    00000002     --HOLE-- [fill = 0]
                  00004920    00000038     ti_msp_dl_config.o (.text.SYSCFG_DL_ADC12_0_init)
                  00004958    00000038     ti_msp_dl_config.o (.text.SYSCFG_DL_TIMER_0_init)
                  00004990    00000038     ti_msp_dl_config.o (.text.SYSCFG_DL_init)
                  000049c8    00000038     freertos_builds_LP_MSPM0G3507_release_ticlang.lib : timers.o (.text.prvGetNextExpireTime)
                  00004a00    00000038                                                       : tasks.o (.text.xTaskGetSchedulerState)
                  00004a38    00000036                                                       : timers.o (.text.prvReloadTimer)
                  00004a6e    00000002     --HOLE-- [fill = 0]
                  00004a70    00000034                                                       : tasks.o (.text.vTaskPlaceOnEventList)
                  00004aa4    00000030     driverlib.a : dl_uart.o (.text.DL_UART_transmitDataBlocking)
                  00004ad4    00000030     freertos_builds_LP_MSPM0G3507_release_ticlang.lib : port.o (.text.SysTick_Handler)
                  00004b04    00000030     libc.a : snprintf.c.obj (.text._outs)
                  00004b34    00000030     freertos_builds_LP_MSPM0G3507_release_ticlang.lib : tasks.o (.text.prvResetNextTaskUnblockTime)
                  00004b64    00000030                                                       : port.o (.text.prvTaskExitError)
                  00004b94    0000002e                                                       : port.o (.text.vPortSVCHandler_C)
                  00004bc2    00000002     --HOLE-- [fill = 0]
                  00004bc4    0000002c     ti_msp_dl_config.o (.text.SYSCFG_DL_SYSCTL_init)
                  00004bf0    0000002c     freertos_builds_LP_MSPM0G3507_release_ticlang.lib : list.o (.text.vListInitialise)
                  00004c1c    0000002c                                                       : port.o (.text.vPortExitCritical)
                  00004c48    0000002a                                                       : queue.o (.text.prvIsQueueEmpty)
                  00004c72    00000028                                                       : queue.o (.text.prvGetHighestPriorityOfWaitToReceiveList)
                  00004c9a    00000002     --HOLE-- [fill = 0]
                  00004c9c    00000028                                                       : StaticAllocs_freertos.o (.text.vApplicationGetIdleTaskMemory)
                  00004cc4    00000028                                                       : StaticAllocs_freertos.o (.text.vApplicationGetTimerTaskMemory)
                  00004cec    00000028                                                       : port.o (.text.vPortSetupTimerInterrupt)
                  00004d14    00000028     libc.a : boot_cortex_m.c.obj (.text:_c_int00_noargs)
                  00004d3c    00000004     startup_mspm0g350x_ticlang.o (.text.Reset_Handler)
                  00004d40    00000024     freertos_builds_LP_MSPM0G3507_release_ticlang.lib : portasm.o (.text.SVC_Handler)
                  00004d64    00000024     ti_msp_dl_config.o (.text.SYSCFG_DL_DAC12_init)
                  00004d88    00000024     libclang_rt.builtins.a : muldi3.S.obj (.text.__muldi3)
                  00004dac    00000024     freertos_builds_LP_MSPM0G3507_release_ticlang.lib : tasks.o (.text.pvTaskIncrementMutexHeldCount)
                  00004dd0    00000024                                                       : portasm.o (.text.vRestoreContextOfFirstTask)
                  00004df4    00000022     libc.a : memccpy.c.obj (.text.memccpy)
                  00004e16    00000002     --HOLE-- [fill = 0]
                  00004e18    00000020     main.o (.text.TIMA1_IRQHandler)
                  00004e38    00000020     timestamp.o (.text.ts_now)
                  00004e58    00000020     freertos_builds_LP_MSPM0G3507_release_ticlang.lib : tasks.o (.text.vTaskInternalSetTimeOutState)
                  00004e78    0000001e     libclang_rt.builtins.a : ashldi3.S.obj (.text.__ashldi3)
                  00004e96    0000001e     freertos_builds_LP_MSPM0G3507_release_ticlang.lib : timers.o (.text.prvTimerTask)
                  00004eb4    0000001c     driverlib.a : dl_timer.o (.text.DL_Timer_setClockConfig)
                  00004ed0    00000018     libc.a : snprintf.c.obj (.text._outc)
                  00004ee8    00000018     freertos_builds_LP_MSPM0G3507_release_ticlang.lib : port.o (.text.vPortEnterCritical)
                  00004f00    00000018                                                       : port.o (.text.vPortYield)
                  00004f18    00000014     libclang_rt.builtins.a : aeabi_uldivmod.S.obj (.text.__aeabi_uldivmod)
                  00004f2c    00000014     freertos_builds_LP_MSPM0G3507_release_ticlang.lib : tasks.o (.text.xTaskGetTickCount)
                  00004f40    00000012     driverlib.a : dl_uart.o (.text.DL_UART_setClockConfig)
                  00004f52    00000012     libc.a : copy_decompress_none.c.obj (.text:decompress:none)
                  00004f64    0000000c     libclang_rt.builtins.a : aeabi_memset.S.obj (.text.__aeabi_memclr)
                  00004f70    00000010     freertos_builds_LP_MSPM0G3507_release_ticlang.lib : portasm.o (.text.vStartFirstTask)
                  00004f80    00000010                                                       : tasks.o (.text.vTaskSuspendAll)
                  00004f90    00000010     libc.a : wcslen.c.obj (.text.wcslen)
                  00004fa0    00000010            : copy_zero_init.c.obj (.text:decompress:ZI)
                  00004fb0    0000000e     libclang_rt.builtins.a : aeabi_memset.S.obj (.text.__aeabi_memset)
                  00004fbe    0000000e     freertos_builds_LP_MSPM0G3507_release_ticlang.lib : tasks.o (.text.prvIdleTask)
                  00004fcc    0000000e     libc.a : _printfi.c.obj (.text.strlen)
                  00004fda    0000000e     freertos_builds_LP_MSPM0G3507_release_ticlang.lib : list.o (.text.vListInitialiseItem)
                  00004fe8    0000000c                                                       : tasks.o (.text.uxTaskGetNumberOfTasks)
                  00004ff4    0000000c                                                       : tasks.o (.text.vTaskMissedYield)
                  00005000    0000000a     driverlib.a : dl_common.o (.text.DL_Common_delayCycles)
                  0000500a    00000002     --HOLE-- [fill = 0]
                  0000500c    00000008     libc.a : aeabi_portable.c.obj (.text.__aeabi_errno_addr)
                  00005014    00000008     libclang_rt.builtins.a : aeabi_memcpy.S.obj (.text.__aeabi_memcpy)
                  0000501c    00000008     freertos_builds_LP_MSPM0G3507_release_ticlang.lib : portasm.o (.text.ulSetInterruptMask)
                  00005024    00000006                                                       : portasm.o (.text.vClearInterruptMask)
                  0000502a    00000004     libc.a : pre_init.c.obj (.text._system_pre_init)
                  0000502e    00000004            : exit.c.obj (.text:abort)
                  00005032    0000000e     --HOLE-- [fill = 0]

.cinit     0    00005310    00000040     
                  00005310    00000018     (.cinit..data.load) [load image, compression = lzss]
                  00005328    0000000c     (__TI_handler_table)
                  00005334    00000008     (.cinit..bss.load) [load image, compression = zero_init]
                  0000533c    00000010     (__TI_cinit_table)
                  0000534c    00000004     --HOLE-- [fill = 0]

.rodata    0    00005040    000002d0     
                  00005040    00000101     libc.a : aeabi_ctype.S.obj (.rodata:__aeabi_ctype_table_)
                  00005141    0000002a     main.o (.rodata.str1.139123098054563454261)
                  0000516b    00000029     main.o (.rodata.str1.4040285661218773341)
                  00005194    00000028     main.o (.rodata.str1.115890148426537372251)
                  000051bc    00000028     main.o (.rodata.str1.32363810797562342041)
                  000051e4    00000027     main.o (.rodata.str1.121071377670202666191)
                  0000520b    00000001     --HOLE-- [fill = 0]
                  0000520c    00000020     ti_msp_dl_config.o (.rodata.gDAC12Config)
                  0000522c    0000001c     main.o (.rodata.str1.6687673663783735341)
                  00005248    00000017     main.o (.rodata.str1.14505639957244399431)
                  0000525f    00000001     --HOLE-- [fill = 0]
                  00005260    00000014     ti_msp_dl_config.o (.rodata.gTIMER_0TimerConfig)
                  00005274    00000014     ti_msp_dl_config.o (.rodata.gTIMER_1TimerConfig)
                  00005288    00000011     libc.a : _printfi.c.obj (.rodata.str1.103488685894817597201)
                  00005299    00000011            : _printfi.c.obj (.rodata.str1.153638888446227384661)
                  000052aa    0000000a     ti_msp_dl_config.o (.rodata.gUART_0Config)
                  000052b4    0000000a     main.o (.rodata.str1.58265674741439123291)
                  000052be    00000009     main.o (.rodata.str1.164552152177587026401)
                  000052c7    00000001     --HOLE-- [fill = 0]
                  000052c8    00000008     ti_msp_dl_config.o (.rodata.gADC12_0ClockConfig)
                  000052d0    00000008     main.o (.rodata.str1.128962870563899395191)
                  000052d8    00000008     main.o (.rodata.str1.182731374899196392841)
                  000052e0    00000008     freertos_builds_LP_MSPM0G3507_release_ticlang.lib : timers.o (.rodata.str1.183475180157509169831)
                  000052e8    00000007     main.o (.rodata.str1.30235616187663446621)
                  000052ef    00000005     freertos_builds_LP_MSPM0G3507_release_ticlang.lib : tasks.o (.rodata.str1.162068611372385348101)
                  000052f4    00000005     main.o (.rodata.str1.36708577533941217011)
                  000052f9    00000004     main.o (.rodata.str1.104171602695964415641)
                  000052fd    00000003     ti_msp_dl_config.o (.rodata.gTIMER_0ClockConfig)
                  00005300    00000004     freertos_builds_LP_MSPM0G3507_release_ticlang.lib : tasks.o (.rodata.uxTopUsedPriority)
                  00005304    00000003     ti_msp_dl_config.o (.rodata.gTIMER_1ClockConfig)
                  00005307    00000002     ti_msp_dl_config.o (.rodata.gUART_0ClockConfig)
                  00005309    00000007     --HOLE-- [fill = 0]

.init_array 
*          0    00000000    00000000     UNINITIALIZED

.binit     0    00000000    00000000     

.bss       0    20200000    00005ca0     UNINITIALIZED
                  20200000    00005000     freertos_builds_LP_MSPM0G3507_release_ticlang.lib : heap_4.o (.bss.ucHeap)
                  20205000    00000200     main.o (.bss.adcRing)
                  20205200    00000200     freertos_builds_LP_MSPM0G3507_release_ticlang.lib : StaticAllocs_freertos.o (.bss.vApplicationGetIdleTaskMemory.uxIdleTaskStack)
                  20205400    00000200                                                       : StaticAllocs_freertos.o (.bss.vApplicationGetTimerTaskMemory.uxTimerTaskStack)
                  20205600    000000c8                                                       : tasks.o (.bss.pxReadyTasksLists)
                  202056c8    000000bc     (.common:gTIMER_0Backup)
                  20205784    000000bc     (.common:gTIMER_1Backup)
                  20205840    00000078                                                       : timers.o (.bss.prvCheckForValidListAndQueue.ucStaticTimerQueueStorage)
                  202058b8    00000068                                                       : StaticAllocs_freertos.o (.bss.vApplicationGetIdleTaskMemory.xIdleTaskTCB)
                  20205920    00000068                                                       : StaticAllocs_freertos.o (.bss.vApplicationGetTimerTaskMemory.xTimerTaskTCB)
                  20205988    00000060     main.o (.bss.acqStats)
                  202059e8    00000060     main.o (.bss.ctrlStats)
                  20205a48    00000060     main.o (.bss.eventStats)
                  20205aa8    00000060     main.o (.bss.logStats)
                  20205b08    00000060     main.o (.bss.uiStats)
                  20205b68    00000050     freertos_builds_LP_MSPM0G3507_release_ticlang.lib : timers.o (.bss.prvCheckForValidListAndQueue.xStaticTimerQueue)
                  20205bb8    00000040     main.o (.bss.eventLatencyHistogram)
                  20205bf8    00000014     freertos_builds_LP_MSPM0G3507_release_ticlang.lib : timers.o (.bss.xActiveTimerList1)
                  20205c0c    00000014                                                       : timers.o (.bss.xActiveTimerList2)
                  20205c20    00000014                                                       : tasks.o (.bss.xDelayedTaskList1)
                  20205c34    00000014                                                       : tasks.o (.bss.xDelayedTaskList2)
                  20205c48    00000014                                                       : tasks.o (.bss.xPendingReadyList)
                  20205c5c    00000014                                                       : tasks.o (.bss.xSuspendedTaskList)
                  20205c70    00000014                                                       : tasks.o (.bss.xTasksWaitingTermination)
                  20205c84    00000008                                                       : heap_4.o (.bss.xStart)
                  20205c8c    00000004                                                       : timers.o (.bss.pxCurrentTimerList)
                  20205c90    00000004                                                       : tasks.o (.bss.pxDelayedTaskList)
                  20205c94    00000004                                                       : tasks.o (.bss.pxOverflowDelayedTaskList)
                  20205c98    00000004                                                       : timers.o (.bss.pxOverflowTimerList)
                  20205c9c    00000004                                                       : tasks.o (.bss.xIdleTaskHandles)

.data      0    20205ca0    00000090     UNINITIALIZED
                  20205ca0    00000008     main.o (.data.eventLatencyTotalUs)
                  20205ca8    00000004     libc.a : aeabi_portable.c.obj (.data.__aeabi_errno)
                  20205cac    00000004     main.o (.data.adcDroppedSamples)
                  20205cb0    00000004     main.o (.data.adcReadIndex)
                  20205cb4    00000004     main.o (.data.adcSampleCount)
                  20205cb8    00000004     main.o (.data.adcWriteIndex)
                  20205cbc    00000004     main.o (.data.eventIsrCount)
                  20205cc0    00000004     main.o (.data.eventIsrTime)
                  20205cc4    00000004     main.o (.data.eventLatencyCount)
                  20205cc8    00000004     main.o (.data.eventLatencyMaxUs)
                  20205ccc    00000004     main.o (.data.eventLatencyMinUs)
                  20205cd0    00000004     main.o (.data.eventSemaphore)
                  20205cd4    00000004     freertos_builds_LP_MSPM0G3507_release_ticlang.lib : timers.o (.data.prvSampleTimeNow.xLastTime)
                  20205cd8    00000004                                                       : tasks.o (.data.pxCurrentTCB)
                  20205cdc    00000004                                                       : heap_4.o (.data.pxEnd)
                  20205ce0    00000004     main.o (.data.timerOverflowCount)
                  20205ce4    00000004     freertos_builds_LP_MSPM0G3507_release_ticlang.lib : port.o (.data.ulCriticalNesting)
                  20205ce8    00000004                                                       : tasks.o (.data.uxCurrentNumberOfTasks)
                  20205cec    00000004                                                       : tasks.o (.data.uxDeletedTasksWaitingCleanUp)
                  20205cf0    00000004                                                       : tasks.o (.data.uxSchedulerSuspended)
                  20205cf4    00000004                                                       : tasks.o (.data.uxTaskNumber)
                  20205cf8    00000004                                                       : tasks.o (.data.uxTopReadyPriority)
                  20205cfc    00000004                                                       : heap_4.o (.data.xFreeBytesRemaining)
                  20205d00    00000004                                                       : heap_4.o (.data.xMinimumEverFreeBytesRemaining)
                  20205d04    00000004                                                       : tasks.o (.data.xNextTaskUnblockTime)
                  20205d08    00000004                                                       : tasks.o (.data.xNumOfOverflows)
                  20205d0c    00000004                                                       : heap_4.o (.data.xNumberOfSuccessfulAllocations)
                  20205d10    00000004                                                       : heap_4.o (.data.xNumberOfSuccessfulFrees)
                  20205d14    00000004                                                       : tasks.o (.data.xPendedTicks)
                  20205d18    00000004                                                       : tasks.o (.data.xSchedulerRunning)
                  20205d1c    00000004                                                       : tasks.o (.data.xTickCount)
                  20205d20    00000004                                                       : timers.o (.data.xTimerQueue)
                  20205d24    00000004                                                       : timers.o (.data.xTimerTaskHandle)
                  20205d28    00000004                                                       : tasks.o (.data.xYieldPendings)
                  20205d2c    00000002     main.o (.data.controlOutput)
                  20205d2e    00000002     main.o (.data.lastAdcValue)

.stack     0    20207e00    00000200     UNINITIALIZED
                  20207e00    00000004     libc.a : boot_cortex_m.c.obj (.stack)
                  20207e04    000001fc     --HOLE--

__llvm_prf_cnts 
*          0    20200000    00000000     UNINITIALIZED

__llvm_prf_bits 
*          0    20200000    00000000     UNINITIALIZED

MODULE SUMMARY

       Module                         code    ro data   rw data
       ------                         ----    -------   -------
    .\
       main.o                         4840    304       1112   
       ti_msp_dl_config.o             596     98        376    
       timestamp.o                    32      0         0      
    +--+------------------------------+-------+---------+---------+
       Total:                         5468    402       1488   
                                                               
    .\freertos\ticlang\
       startup_mspm0g350x_ticlang.o   6       192       0      
    +--+------------------------------+-------+---------+---------+
       Total:                         6       192       0      
                                                               
    C:/Users/bense/workspace_ccstheia/freertos_builds_LP_MSPM0G3507_release_ticlang/Debug/freertos_builds_LP_MSPM0G3507_release_ticlang.lib
       heap_4.o                       1336    0         20508  
       tasks.o                        4938    9         360    
       queue.o                        2212    0         0      
       timers.o                       1200    8         260    
       StaticAllocs_freertos.o        80      0         1232   
       port.o                         678     0         4      
       list.o                         238     0         0      
       portasm.o                      170     0         0      
    +--+------------------------------+-------+---------+---------+
       Total:                         10852   17        22364  
                                                               
    C:/ti/mspm0_sdk_2_11_00_07/source/ti/driverlib/lib/ticlang/m0p/mspm0g1x0x_g3x0x/driverlib.a
       dl_timer.o                     280     0         0      
       dl_uart.o                      138     0         0      
       dl_dac12.o                     136     0         0      
       dl_adc12.o                     64      0         0      
       dl_common.o                    10      0         0      
    +--+------------------------------+-------+---------+---------+
       Total:                         628     0         0      
                                                               
    C:\ti\ccstheia151\ccs\tools\compiler\ti-cgt-armllvm_4.0.0.LTS\lib\armv6m-ti-none-eabi/c/libc.a
       _printfi.c.obj                 2166    34        0      
       aeabi_ctype.S.obj              0       257       0      
       memcpy16.S.obj                 154     0         0      
       snprintf.c.obj                 148     0         0      
       copy_decompress_lzss.c.obj     124     0         0      
       memset16.S.obj                 98      0         0      
       atoi.c.obj                     64      0         0      
       autoinit.c.obj                 60      0         0      
       boot_cortex_m.c.obj            40      0         0      
       memccpy.c.obj                  34      0         0      
       copy_decompress_none.c.obj     18      0         0      
       copy_zero_init.c.obj           16      0         0      
       wcslen.c.obj                   16      0         0      
       aeabi_portable.c.obj           8       0         4      
       exit.c.obj                     4       0         0      
       pre_init.c.obj                 4       0         0      
    +--+------------------------------+-------+---------+---------+
       Total:                         2954    291       4      
                                                               
    C:\ti\ccstheia151\ccs\tools\compiler\ti-cgt-armllvm_4.0.0.LTS\lib\armv6m-ti-none-eabi/libclang_rt.builtins.a
       udivmoddi4.S.obj               162     0         0      
       aeabi_uidivmod.S.obj           64      0         0      
       muldsi3.S.obj                  58      0         0      
       muldi3.S.obj                   36      0         0      
       ashldi3.S.obj                  30      0         0      
       aeabi_memset.S.obj             26      0         0      
       aeabi_uldivmod.S.obj           20      0         0      
       aeabi_memcpy.S.obj             8       0         0      
       aeabi_div0.c.obj               4       0         0      
    +--+------------------------------+-------+---------+---------+
       Total:                         408     0         0      
                                                               
       Stack:                         0       0         512    
       Linker Generated:              0       60        0      
    +--+------------------------------+-------+---------+---------+
       Grand Total:                   20316   962       24368  


LINKER GENERATED COPY TABLES

__TI_cinit_table @ 0000533c records: 2, size/record: 8, table size: 16
	.data: load addr=00005310, load size=00000018 bytes, run addr=20205ca0, run size=00000090 bytes, compression=lzss
	.bss: load addr=00005334, load size=00000008 bytes, run addr=20200000, run size=00005ca0 bytes, compression=zero_init


LINKER GENERATED HANDLER TABLE

__TI_handler_table @ 00005328 records: 3, size/record: 4, table size: 12
	index: 0, handler: __TI_decompress_lzss
	index: 1, handler: __TI_decompress_none
	index: 2, handler: __TI_zero_init


GLOBAL SYMBOLS: SORTED ALPHABETICALLY BY Name 

address   name                               
-------   ----                               
0000204f  ADC0_IRQHandler                    
0000204f  ADC1_IRQHandler                    
0000204f  AES_IRQHandler                     
0000502e  C$$EXIT                            
0000204f  CANFD0_IRQHandler                  
0000204f  DAC0_IRQHandler                    
0000476d  DL_ADC12_setClockConfig            
00005001  DL_Common_delayCycles              
00003c41  DL_DAC12_init                      
00003139  DL_Timer_initTimerMode             
00004eb5  DL_Timer_setClockConfig            
00004581  DL_UART_init                       
00004f41  DL_UART_setClockConfig             
00004aa5  DL_UART_transmitDataBlocking       
0000204f  DMA_IRQHandler                     
0000204f  Default_Handler                    
0000204f  GROUP0_IRQHandler                  
0000204f  GROUP1_IRQHandler                  
0000204f  HardFault_Handler                  
0000204f  I2C0_IRQHandler                    
0000204f  I2C1_IRQHandler                    
0000204f  NMI_Handler                        
000046a1  PendSV_Handler                     
0000204f  RTC_IRQHandler                     
00004d3d  Reset_Handler                      
0000204f  SPI0_IRQHandler                    
0000204f  SPI1_IRQHandler                    
00004d41  SVC_Handler                        
00004921  SYSCFG_DL_ADC12_0_init             
00004d65  SYSCFG_DL_DAC12_init               
0000449d  SYSCFG_DL_GPIO_init                
00004bc5  SYSCFG_DL_SYSCTL_init              
00004959  SYSCFG_DL_TIMER_0_init             
0000435d  SYSCFG_DL_TIMER_1_init             
00004249  SYSCFG_DL_UART_0_init              
00004991  SYSCFG_DL_init                     
000042a9  SYSCFG_DL_initPower                
00004ad5  SysTick_Handler                    
00004309  TIMA0_IRQHandler                   
00004e19  TIMA1_IRQHandler                   
0000204f  TIMG0_IRQHandler                   
0000204f  TIMG12_IRQHandler                  
0000204f  TIMG6_IRQHandler                   
0000204f  TIMG7_IRQHandler                   
0000204f  TIMG8_IRQHandler                   
0000204f  UART0_IRQHandler                   
0000204f  UART1_IRQHandler                   
0000204f  UART2_IRQHandler                   
0000204f  UART3_IRQHandler                   
20208000  __STACK_END                        
00000200  __STACK_SIZE                       
00000000  __TI_ATRegion0_region_sz           
00000000  __TI_ATRegion0_src_addr            
00000000  __TI_ATRegion0_trg_addr            
00000000  __TI_ATRegion1_region_sz           
00000000  __TI_ATRegion1_src_addr            
00000000  __TI_ATRegion1_trg_addr            
00000000  __TI_ATRegion2_region_sz           
00000000  __TI_ATRegion2_src_addr            
00000000  __TI_ATRegion2_trg_addr            
0000533c  __TI_CINIT_Base                    
0000534c  __TI_CINIT_Limit                   
0000534c  __TI_CINIT_Warm                    
00005328  __TI_Handler_Table_Base            
00005334  __TI_Handler_Table_Limit           
000048a9  __TI_auto_init_nobinit_nopinit     
00003f49  __TI_decompress_lzss               
00004f53  __TI_decompress_none               
ffffffff  __TI_pprof_out_hndl                
000000c1  __TI_printfi_nofloat               
ffffffff  __TI_prof_data_size                
ffffffff  __TI_prof_data_start               
00000000  __TI_static_base__                 
00004fa1  __TI_zero_init                     
00005040  __aeabi_ctype_table_               
00005040  __aeabi_ctype_table_C              
20205ca8  __aeabi_errno                      
0000500d  __aeabi_errno_addr                 
00002e1b  __aeabi_idiv0                      
00003753  __aeabi_ldiv0                      
00004e79  __aeabi_llsl                       
00004d89  __aeabi_lmul                       
00004f65  __aeabi_memclr                     
00004f65  __aeabi_memclr4                    
00004f65  __aeabi_memclr8                    
00005015  __aeabi_memcpy                     
00005015  __aeabi_memcpy4                    
00005015  __aeabi_memcpy8                    
00004fb1  __aeabi_memset                     
00004fb1  __aeabi_memset4                    
00004fb1  __aeabi_memset8                    
000047ad  __aeabi_uidiv                      
000047ad  __aeabi_uidivmod                   
00004f19  __aeabi_uldivmod                   
00004e79  __ashldi3                          
ffffffff  __binit__                          
UNDEFED   __mpu_init                         
00004d89  __muldi3                           
000048e5  __muldsi3                          
20207e00  __stack                            
20200000  __start___llvm_prf_bits            
20200000  __start___llvm_prf_cnts            
20200000  __stop___llvm_prf_bits             
20200000  __stop___llvm_prf_cnts             
00003809  __udivmoddi4                       
00004d15  _c_int00_noargs                    
UNDEFED   _system_post_cinit                 
0000502b  _system_pre_init                   
0000502f  abort                              
000047ed  atoi                               
ffffffff  binit                              
20205cbc  eventIsrCount                      
20205cc0  eventIsrTime                       
202056c8  gTIMER_0Backup                     
20205784  gTIMER_1Backup                     
00000000  interruptVectors                   
00001615  main                               
00004df5  memccpy                            
000039ed  memcpy                             
000041e5  memset                             
00001105  pvPortMalloc                       
00004dad  pvTaskIncrementMutexHeldCount      
20205cd8  pxCurrentTCB                       
00002bf9  pxPortInitialiseStack              
000044e9  snprintf                           
20205ce0  timerOverflowCount                 
00004e39  ts_now                             
0000501d  ulSetInterruptMask                 
000045c9  uxListRemove                       
00004fe9  uxTaskGetNumberOfTasks             
00004c9d  vApplicationGetIdleTaskMemory      
00004cc5  vApplicationGetTimerTaskMemory     
0000482d  vApplicationStackOverflowHook      
00005025  vClearInterruptMask                
00004bf1  vListInitialise                    
00004fdb  vListInitialiseItem                
000040a5  vListInsert                        
00004ee9  vPortEnterCritical                 
00004c1d  vPortExitCritical                  
00003235  vPortFree                          
00004b95  vPortSVCHandler_C                  
00004ced  vPortSetupTimerInterrupt           
00004f01  vPortYield                         
00004111  vQueueWaitForMessageRestricted     
00004dd1  vRestoreContextOfFirstTask         
00004f71  vStartFirstTask                    
00004e59  vTaskInternalSetTimeOutState       
00004ff5  vTaskMissedYield                   
00004a71  vTaskPlaceOnEventList              
00003fc5  vTaskPlaceOnEventListRestricted    
00002865  vTaskPriorityDisinheritAfterTimeout
0000417d  vTaskStartScheduler                
00004f81  vTaskSuspendAll                    
00002f29  vTaskSwitchContext                 
00004f91  wcslen                             
00003dd1  xPortStartScheduler                
00003b1f  xQueueGenericCreate                
0000394d  xQueueGenericCreateStatic          
00003411  xQueueGenericReset                 
00002d0d  xQueueGiveFromISR                  
000023d9  xQueueReceive                      
00001e71  xQueueSemaphoreTake                
00003755  xTaskCheckForTimeOut               
00004611  xTaskCreate                        
00004535  xTaskCreateStatic                  
000034f5  xTaskDelayUntil                    
00004a01  xTaskGetSchedulerState             
00004f2d  xTaskGetTickCount                  
00001865  xTaskIncrementTick                 
00002ad1  xTaskPriorityInherit               
0000257d  xTaskRemoveFromEventList           
00001c79  xTaskResumeAll                     
00003ecd  xTimerCreateTimerTask              


GLOBAL SYMBOLS: SORTED BY Symbol Address 

address   name                               
-------   ----                               
00000000  __TI_ATRegion0_region_sz           
00000000  __TI_ATRegion0_src_addr            
00000000  __TI_ATRegion0_trg_addr            
00000000  __TI_ATRegion1_region_sz           
00000000  __TI_ATRegion1_src_addr            
00000000  __TI_ATRegion1_trg_addr            
00000000  __TI_ATRegion2_region_sz           
00000000  __TI_ATRegion2_src_addr            
00000000  __TI_ATRegion2_trg_addr            
00000000  __TI_static_base__                 
00000000  interruptVectors                   
000000c1  __TI_printfi_nofloat               
00000200  __STACK_SIZE                       
00001105  pvPortMalloc                       
00001615  main                               
00001865  xTaskIncrementTick                 
00001c79  xTaskResumeAll                     
00001e71  xQueueSemaphoreTake                
0000204f  ADC0_IRQHandler                    
0000204f  ADC1_IRQHandler                    
0000204f  AES_IRQHandler                     
0000204f  CANFD0_IRQHandler                  
0000204f  DAC0_IRQHandler                    
0000204f  DMA_IRQHandler                     
0000204f  Default_Handler                    
0000204f  GROUP0_IRQHandler                  
0000204f  GROUP1_IRQHandler                  
0000204f  HardFault_Handler                  
0000204f  I2C0_IRQHandler                    
0000204f  I2C1_IRQHandler                    
0000204f  NMI_Handler                        
0000204f  RTC_IRQHandler                     
0000204f  SPI0_IRQHandler                    
0000204f  SPI1_IRQHandler                    
0000204f  TIMG0_IRQHandler                   
0000204f  TIMG12_IRQHandler                  
0000204f  TIMG6_IRQHandler                   
0000204f  TIMG7_IRQHandler                   
0000204f  TIMG8_IRQHandler                   
0000204f  UART0_IRQHandler                   
0000204f  UART1_IRQHandler                   
0000204f  UART2_IRQHandler                   
0000204f  UART3_IRQHandler                   
000023d9  xQueueReceive                      
0000257d  xTaskRemoveFromEventList           
00002865  vTaskPriorityDisinheritAfterTimeout
00002ad1  xTaskPriorityInherit               
00002bf9  pxPortInitialiseStack              
00002d0d  xQueueGiveFromISR                  
00002e1b  __aeabi_idiv0                      
00002f29  vTaskSwitchContext                 
00003139  DL_Timer_initTimerMode             
00003235  vPortFree                          
00003411  xQueueGenericReset                 
000034f5  xTaskDelayUntil                    
00003753  __aeabi_ldiv0                      
00003755  xTaskCheckForTimeOut               
00003809  __udivmoddi4                       
0000394d  xQueueGenericCreateStatic          
000039ed  memcpy                             
00003b1f  xQueueGenericCreate                
00003c41  DL_DAC12_init                      
00003dd1  xPortStartScheduler                
00003ecd  xTimerCreateTimerTask              
00003f49  __TI_decompress_lzss               
00003fc5  vTaskPlaceOnEventListRestricted    
000040a5  vListInsert                        
00004111  vQueueWaitForMessageRestricted     
0000417d  vTaskStartScheduler                
000041e5  memset                             
00004249  SYSCFG_DL_UART_0_init              
000042a9  SYSCFG_DL_initPower                
00004309  TIMA0_IRQHandler                   
0000435d  SYSCFG_DL_TIMER_1_init             
0000449d  SYSCFG_DL_GPIO_init                
000044e9  snprintf                           
00004535  xTaskCreateStatic                  
00004581  DL_UART_init                       
000045c9  uxListRemove                       
00004611  xTaskCreate                        
000046a1  PendSV_Handler                     
0000476d  DL_ADC12_setClockConfig            
000047ad  __aeabi_uidiv                      
000047ad  __aeabi_uidivmod                   
000047ed  atoi                               
0000482d  vApplicationStackOverflowHook      
000048a9  __TI_auto_init_nobinit_nopinit     
000048e5  __muldsi3                          
00004921  SYSCFG_DL_ADC12_0_init             
00004959  SYSCFG_DL_TIMER_0_init             
00004991  SYSCFG_DL_init                     
00004a01  xTaskGetSchedulerState             
00004a71  vTaskPlaceOnEventList              
00004aa5  DL_UART_transmitDataBlocking       
00004ad5  SysTick_Handler                    
00004b95  vPortSVCHandler_C                  
00004bc5  SYSCFG_DL_SYSCTL_init              
00004bf1  vListInitialise                    
00004c1d  vPortExitCritical                  
00004c9d  vApplicationGetIdleTaskMemory      
00004cc5  vApplicationGetTimerTaskMemory     
00004ced  vPortSetupTimerInterrupt           
00004d15  _c_int00_noargs                    
00004d3d  Reset_Handler                      
00004d41  SVC_Handler                        
00004d65  SYSCFG_DL_DAC12_init               
00004d89  __aeabi_lmul                       
00004d89  __muldi3                           
00004dad  pvTaskIncrementMutexHeldCount      
00004dd1  vRestoreContextOfFirstTask         
00004df5  memccpy                            
00004e19  TIMA1_IRQHandler                   
00004e39  ts_now                             
00004e59  vTaskInternalSetTimeOutState       
00004e79  __aeabi_llsl                       
00004e79  __ashldi3                          
00004eb5  DL_Timer_setClockConfig            
00004ee9  vPortEnterCritical                 
00004f01  vPortYield                         
00004f19  __aeabi_uldivmod                   
00004f2d  xTaskGetTickCount                  
00004f41  DL_UART_setClockConfig             
00004f53  __TI_decompress_none               
00004f65  __aeabi_memclr                     
00004f65  __aeabi_memclr4                    
00004f65  __aeabi_memclr8                    
00004f71  vStartFirstTask                    
00004f81  vTaskSuspendAll                    
00004f91  wcslen                             
00004fa1  __TI_zero_init                     
00004fb1  __aeabi_memset                     
00004fb1  __aeabi_memset4                    
00004fb1  __aeabi_memset8                    
00004fdb  vListInitialiseItem                
00004fe9  uxTaskGetNumberOfTasks             
00004ff5  vTaskMissedYield                   
00005001  DL_Common_delayCycles              
0000500d  __aeabi_errno_addr                 
00005015  __aeabi_memcpy                     
00005015  __aeabi_memcpy4                    
00005015  __aeabi_memcpy8                    
0000501d  ulSetInterruptMask                 
00005025  vClearInterruptMask                
0000502b  _system_pre_init                   
0000502e  C$$EXIT                            
0000502f  abort                              
00005040  __aeabi_ctype_table_               
00005040  __aeabi_ctype_table_C              
00005328  __TI_Handler_Table_Base            
00005334  __TI_Handler_Table_Limit           
0000533c  __TI_CINIT_Base                    
0000534c  __TI_CINIT_Limit                   
0000534c  __TI_CINIT_Warm                    
20200000  __start___llvm_prf_bits            
20200000  __start___llvm_prf_cnts            
20200000  __stop___llvm_prf_bits             
20200000  __stop___llvm_prf_cnts             
202056c8  gTIMER_0Backup                     
20205784  gTIMER_1Backup                     
20205ca8  __aeabi_errno                      
20205cbc  eventIsrCount                      
20205cc0  eventIsrTime                       
20205cd8  pxCurrentTCB                       
20205ce0  timerOverflowCount                 
20207e00  __stack                            
20208000  __STACK_END                        
ffffffff  __TI_pprof_out_hndl                
ffffffff  __TI_prof_data_size                
ffffffff  __TI_prof_data_start               
ffffffff  __binit__                          
ffffffff  binit                              
UNDEFED   __mpu_init                         
UNDEFED   _system_post_cinit                 

[173 symbols]
