<?xml version="1.0" encoding="ISO-8859-1" ?>
<link_info>
   <banner>TI ARM Clang Linker PC v4.0.0.LTS</banner>
   <copyright>Copyright (c) 1996-2018 Texas Instruments Incorporated</copyright>
   <command_line>C:\ti\ccstheia151\ccs\tools\compiler\ti-cgt-armllvm_4.0.0.LTS\bin\tiarmlnk -IC:\ti\ccstheia151\ccs\tools\compiler\ti-cgt-armllvm_4.0.0.LTS\lib -o blink_led_LP_MSPM0G3507_freertos_ticlang.out -mblink_led_LP_MSPM0G3507_freertos_ticlang.map -iC:/Users/bense/workspace_ccstheia/freertos_builds_LP_MSPM0G3507_release_ticlang/Debug -iC:/ti/mspm0_sdk_2_11_00_07/source -iC:/Users/bense/workspace_ccstheia/blink_led_LP_MSPM0G3507_freertos_ticlang -iC:/Users/bense/workspace_ccstheia/blink_led_LP_MSPM0G3507_freertos_ticlang/Debug/syscfg -iC:/ti/ccstheia151/ccs/tools/compiler/ti-cgt-armllvm_4.0.0.LTS/lib --diag_wrap=off --display_error_number --warn_sections --xml_link_info=blink_led_LP_MSPM0G3507_freertos_ticlang_linkInfo.xml --rom_model ./ti_msp_dl_config.o ./main-blinky.o ./main.o ./timestamp.o ./freertos/ticlang/startup_mspm0g350x_ticlang.o ../mspm0g3507.cmd -lfreertos_builds_LP_MSPM0G3507_release_ticlang.lib -lC:/ti/mspm0_sdk_2_11_00_07/source/ti/driverlib/lib/ticlang/m0p/mspm0g1x0x_g3x0x/driverlib.a -llibc.a --start-group -llibc++.a -llibc++abi.a -llibc.a -llibsys.a -llibsysbm.a -llibclang_rt.builtins.a -llibclang_rt.profile.a --end-group --cg_opt_level=2</command_line>
   <link_time>0x6ab5a991</link_time>
   <link_errors>0x0</link_errors>
   <output_file>C:\Users\bense\workspace_ccstheia\blink_led_LP_MSPM0G3507_freertos_ticlang\Debug\blink_led_LP_MSPM0G3507_freertos_ticlang.out</output_file>
   <entry_point>
      <name>_c_int00_noargs</name>
      <address>0x55b5</address>
   </entry_point>
   <input_file_list>
      <input_file id="fl-1">
         <path>C:\Users\bense\workspace_ccstheia\blink_led_LP_MSPM0G3507_freertos_ticlang\Debug\.\</path>
         <kind>object</kind>
         <file>ti_msp_dl_config.o</file>
         <name>ti_msp_dl_config.o</name>
      </input_file>
      <input_file id="fl-2">
         <path>C:\Users\bense\workspace_ccstheia\blink_led_LP_MSPM0G3507_freertos_ticlang\Debug\.\</path>
         <kind>object</kind>
         <file>main-blinky.o</file>
         <name>main-blinky.o</name>
      </input_file>
      <input_file id="fl-3">
         <path>C:\Users\bense\workspace_ccstheia\blink_led_LP_MSPM0G3507_freertos_ticlang\Debug\.\</path>
         <kind>object</kind>
         <file>main.o</file>
         <name>main.o</name>
      </input_file>
      <input_file id="fl-4">
         <path>C:\Users\bense\workspace_ccstheia\blink_led_LP_MSPM0G3507_freertos_ticlang\Debug\.\</path>
         <kind>object</kind>
         <file>timestamp.o</file>
         <name>timestamp.o</name>
      </input_file>
      <input_file id="fl-5">
         <path>C:\Users\bense\workspace_ccstheia\blink_led_LP_MSPM0G3507_freertos_ticlang\Debug\.\freertos\ticlang\</path>
         <kind>object</kind>
         <file>startup_mspm0g350x_ticlang.o</file>
         <name>startup_mspm0g350x_ticlang.o</name>
      </input_file>
      <input_file id="fl-12">
         <path>C:\Users\bense\workspace_ccstheia\blink_led_LP_MSPM0G3507_freertos_ticlang\Debug\</path>
         <kind>object</kind>
         <file>&lt;internal&gt;</file>
         <name>&lt;internal&gt;</name>
      </input_file>
      <input_file id="fl-13">
         <path>C:\Users\bense\workspace_ccstheia\freertos_builds_LP_MSPM0G3507_release_ticlang\Debug\</path>
         <kind>archive</kind>
         <file>freertos_builds_LP_MSPM0G3507_release_ticlang.lib</file>
         <name>queue.o</name>
      </input_file>
      <input_file id="fl-14">
         <path>C:\Users\bense\workspace_ccstheia\freertos_builds_LP_MSPM0G3507_release_ticlang\Debug\</path>
         <kind>archive</kind>
         <file>freertos_builds_LP_MSPM0G3507_release_ticlang.lib</file>
         <name>tasks.o</name>
      </input_file>
      <input_file id="fl-15">
         <path>C:\Users\bense\workspace_ccstheia\freertos_builds_LP_MSPM0G3507_release_ticlang\Debug\</path>
         <kind>archive</kind>
         <file>freertos_builds_LP_MSPM0G3507_release_ticlang.lib</file>
         <name>timers.o</name>
      </input_file>
      <input_file id="fl-16">
         <path>C:\Users\bense\workspace_ccstheia\freertos_builds_LP_MSPM0G3507_release_ticlang\Debug\</path>
         <kind>archive</kind>
         <file>freertos_builds_LP_MSPM0G3507_release_ticlang.lib</file>
         <name>port.o</name>
      </input_file>
      <input_file id="fl-17">
         <path>C:\Users\bense\workspace_ccstheia\freertos_builds_LP_MSPM0G3507_release_ticlang\Debug\</path>
         <kind>archive</kind>
         <file>freertos_builds_LP_MSPM0G3507_release_ticlang.lib</file>
         <name>portasm.o</name>
      </input_file>
      <input_file id="fl-18">
         <path>C:\Users\bense\workspace_ccstheia\freertos_builds_LP_MSPM0G3507_release_ticlang\Debug\</path>
         <kind>archive</kind>
         <file>freertos_builds_LP_MSPM0G3507_release_ticlang.lib</file>
         <name>PTLS.o</name>
      </input_file>
      <input_file id="fl-19">
         <path>C:\Users\bense\workspace_ccstheia\freertos_builds_LP_MSPM0G3507_release_ticlang\Debug\</path>
         <kind>archive</kind>
         <file>freertos_builds_LP_MSPM0G3507_release_ticlang.lib</file>
         <name>StaticAllocs_freertos.o</name>
      </input_file>
      <input_file id="fl-1a">
         <path>C:\Users\bense\workspace_ccstheia\freertos_builds_LP_MSPM0G3507_release_ticlang\Debug\</path>
         <kind>archive</kind>
         <file>freertos_builds_LP_MSPM0G3507_release_ticlang.lib</file>
         <name>heap_4.o</name>
      </input_file>
      <input_file id="fl-1b">
         <path>C:\Users\bense\workspace_ccstheia\freertos_builds_LP_MSPM0G3507_release_ticlang\Debug\</path>
         <kind>archive</kind>
         <file>freertos_builds_LP_MSPM0G3507_release_ticlang.lib</file>
         <name>list.o</name>
      </input_file>
      <input_file id="fl-1c">
         <path>C:\ti\mspm0_sdk_2_11_00_07\source\ti\driverlib\lib\ticlang\m0p\mspm0g1x0x_g3x0x\</path>
         <kind>archive</kind>
         <file>driverlib.a</file>
         <name>dl_adc12.o</name>
      </input_file>
      <input_file id="fl-1d">
         <path>C:\ti\mspm0_sdk_2_11_00_07\source\ti\driverlib\lib\ticlang\m0p\mspm0g1x0x_g3x0x\</path>
         <kind>archive</kind>
         <file>driverlib.a</file>
         <name>dl_common.o</name>
      </input_file>
      <input_file id="fl-1e">
         <path>C:\ti\mspm0_sdk_2_11_00_07\source\ti\driverlib\lib\ticlang\m0p\mspm0g1x0x_g3x0x\</path>
         <kind>archive</kind>
         <file>driverlib.a</file>
         <name>dl_dac12.o</name>
      </input_file>
      <input_file id="fl-1f">
         <path>C:\ti\mspm0_sdk_2_11_00_07\source\ti\driverlib\lib\ticlang\m0p\mspm0g1x0x_g3x0x\</path>
         <kind>archive</kind>
         <file>driverlib.a</file>
         <name>dl_timer.o</name>
      </input_file>
      <input_file id="fl-20">
         <path>C:\ti\mspm0_sdk_2_11_00_07\source\ti\driverlib\lib\ticlang\m0p\mspm0g1x0x_g3x0x\</path>
         <kind>archive</kind>
         <file>driverlib.a</file>
         <name>dl_uart.o</name>
      </input_file>
      <input_file id="fl-35">
         <path>C:\ti\ccstheia151\ccs\tools\compiler\ti-cgt-armllvm_4.0.0.LTS\lib\armv6m-ti-none-eabi\c\</path>
         <kind>archive</kind>
         <file>libc.a</file>
         <name>snprintf.c.obj</name>
      </input_file>
      <input_file id="fl-36">
         <path>C:\ti\ccstheia151\ccs\tools\compiler\ti-cgt-armllvm_4.0.0.LTS\lib\armv6m-ti-none-eabi\c\</path>
         <kind>archive</kind>
         <file>libc.a</file>
         <name>boot_cortex_m.c.obj</name>
      </input_file>
      <input_file id="fl-37">
         <path>C:\ti\ccstheia151\ccs\tools\compiler\ti-cgt-armllvm_4.0.0.LTS\lib\armv6m-ti-none-eabi\c\</path>
         <kind>archive</kind>
         <file>libc.a</file>
         <name>mathacl_init.c.obj</name>
      </input_file>
      <input_file id="fl-38">
         <path>C:\ti\ccstheia151\ccs\tools\compiler\ti-cgt-armllvm_4.0.0.LTS\lib\armv6m-ti-none-eabi\c\</path>
         <kind>archive</kind>
         <file>libc.a</file>
         <name>autoinit.c.obj</name>
      </input_file>
      <input_file id="fl-39">
         <path>C:\ti\ccstheia151\ccs\tools\compiler\ti-cgt-armllvm_4.0.0.LTS\lib\armv6m-ti-none-eabi\c\</path>
         <kind>archive</kind>
         <file>libc.a</file>
         <name>pre_init.c.obj</name>
      </input_file>
      <input_file id="fl-3a">
         <path>C:\ti\ccstheia151\ccs\tools\compiler\ti-cgt-armllvm_4.0.0.LTS\lib\armv6m-ti-none-eabi\c\</path>
         <kind>archive</kind>
         <file>libc.a</file>
         <name>cpy_tbl.c.obj</name>
      </input_file>
      <input_file id="fl-3b">
         <path>C:\ti\ccstheia151\ccs\tools\compiler\ti-cgt-armllvm_4.0.0.LTS\lib\armv6m-ti-none-eabi\c\</path>
         <kind>archive</kind>
         <file>libc.a</file>
         <name>copy_zero_init.c.obj</name>
      </input_file>
      <input_file id="fl-3c">
         <path>C:\ti\ccstheia151\ccs\tools\compiler\ti-cgt-armllvm_4.0.0.LTS\lib\armv6m-ti-none-eabi\c\</path>
         <kind>archive</kind>
         <file>libc.a</file>
         <name>copy_decompress_none.c.obj</name>
      </input_file>
      <input_file id="fl-3d">
         <path>C:\ti\ccstheia151\ccs\tools\compiler\ti-cgt-armllvm_4.0.0.LTS\lib\armv6m-ti-none-eabi\c\</path>
         <kind>archive</kind>
         <file>libc.a</file>
         <name>copy_decompress_lzss.c.obj</name>
      </input_file>
      <input_file id="fl-3e">
         <path>C:\ti\ccstheia151\ccs\tools\compiler\ti-cgt-armllvm_4.0.0.LTS\lib\armv6m-ti-none-eabi\c\</path>
         <kind>archive</kind>
         <file>libc.a</file>
         <name>_printfi.c.obj</name>
      </input_file>
      <input_file id="fl-3f">
         <path>C:\ti\ccstheia151\ccs\tools\compiler\ti-cgt-armllvm_4.0.0.LTS\lib\armv6m-ti-none-eabi\c\</path>
         <kind>archive</kind>
         <file>libc.a</file>
         <name>wcslen.c.obj</name>
      </input_file>
      <input_file id="fl-40">
         <path>C:\ti\ccstheia151\ccs\tools\compiler\ti-cgt-armllvm_4.0.0.LTS\lib\armv6m-ti-none-eabi\c\</path>
         <kind>archive</kind>
         <file>libc.a</file>
         <name>s_frexp.c.obj</name>
      </input_file>
      <input_file id="fl-41">
         <path>C:\ti\ccstheia151\ccs\tools\compiler\ti-cgt-armllvm_4.0.0.LTS\lib\armv6m-ti-none-eabi\c\</path>
         <kind>archive</kind>
         <file>libc.a</file>
         <name>s_scalbn.c.obj</name>
      </input_file>
      <input_file id="fl-42">
         <path>C:\ti\ccstheia151\ccs\tools\compiler\ti-cgt-armllvm_4.0.0.LTS\lib\armv6m-ti-none-eabi\c\</path>
         <kind>archive</kind>
         <file>libc.a</file>
         <name>aeabi_portable.c.obj</name>
      </input_file>
      <input_file id="fl-43">
         <path>C:\ti\ccstheia151\ccs\tools\compiler\ti-cgt-armllvm_4.0.0.LTS\lib\armv6m-ti-none-eabi\c\</path>
         <kind>archive</kind>
         <file>libc.a</file>
         <name>exit.c.obj</name>
      </input_file>
      <input_file id="fl-44">
         <path>C:\ti\ccstheia151\ccs\tools\compiler\ti-cgt-armllvm_4.0.0.LTS\lib\armv6m-ti-none-eabi\c\</path>
         <kind>archive</kind>
         <file>libc.a</file>
         <name>_lock.c.obj</name>
      </input_file>
      <input_file id="fl-45">
         <path>C:\ti\ccstheia151\ccs\tools\compiler\ti-cgt-armllvm_4.0.0.LTS\lib\armv6m-ti-none-eabi\c\</path>
         <kind>archive</kind>
         <file>libc.a</file>
         <name>_ltoa.c.obj</name>
      </input_file>
      <input_file id="fl-46">
         <path>C:\ti\ccstheia151\ccs\tools\compiler\ti-cgt-armllvm_4.0.0.LTS\lib\armv6m-ti-none-eabi\c\</path>
         <kind>archive</kind>
         <file>libc.a</file>
         <name>args_main.c.obj</name>
      </input_file>
      <input_file id="fl-47">
         <path>C:\ti\ccstheia151\ccs\tools\compiler\ti-cgt-armllvm_4.0.0.LTS\lib\armv6m-ti-none-eabi\c\</path>
         <kind>archive</kind>
         <file>libc.a</file>
         <name>assert.c.obj</name>
      </input_file>
      <input_file id="fl-48">
         <path>C:\ti\ccstheia151\ccs\tools\compiler\ti-cgt-armllvm_4.0.0.LTS\lib\armv6m-ti-none-eabi\c\</path>
         <kind>archive</kind>
         <file>libc.a</file>
         <name>atoi.c.obj</name>
      </input_file>
      <input_file id="fl-49">
         <path>C:\ti\ccstheia151\ccs\tools\compiler\ti-cgt-armllvm_4.0.0.LTS\lib\armv6m-ti-none-eabi\c\</path>
         <kind>archive</kind>
         <file>libc.a</file>
         <name>defs.c.obj</name>
      </input_file>
      <input_file id="fl-4a">
         <path>C:\ti\ccstheia151\ccs\tools\compiler\ti-cgt-armllvm_4.0.0.LTS\lib\armv6m-ti-none-eabi\c\</path>
         <kind>archive</kind>
         <file>libc.a</file>
         <name>memccpy.c.obj</name>
      </input_file>
      <input_file id="fl-4b">
         <path>C:\ti\ccstheia151\ccs\tools\compiler\ti-cgt-armllvm_4.0.0.LTS\lib\armv6m-ti-none-eabi\c\</path>
         <kind>archive</kind>
         <file>libc.a</file>
         <name>memory.c.obj</name>
      </input_file>
      <input_file id="fl-4c">
         <path>C:\ti\ccstheia151\ccs\tools\compiler\ti-cgt-armllvm_4.0.0.LTS\lib\armv6m-ti-none-eabi\c\</path>
         <kind>archive</kind>
         <file>libc.a</file>
         <name>sprintf.c.obj</name>
      </input_file>
      <input_file id="fl-4d">
         <path>C:\ti\ccstheia151\ccs\tools\compiler\ti-cgt-armllvm_4.0.0.LTS\lib\armv6m-ti-none-eabi\c\</path>
         <kind>archive</kind>
         <file>libc.a</file>
         <name>fflush.c.obj</name>
      </input_file>
      <input_file id="fl-4e">
         <path>C:\ti\ccstheia151\ccs\tools\compiler\ti-cgt-armllvm_4.0.0.LTS\lib\armv6m-ti-none-eabi\c\</path>
         <kind>archive</kind>
         <file>libc.a</file>
         <name>fputs.c.obj</name>
      </input_file>
      <input_file id="fl-4f">
         <path>C:\ti\ccstheia151\ccs\tools\compiler\ti-cgt-armllvm_4.0.0.LTS\lib\armv6m-ti-none-eabi\c\</path>
         <kind>archive</kind>
         <file>libc.a</file>
         <name>_io_perm.c.obj</name>
      </input_file>
      <input_file id="fl-50">
         <path>C:\ti\ccstheia151\ccs\tools\compiler\ti-cgt-armllvm_4.0.0.LTS\lib\armv6m-ti-none-eabi\c\</path>
         <kind>archive</kind>
         <file>libc.a</file>
         <name>setvbuf.c.obj</name>
      </input_file>
      <input_file id="fl-51">
         <path>C:\ti\ccstheia151\ccs\tools\compiler\ti-cgt-armllvm_4.0.0.LTS\lib\armv6m-ti-none-eabi\c\</path>
         <kind>archive</kind>
         <file>libc.a</file>
         <name>aeabi_ctype.S.obj</name>
      </input_file>
      <input_file id="fl-52">
         <path>C:\ti\ccstheia151\ccs\tools\compiler\ti-cgt-armllvm_4.0.0.LTS\lib\armv6m-ti-none-eabi\c\</path>
         <kind>archive</kind>
         <file>libc.a</file>
         <name>fopen.c.obj</name>
      </input_file>
      <input_file id="fl-53">
         <path>C:\ti\ccstheia151\ccs\tools\compiler\ti-cgt-armllvm_4.0.0.LTS\lib\armv6m-ti-none-eabi\c\</path>
         <kind>archive</kind>
         <file>libc.a</file>
         <name>fseek.c.obj</name>
      </input_file>
      <input_file id="fl-54">
         <path>C:\ti\ccstheia151\ccs\tools\compiler\ti-cgt-armllvm_4.0.0.LTS\lib\armv6m-ti-none-eabi\c\</path>
         <kind>archive</kind>
         <file>libc.a</file>
         <name>fclose.c.obj</name>
      </input_file>
      <input_file id="fl-ea">
         <path>C:\ti\ccstheia151\ccs\tools\compiler\ti-cgt-armllvm_4.0.0.LTS\lib\armv6m-ti-none-eabi\c\</path>
         <kind>archive</kind>
         <file>libsysbm.a</file>
         <name>write.c.obj</name>
      </input_file>
      <input_file id="fl-eb">
         <path>C:\ti\ccstheia151\ccs\tools\compiler\ti-cgt-armllvm_4.0.0.LTS\lib\armv6m-ti-none-eabi\c\</path>
         <kind>archive</kind>
         <file>libsysbm.a</file>
         <name>host_device.c.obj</name>
      </input_file>
      <input_file id="fl-ec">
         <path>C:\ti\ccstheia151\ccs\tools\compiler\ti-cgt-armllvm_4.0.0.LTS\lib\armv6m-ti-none-eabi\c\</path>
         <kind>archive</kind>
         <file>libsysbm.a</file>
         <name>remove.c.obj</name>
      </input_file>
      <input_file id="fl-ed">
         <path>C:\ti\ccstheia151\ccs\tools\compiler\ti-cgt-armllvm_4.0.0.LTS\lib\armv6m-ti-none-eabi\c\</path>
         <kind>archive</kind>
         <file>libsysbm.a</file>
         <name>open.c.obj</name>
      </input_file>
      <input_file id="fl-ee">
         <path>C:\ti\ccstheia151\ccs\tools\compiler\ti-cgt-armllvm_4.0.0.LTS\lib\armv6m-ti-none-eabi\c\</path>
         <kind>archive</kind>
         <file>libsysbm.a</file>
         <name>lseek.c.obj</name>
      </input_file>
      <input_file id="fl-ef">
         <path>C:\ti\ccstheia151\ccs\tools\compiler\ti-cgt-armllvm_4.0.0.LTS\lib\armv6m-ti-none-eabi\c\</path>
         <kind>archive</kind>
         <file>libsysbm.a</file>
         <name>close.c.obj</name>
      </input_file>
      <input_file id="fl-f0">
         <path>C:\ti\ccstheia151\ccs\tools\compiler\ti-cgt-armllvm_4.0.0.LTS\lib\armv6m-ti-none-eabi\c\</path>
         <kind>archive</kind>
         <file>libsysbm.a</file>
         <name>unlink.c.obj</name>
      </input_file>
      <input_file id="fl-f1">
         <path>C:\ti\ccstheia151\ccs\tools\compiler\ti-cgt-armllvm_4.0.0.LTS\lib\armv6m-ti-none-eabi\c\</path>
         <kind>archive</kind>
         <file>libsysbm.a</file>
         <name>hostclose.c.obj</name>
      </input_file>
      <input_file id="fl-f2">
         <path>C:\ti\ccstheia151\ccs\tools\compiler\ti-cgt-armllvm_4.0.0.LTS\lib\armv6m-ti-none-eabi\c\</path>
         <kind>archive</kind>
         <file>libsysbm.a</file>
         <name>hostlseek.c.obj</name>
      </input_file>
      <input_file id="fl-f3">
         <path>C:\ti\ccstheia151\ccs\tools\compiler\ti-cgt-armllvm_4.0.0.LTS\lib\armv6m-ti-none-eabi\c\</path>
         <kind>archive</kind>
         <file>libsysbm.a</file>
         <name>hostopen.c.obj</name>
      </input_file>
      <input_file id="fl-f4">
         <path>C:\ti\ccstheia151\ccs\tools\compiler\ti-cgt-armllvm_4.0.0.LTS\lib\armv6m-ti-none-eabi\c\</path>
         <kind>archive</kind>
         <file>libsysbm.a</file>
         <name>hostread.c.obj</name>
      </input_file>
      <input_file id="fl-f5">
         <path>C:\ti\ccstheia151\ccs\tools\compiler\ti-cgt-armllvm_4.0.0.LTS\lib\armv6m-ti-none-eabi\c\</path>
         <kind>archive</kind>
         <file>libsysbm.a</file>
         <name>hostrename.c.obj</name>
      </input_file>
      <input_file id="fl-f6">
         <path>C:\ti\ccstheia151\ccs\tools\compiler\ti-cgt-armllvm_4.0.0.LTS\lib\armv6m-ti-none-eabi\c\</path>
         <kind>archive</kind>
         <file>libsysbm.a</file>
         <name>hostunlink.c.obj</name>
      </input_file>
      <input_file id="fl-f7">
         <path>C:\ti\ccstheia151\ccs\tools\compiler\ti-cgt-armllvm_4.0.0.LTS\lib\armv6m-ti-none-eabi\c\</path>
         <kind>archive</kind>
         <file>libsysbm.a</file>
         <name>hostwrite.c.obj</name>
      </input_file>
      <input_file id="fl-f8">
         <path>C:\ti\ccstheia151\ccs\tools\compiler\ti-cgt-armllvm_4.0.0.LTS\lib\armv6m-ti-none-eabi\c\</path>
         <kind>archive</kind>
         <file>libsysbm.a</file>
         <name>trgmsg.c.obj</name>
      </input_file>
      <input_file id="fl-f9">
         <path>C:\ti\ccstheia151\ccs\tools\compiler\ti-cgt-armllvm_4.0.0.LTS\lib\armv6m-ti-none-eabi\</path>
         <kind>archive</kind>
         <file>libclang_rt.builtins.a</file>
         <name>adddf3.S.obj</name>
      </input_file>
      <input_file id="fl-fa">
         <path>C:\ti\ccstheia151\ccs\tools\compiler\ti-cgt-armllvm_4.0.0.LTS\lib\armv6m-ti-none-eabi\</path>
         <kind>archive</kind>
         <file>libclang_rt.builtins.a</file>
         <name>muldf3.S.obj</name>
      </input_file>
      <input_file id="fl-fb">
         <path>C:\ti\ccstheia151\ccs\tools\compiler\ti-cgt-armllvm_4.0.0.LTS\lib\armv6m-ti-none-eabi\</path>
         <kind>archive</kind>
         <file>libclang_rt.builtins.a</file>
         <name>muldsi3.S.obj</name>
      </input_file>
      <input_file id="fl-fc">
         <path>C:\ti\ccstheia151\ccs\tools\compiler\ti-cgt-armllvm_4.0.0.LTS\lib\armv6m-ti-none-eabi\</path>
         <kind>archive</kind>
         <file>libclang_rt.builtins.a</file>
         <name>divdf3.S.obj</name>
      </input_file>
      <input_file id="fl-fd">
         <path>C:\ti\ccstheia151\ccs\tools\compiler\ti-cgt-armllvm_4.0.0.LTS\lib\armv6m-ti-none-eabi\</path>
         <kind>archive</kind>
         <file>libclang_rt.builtins.a</file>
         <name>fixdfsi.S.obj</name>
      </input_file>
      <input_file id="fl-fe">
         <path>C:\ti\ccstheia151\ccs\tools\compiler\ti-cgt-armllvm_4.0.0.LTS\lib\armv6m-ti-none-eabi\</path>
         <kind>archive</kind>
         <file>libclang_rt.builtins.a</file>
         <name>floatsidf.S.obj</name>
      </input_file>
      <input_file id="fl-ff">
         <path>C:\ti\ccstheia151\ccs\tools\compiler\ti-cgt-armllvm_4.0.0.LTS\lib\armv6m-ti-none-eabi\</path>
         <kind>archive</kind>
         <file>libclang_rt.builtins.a</file>
         <name>muldi3.S.obj</name>
      </input_file>
      <input_file id="fl-100">
         <path>C:\ti\ccstheia151\ccs\tools\compiler\ti-cgt-armllvm_4.0.0.LTS\lib\armv6m-ti-none-eabi\</path>
         <kind>archive</kind>
         <file>libclang_rt.builtins.a</file>
         <name>aeabi_dcmp.S.obj</name>
      </input_file>
      <input_file id="fl-101">
         <path>C:\ti\ccstheia151\ccs\tools\compiler\ti-cgt-armllvm_4.0.0.LTS\lib\armv6m-ti-none-eabi\</path>
         <kind>archive</kind>
         <file>libclang_rt.builtins.a</file>
         <name>aeabi_idivmod.S.obj</name>
      </input_file>
      <input_file id="fl-102">
         <path>C:\ti\ccstheia151\ccs\tools\compiler\ti-cgt-armllvm_4.0.0.LTS\lib\armv6m-ti-none-eabi\</path>
         <kind>archive</kind>
         <file>libclang_rt.builtins.a</file>
         <name>aeabi_memcpy.S.obj</name>
      </input_file>
      <input_file id="fl-103">
         <path>C:\ti\ccstheia151\ccs\tools\compiler\ti-cgt-armllvm_4.0.0.LTS\lib\armv6m-ti-none-eabi\</path>
         <kind>archive</kind>
         <file>libclang_rt.builtins.a</file>
         <name>aeabi_memset.S.obj</name>
      </input_file>
      <input_file id="fl-104">
         <path>C:\ti\ccstheia151\ccs\tools\compiler\ti-cgt-armllvm_4.0.0.LTS\lib\armv6m-ti-none-eabi\</path>
         <kind>archive</kind>
         <file>libclang_rt.builtins.a</file>
         <name>aeabi_uidivmod.S.obj</name>
      </input_file>
      <input_file id="fl-105">
         <path>C:\ti\ccstheia151\ccs\tools\compiler\ti-cgt-armllvm_4.0.0.LTS\lib\armv6m-ti-none-eabi\</path>
         <kind>archive</kind>
         <file>libclang_rt.builtins.a</file>
         <name>aeabi_uldivmod.S.obj</name>
      </input_file>
      <input_file id="fl-106">
         <path>C:\ti\ccstheia151\ccs\tools\compiler\ti-cgt-armllvm_4.0.0.LTS\lib\armv6m-ti-none-eabi\</path>
         <kind>archive</kind>
         <file>libclang_rt.builtins.a</file>
         <name>udivmoddi4.S.obj</name>
      </input_file>
      <input_file id="fl-107">
         <path>C:\ti\ccstheia151\ccs\tools\compiler\ti-cgt-armllvm_4.0.0.LTS\lib\armv6m-ti-none-eabi\</path>
         <kind>archive</kind>
         <file>libclang_rt.builtins.a</file>
         <name>ashldi3.S.obj</name>
      </input_file>
      <input_file id="fl-108">
         <path>C:\ti\ccstheia151\ccs\tools\compiler\ti-cgt-armllvm_4.0.0.LTS\lib\armv6m-ti-none-eabi\</path>
         <kind>archive</kind>
         <file>libclang_rt.builtins.a</file>
         <name>comparedf2.c.obj</name>
      </input_file>
      <input_file id="fl-109">
         <path>C:\ti\ccstheia151\ccs\tools\compiler\ti-cgt-armllvm_4.0.0.LTS\lib\armv6m-ti-none-eabi\</path>
         <kind>archive</kind>
         <file>libclang_rt.builtins.a</file>
         <name>aeabi_div0.c.obj</name>
      </input_file>
      <input_file id="fl-10a">
         <path>C:\ti\ccstheia151\ccs\tools\compiler\ti-cgt-armllvm_4.0.0.LTS\lib\armv6m-ti-none-eabi\c\</path>
         <kind>archive</kind>
         <file>libc.a</file>
         <name>getdevice.c.obj</name>
      </input_file>
      <input_file id="fl-10b">
         <path>C:\ti\ccstheia151\ccs\tools\compiler\ti-cgt-armllvm_4.0.0.LTS\lib\armv6m-ti-none-eabi\c\</path>
         <kind>archive</kind>
         <file>libc.a</file>
         <name>memcpy16.S.obj</name>
      </input_file>
      <input_file id="fl-10c">
         <path>C:\ti\ccstheia151\ccs\tools\compiler\ti-cgt-armllvm_4.0.0.LTS\lib\armv6m-ti-none-eabi\c\</path>
         <kind>archive</kind>
         <file>libc.a</file>
         <name>memset16.S.obj</name>
      </input_file>
      <input_file id="fl-10d">
         <path>C:\ti\ccstheia151\ccs\tools\compiler\ti-cgt-armllvm_4.0.0.LTS\lib\armv6m-ti-none-eabi\c\</path>
         <kind>archive</kind>
         <file>libc.a</file>
         <name>strcmp-armv6m.S.obj</name>
      </input_file>
   </input_file_list>
   <object_component_list>
      <object_component id="oc-18">
         <name>.intvecs</name>
         <load_address>0x0</load_address>
         <readonly>true</readonly>
         <run_address>0x0</run_address>
         <size>0xc0</size>
         <alignment>0x4</alignment>
         <input_file_ref idref="fl-5"/>
      </object_component>
      <object_component id="oc-181">
         <name>.text:__TI_printfi_nofloat</name>
         <load_address>0xc0</load_address>
         <readonly>true</readonly>
         <executable>true</executable>
         <run_address>0xc0</run_address>
         <size>0x868</size>
         <alignment>0x4</alignment>
         <input_file_ref idref="fl-3e"/>
      </object_component>
      <object_component id="oc-e1">
         <name>.text.LogTask</name>
         <load_address>0x928</load_address>
         <readonly>true</readonly>
         <executable>true</executable>
         <run_address>0x928</run_address>
         <size>0x838</size>
         <alignment>0x4</alignment>
         <input_file_ref idref="fl-3"/>
      </object_component>
      <object_component id="oc-9a">
         <name>.text.main</name>
         <load_address>0x1160</load_address>
         <readonly>true</readonly>
         <executable>true</executable>
         <run_address>0x1160</run_address>
         <size>0x70c</size>
         <alignment>0x4</alignment>
         <input_file_ref idref="fl-3"/>
      </object_component>
      <object_component id="oc-dd">
         <name>.text.CtrlTask</name>
         <load_address>0x186c</load_address>
         <readonly>true</readonly>
         <executable>true</executable>
         <run_address>0x186c</run_address>
         <size>0x37c</size>
         <alignment>0x4</alignment>
         <input_file_ref idref="fl-3"/>
      </object_component>
      <object_component id="oc-11d">
         <name>.text.pvPortMalloc</name>
         <load_address>0x1be8</load_address>
         <readonly>true</readonly>
         <executable>true</executable>
         <run_address>0x1be8</run_address>
         <size>0x294</size>
         <alignment>0x4</alignment>
         <input_file_ref idref="fl-1a"/>
      </object_component>
      <object_component id="oc-db">
         <name>.text.EventTask</name>
         <load_address>0x1e7c</load_address>
         <readonly>true</readonly>
         <executable>true</executable>
         <run_address>0x1e7c</run_address>
         <size>0x27c</size>
         <alignment>0x4</alignment>
         <input_file_ref idref="fl-3"/>
      </object_component>
      <object_component id="oc-7c">
         <name>.text.xTaskIncrementTick</name>
         <load_address>0x20f8</load_address>
         <readonly>true</readonly>
         <executable>true</executable>
         <run_address>0x20f8</run_address>
         <size>0x210</size>
         <alignment>0x4</alignment>
         <input_file_ref idref="fl-14"/>
      </object_component>
      <object_component id="oc-d8">
         <name>.text.AcqTask</name>
         <load_address>0x2308</load_address>
         <readonly>true</readonly>
         <executable>true</executable>
         <run_address>0x2308</run_address>
         <size>0x20c</size>
         <alignment>0x4</alignment>
         <input_file_ref idref="fl-3"/>
      </object_component>
      <object_component id="oc-18b">
         <name>.text.xTaskResumeAll</name>
         <load_address>0x2514</load_address>
         <readonly>true</readonly>
         <executable>true</executable>
         <run_address>0x2514</run_address>
         <size>0x1f8</size>
         <alignment>0x4</alignment>
         <input_file_ref idref="fl-14"/>
      </object_component>
      <object_component id="oc-136">
         <name>.text.xQueueSemaphoreTake</name>
         <load_address>0x270c</load_address>
         <readonly>true</readonly>
         <executable>true</executable>
         <run_address>0x270c</run_address>
         <size>0x1de</size>
         <alignment>0x2</alignment>
         <input_file_ref idref="fl-13"/>
      </object_component>
      <object_component id="oc-3e">
         <name>.text.Default_Handler</name>
         <load_address>0x28ea</load_address>
         <readonly>true</readonly>
         <executable>true</executable>
         <run_address>0x28ea</run_address>
         <size>0x2</size>
         <alignment>0x2</alignment>
         <input_file_ref idref="fl-5"/>
      </object_component>
      <object_component id="oc-df">
         <name>.text.UiTask</name>
         <load_address>0x28ec</load_address>
         <readonly>true</readonly>
         <executable>true</executable>
         <run_address>0x28ec</run_address>
         <size>0x1c4</size>
         <alignment>0x4</alignment>
         <input_file_ref idref="fl-3"/>
      </object_component>
      <object_component id="oc-141">
         <name>.text.logHistogram</name>
         <load_address>0x2ab0</load_address>
         <readonly>true</readonly>
         <executable>true</executable>
         <run_address>0x2ab0</run_address>
         <size>0x1bc</size>
         <alignment>0x4</alignment>
         <input_file_ref idref="fl-3"/>
      </object_component>
      <object_component id="oc-26a">
         <name>.text.xQueueReceive</name>
         <load_address>0x2c6c</load_address>
         <readonly>true</readonly>
         <executable>true</executable>
         <run_address>0x2c6c</run_address>
         <size>0x1a4</size>
         <alignment>0x2</alignment>
         <input_file_ref idref="fl-13"/>
      </object_component>
      <object_component id="oc-af">
         <name>.text.xTaskRemoveFromEventList</name>
         <load_address>0x2e10</load_address>
         <readonly>true</readonly>
         <executable>true</executable>
         <run_address>0x2e10</run_address>
         <size>0x18c</size>
         <alignment>0x4</alignment>
         <input_file_ref idref="fl-14"/>
      </object_component>
      <object_component id="oc-217">
         <name>.text.prvProcessReceivedCommands</name>
         <load_address>0x2f9c</load_address>
         <readonly>true</readonly>
         <executable>true</executable>
         <run_address>0x2f9c</run_address>
         <size>0x15c</size>
         <alignment>0x4</alignment>
         <input_file_ref idref="fl-15"/>
      </object_component>
      <object_component id="oc-1b9">
         <name>.text.vTaskPriorityDisinheritAfterTimeout</name>
         <load_address>0x30f8</load_address>
         <readonly>true</readonly>
         <executable>true</executable>
         <run_address>0x30f8</run_address>
         <size>0x144</size>
         <alignment>0x4</alignment>
         <input_file_ref idref="fl-14"/>
      </object_component>
      <object_component id="oc-124">
         <name>.text.prvAddNewTaskToReadyList</name>
         <load_address>0x323c</load_address>
         <readonly>true</readonly>
         <executable>true</executable>
         <run_address>0x323c</run_address>
         <size>0x128</size>
         <alignment>0x4</alignment>
         <input_file_ref idref="fl-14"/>
      </object_component>
      <object_component id="oc-1b5">
         <name>.text.xTaskPriorityInherit</name>
         <load_address>0x3364</load_address>
         <readonly>true</readonly>
         <executable>true</executable>
         <run_address>0x3364</run_address>
         <size>0x128</size>
         <alignment>0x4</alignment>
         <input_file_ref idref="fl-14"/>
      </object_component>
      <object_component id="oc-201">
         <name>.text.pxPortInitialiseStack</name>
         <load_address>0x348c</load_address>
         <readonly>true</readonly>
         <executable>true</executable>
         <run_address>0x348c</run_address>
         <size>0x114</size>
         <alignment>0x4</alignment>
         <input_file_ref idref="fl-16"/>
      </object_component>
      <object_component id="oc-82">
         <name>.text.xQueueGiveFromISR</name>
         <load_address>0x35a0</load_address>
         <readonly>true</readonly>
         <executable>true</executable>
         <run_address>0x35a0</run_address>
         <size>0x10e</size>
         <alignment>0x2</alignment>
         <input_file_ref idref="fl-13"/>
      </object_component>
      <object_component id="oc-183">
         <name>.text.__aeabi_idiv0</name>
         <load_address>0x36ae</load_address>
         <readonly>true</readonly>
         <executable>true</executable>
         <run_address>0x36ae</run_address>
         <size>0x2</size>
         <alignment>0x2</alignment>
         <input_file_ref idref="fl-109"/>
      </object_component>
      <object_component id="oc-1fe">
         <name>.text.prvInsertBlockIntoFreeList</name>
         <load_address>0x36b0</load_address>
         <readonly>true</readonly>
         <executable>true</executable>
         <run_address>0x36b0</run_address>
         <size>0x10c</size>
         <alignment>0x4</alignment>
         <input_file_ref idref="fl-1a"/>
      </object_component>
      <object_component id="oc-1c">
         <name>.text.vTaskSwitchContext</name>
         <load_address>0x37bc</load_address>
         <readonly>true</readonly>
         <executable>true</executable>
         <run_address>0x37bc</run_address>
         <size>0x10c</size>
         <alignment>0x4</alignment>
         <input_file_ref idref="fl-14"/>
      </object_component>
      <object_component id="oc-196">
         <name>.text.prvInitialiseNewTask</name>
         <load_address>0x38c8</load_address>
         <readonly>true</readonly>
         <executable>true</executable>
         <run_address>0x38c8</run_address>
         <size>0x104</size>
         <alignment>0x2</alignment>
         <input_file_ref idref="fl-14"/>
      </object_component>
      <object_component id="oc-164">
         <name>.text.DL_Timer_initTimerMode</name>
         <load_address>0x39cc</load_address>
         <readonly>true</readonly>
         <executable>true</executable>
         <run_address>0x39cc</run_address>
         <size>0xfc</size>
         <alignment>0x4</alignment>
         <input_file_ref idref="fl-1f"/>
      </object_component>
      <object_component id="oc-195">
         <name>.text.vPortFree</name>
         <load_address>0x3ac8</load_address>
         <readonly>true</readonly>
         <executable>true</executable>
         <run_address>0x3ac8</run_address>
         <size>0xf8</size>
         <alignment>0x4</alignment>
         <input_file_ref idref="fl-1a"/>
      </object_component>
      <object_component id="oc-1af">
         <name>.text.prvAddCurrentTaskToDelayedList</name>
         <load_address>0x3bc0</load_address>
         <readonly>true</readonly>
         <executable>true</executable>
         <run_address>0x3bc0</run_address>
         <size>0xe4</size>
         <alignment>0x4</alignment>
         <input_file_ref idref="fl-14"/>
      </object_component>
      <object_component id="oc-194">
         <name>.text.xQueueGenericReset</name>
         <load_address>0x3ca4</load_address>
         <readonly>true</readonly>
         <executable>true</executable>
         <run_address>0x3ca4</run_address>
         <size>0xe4</size>
         <alignment>0x2</alignment>
         <input_file_ref idref="fl-13"/>
      </object_component>
      <object_component id="oc-12f">
         <name>.text.xTaskDelayUntil</name>
         <load_address>0x3d88</load_address>
         <readonly>true</readonly>
         <executable>true</executable>
         <run_address>0x3d88</run_address>
         <size>0xdc</size>
         <alignment>0x4</alignment>
         <input_file_ref idref="fl-14"/>
      </object_component>
      <object_component id="oc-125">
         <name>.text.prvCreateIdleTasks</name>
         <load_address>0x3e64</load_address>
         <readonly>true</readonly>
         <executable>true</executable>
         <run_address>0x3e64</run_address>
         <size>0xcc</size>
         <alignment>0x4</alignment>
         <input_file_ref idref="fl-14"/>
      </object_component>
      <object_component id="oc-1b7">
         <name>.text.prvUnlockQueue</name>
         <load_address>0x3f30</load_address>
         <readonly>true</readonly>
         <executable>true</executable>
         <run_address>0x3f30</run_address>
         <size>0xb6</size>
         <alignment>0x2</alignment>
         <input_file_ref idref="fl-13"/>
      </object_component>
      <object_component id="oc-21b">
         <name>.text.__aeabi_ldiv0</name>
         <load_address>0x3fe6</load_address>
         <readonly>true</readonly>
         <executable>true</executable>
         <run_address>0x3fe6</run_address>
         <size>0x2</size>
         <alignment>0x2</alignment>
         <input_file_ref idref="fl-109"/>
      </object_component>
      <object_component id="oc-1b3">
         <name>.text.xTaskCheckForTimeOut</name>
         <load_address>0x3fe8</load_address>
         <readonly>true</readonly>
         <executable>true</executable>
         <run_address>0x3fe8</run_address>
         <size>0xb4</size>
         <alignment>0x4</alignment>
         <input_file_ref idref="fl-14"/>
      </object_component>
      <object_component id="oc-1bc">
         <name>.text</name>
         <load_address>0x409c</load_address>
         <readonly>true</readonly>
         <executable>true</executable>
         <run_address>0x409c</run_address>
         <size>0xa2</size>
         <alignment>0x4</alignment>
         <input_file_ref idref="fl-106"/>
      </object_component>
      <object_component id="oc-18a">
         <name>.text.prvHeapInit</name>
         <load_address>0x4140</load_address>
         <readonly>true</readonly>
         <executable>true</executable>
         <run_address>0x4140</run_address>
         <size>0xa0</size>
         <alignment>0x4</alignment>
         <input_file_ref idref="fl-1a"/>
      </object_component>
      <object_component id="oc-20c">
         <name>.text.xQueueGenericCreateStatic</name>
         <load_address>0x41e0</load_address>
         <readonly>true</readonly>
         <executable>true</executable>
         <run_address>0x41e0</run_address>
         <size>0xa0</size>
         <alignment>0x2</alignment>
         <input_file_ref idref="fl-13"/>
      </object_component>
      <object_component id="oc-b8">
         <name>.text:memcpy</name>
         <load_address>0x4280</load_address>
         <readonly>true</readonly>
         <executable>true</executable>
         <run_address>0x4280</run_address>
         <size>0x9a</size>
         <alignment>0x1</alignment>
         <input_file_ref idref="fl-10b"/>
      </object_component>
      <object_component id="oc-20a">
         <name>.text.prvCreateStaticTask</name>
         <load_address>0x431a</load_address>
         <readonly>true</readonly>
         <executable>true</executable>
         <run_address>0x431a</run_address>
         <size>0x98</size>
         <alignment>0x2</alignment>
         <input_file_ref idref="fl-14"/>
      </object_component>
      <object_component id="oc-ce">
         <name>.text.xQueueGenericCreate</name>
         <load_address>0x43b2</load_address>
         <readonly>true</readonly>
         <executable>true</executable>
         <run_address>0x43b2</run_address>
         <size>0x94</size>
         <alignment>0x2</alignment>
         <input_file_ref idref="fl-13"/>
      </object_component>
      <object_component id="oc-216">
         <name>.text.prvProcessTimerOrBlockTask</name>
         <load_address>0x4448</load_address>
         <readonly>true</readonly>
         <executable>true</executable>
         <run_address>0x4448</run_address>
         <size>0x8c</size>
         <alignment>0x4</alignment>
         <input_file_ref idref="fl-15"/>
      </object_component>
      <object_component id="oc-174">
         <name>.text.DL_DAC12_init</name>
         <load_address>0x44d4</load_address>
         <readonly>true</readonly>
         <executable>true</executable>
         <run_address>0x44d4</run_address>
         <size>0x88</size>
         <alignment>0x4</alignment>
         <input_file_ref idref="fl-1e"/>
      </object_component>
      <object_component id="oc-123">
         <name>.text.prvCreateTask</name>
         <load_address>0x455c</load_address>
         <readonly>true</readonly>
         <executable>true</executable>
         <run_address>0x455c</run_address>
         <size>0x84</size>
         <alignment>0x2</alignment>
         <input_file_ref idref="fl-14"/>
      </object_component>
      <object_component id="oc-26b">
         <name>.text.prvInsertTimerInActiveList</name>
         <load_address>0x45e0</load_address>
         <readonly>true</readonly>
         <executable>true</executable>
         <run_address>0x45e0</run_address>
         <size>0x84</size>
         <alignment>0x4</alignment>
         <input_file_ref idref="fl-15"/>
      </object_component>
      <object_component id="oc-12b">
         <name>.text.xPortStartScheduler</name>
         <load_address>0x4664</load_address>
         <readonly>true</readonly>
         <executable>true</executable>
         <run_address>0x4664</run_address>
         <size>0x80</size>
         <alignment>0x4</alignment>
         <input_file_ref idref="fl-16"/>
      </object_component>
      <object_component id="oc-197">
         <name>.text.prvInitialiseTaskLists</name>
         <load_address>0x46e4</load_address>
         <readonly>true</readonly>
         <executable>true</executable>
         <run_address>0x46e4</run_address>
         <size>0x7c</size>
         <alignment>0x4</alignment>
         <input_file_ref idref="fl-14"/>
      </object_component>
      <object_component id="oc-126">
         <name>.text.xTimerCreateTimerTask</name>
         <load_address>0x4760</load_address>
         <readonly>true</readonly>
         <executable>true</executable>
         <run_address>0x4760</run_address>
         <size>0x7c</size>
         <alignment>0x4</alignment>
         <input_file_ref idref="fl-15"/>
      </object_component>
      <object_component id="oc-27">
         <name>.text:decompress:lzss</name>
         <load_address>0x47dc</load_address>
         <readonly>true</readonly>
         <executable>true</executable>
         <run_address>0x47dc</run_address>
         <size>0x7c</size>
         <alignment>0x4</alignment>
         <input_file_ref idref="fl-3d"/>
      </object_component>
      <object_component id="oc-285">
         <name>.text.vTaskPlaceOnEventListRestricted</name>
         <load_address>0x4858</load_address>
         <readonly>true</readonly>
         <executable>true</executable>
         <run_address>0x4858</run_address>
         <size>0x74</size>
         <alignment>0x4</alignment>
         <input_file_ref idref="fl-14"/>
      </object_component>
      <object_component id="oc-1a3">
         <name>.text.prvCheckForValidListAndQueue</name>
         <load_address>0x48cc</load_address>
         <readonly>true</readonly>
         <executable>true</executable>
         <run_address>0x48cc</run_address>
         <size>0x6c</size>
         <alignment>0x4</alignment>
         <input_file_ref idref="fl-15"/>
      </object_component>
      <object_component id="oc-219">
         <name>.text.vListInsert</name>
         <load_address>0x4938</load_address>
         <readonly>true</readonly>
         <executable>true</executable>
         <run_address>0x4938</run_address>
         <size>0x6c</size>
         <alignment>0x2</alignment>
         <input_file_ref idref="fl-1b"/>
      </object_component>
      <object_component id="oc-269">
         <name>.text.vQueueWaitForMessageRestricted</name>
         <load_address>0x49a4</load_address>
         <readonly>true</readonly>
         <executable>true</executable>
         <run_address>0x49a4</run_address>
         <size>0x6a</size>
         <alignment>0x2</alignment>
         <input_file_ref idref="fl-13"/>
      </object_component>
      <object_component id="oc-d6">
         <name>.text.vTaskStartScheduler</name>
         <load_address>0x4a10</load_address>
         <readonly>true</readonly>
         <executable>true</executable>
         <run_address>0x4a10</run_address>
         <size>0x68</size>
         <alignment>0x4</alignment>
         <input_file_ref idref="fl-14"/>
      </object_component>
      <object_component id="oc-104">
         <name>.text:memset</name>
         <load_address>0x4a78</load_address>
         <readonly>true</readonly>
         <executable>true</executable>
         <run_address>0x4a78</run_address>
         <size>0x62</size>
         <alignment>0x1</alignment>
         <input_file_ref idref="fl-10c"/>
      </object_component>
      <object_component id="oc-10b">
         <name>.text.SYSCFG_DL_UART_0_init</name>
         <load_address>0x4adc</load_address>
         <readonly>true</readonly>
         <executable>true</executable>
         <run_address>0x4adc</run_address>
         <size>0x60</size>
         <alignment>0x4</alignment>
         <input_file_ref idref="fl-1"/>
      </object_component>
      <object_component id="oc-105">
         <name>.text.SYSCFG_DL_initPower</name>
         <load_address>0x4b3c</load_address>
         <readonly>true</readonly>
         <executable>true</executable>
         <run_address>0x4b3c</run_address>
         <size>0x60</size>
         <alignment>0x4</alignment>
         <input_file_ref idref="fl-1"/>
      </object_component>
      <object_component id="oc-46">
         <name>.text.TIMA0_IRQHandler</name>
         <load_address>0x4b9c</load_address>
         <readonly>true</readonly>
         <executable>true</executable>
         <run_address>0x4b9c</run_address>
         <size>0x54</size>
         <alignment>0x4</alignment>
         <input_file_ref idref="fl-3"/>
      </object_component>
      <object_component id="oc-10a">
         <name>.text.SYSCFG_DL_TIMER_1_init</name>
         <load_address>0x4bf0</load_address>
         <readonly>true</readonly>
         <executable>true</executable>
         <run_address>0x4bf0</run_address>
         <size>0x50</size>
         <alignment>0x4</alignment>
         <input_file_ref idref="fl-1"/>
      </object_component>
      <object_component id="oc-20b">
         <name>.text.prvCheckTasksWaitingTermination</name>
         <load_address>0x4c40</load_address>
         <readonly>true</readonly>
         <executable>true</executable>
         <run_address>0x4c40</run_address>
         <size>0x50</size>
         <alignment>0x4</alignment>
         <input_file_ref idref="fl-14"/>
      </object_component>
      <object_component id="oc-265">
         <name>.text.prvDeleteTCB</name>
         <load_address>0x4c90</load_address>
         <readonly>true</readonly>
         <executable>true</executable>
         <run_address>0x4c90</run_address>
         <size>0x50</size>
         <alignment>0x2</alignment>
         <input_file_ref idref="fl-14"/>
      </object_component>
      <object_component id="oc-268">
         <name>.text.prvProcessExpiredTimer</name>
         <load_address>0x4ce0</load_address>
         <readonly>true</readonly>
         <executable>true</executable>
         <run_address>0x4ce0</run_address>
         <size>0x50</size>
         <alignment>0x4</alignment>
         <input_file_ref idref="fl-15"/>
      </object_component>
      <object_component id="oc-106">
         <name>.text.SYSCFG_DL_GPIO_init</name>
         <load_address>0x4d30</load_address>
         <readonly>true</readonly>
         <executable>true</executable>
         <run_address>0x4d30</run_address>
         <size>0x4c</size>
         <alignment>0x4</alignment>
         <input_file_ref idref="fl-1"/>
      </object_component>
      <object_component id="oc-c2">
         <name>.text.snprintf</name>
         <load_address>0x4d7c</load_address>
         <readonly>true</readonly>
         <executable>true</executable>
         <run_address>0x4d7c</run_address>
         <size>0x4c</size>
         <alignment>0x4</alignment>
         <input_file_ref idref="fl-35"/>
      </object_component>
      <object_component id="oc-19f">
         <name>.text.xTaskCreateStatic</name>
         <load_address>0x4dc8</load_address>
         <readonly>true</readonly>
         <executable>true</executable>
         <run_address>0x4dc8</run_address>
         <size>0x4c</size>
         <alignment>0x2</alignment>
         <input_file_ref idref="fl-14"/>
      </object_component>
      <object_component id="oc-16a">
         <name>.text.DL_UART_init</name>
         <load_address>0x4e14</load_address>
         <readonly>true</readonly>
         <executable>true</executable>
         <run_address>0x4e14</run_address>
         <size>0x48</size>
         <alignment>0x4</alignment>
         <input_file_ref idref="fl-20"/>
      </object_component>
      <object_component id="oc-218">
         <name>.text.uxListRemove</name>
         <load_address>0x4e5c</load_address>
         <readonly>true</readonly>
         <executable>true</executable>
         <run_address>0x4e5c</run_address>
         <size>0x48</size>
         <alignment>0x2</alignment>
         <input_file_ref idref="fl-1b"/>
      </object_component>
      <object_component id="oc-cf">
         <name>.text.xTaskCreate</name>
         <load_address>0x4ea4</load_address>
         <readonly>true</readonly>
         <executable>true</executable>
         <run_address>0x4ea4</run_address>
         <size>0x48</size>
         <alignment>0x2</alignment>
         <input_file_ref idref="fl-14"/>
      </object_component>
      <object_component id="oc-122">
         <name>.text.prvInitialiseNewQueue</name>
         <load_address>0x4eec</load_address>
         <readonly>true</readonly>
         <executable>true</executable>
         <run_address>0x4eec</run_address>
         <size>0x46</size>
         <alignment>0x2</alignment>
         <input_file_ref idref="fl-13"/>
      </object_component>
      <object_component id="oc-1a1">
         <name>.text.prvIdleTask</name>
         <load_address>0x4f32</load_address>
         <readonly>true</readonly>
         <executable>true</executable>
         <run_address>0x4f32</run_address>
         <size>0xe</size>
         <alignment>0x2</alignment>
         <input_file_ref idref="fl-14"/>
      </object_component>
      <object_component id="oc-44">
         <name>.text.PendSV_Handler</name>
         <load_address>0x4f40</load_address>
         <readonly>true</readonly>
         <executable>true</executable>
         <run_address>0x4f40</run_address>
         <size>0x44</size>
         <alignment>0x10</alignment>
         <input_file_ref idref="fl-17"/>
      </object_component>
      <object_component id="oc-286">
         <name>.text.prvCopyDataFromQueue</name>
         <load_address>0x4f84</load_address>
         <readonly>true</readonly>
         <executable>true</executable>
         <run_address>0x4f84</run_address>
         <size>0x44</size>
         <alignment>0x2</alignment>
         <input_file_ref idref="fl-13"/>
      </object_component>
      <object_component id="oc-283">
         <name>.text.prvSwitchTimerLists</name>
         <load_address>0x4fc8</load_address>
         <readonly>true</readonly>
         <executable>true</executable>
         <run_address>0x4fc8</run_address>
         <size>0x44</size>
         <alignment>0x4</alignment>
         <input_file_ref idref="fl-15"/>
      </object_component>
      <object_component id="oc-16d">
         <name>.text.DL_ADC12_setClockConfig</name>
         <load_address>0x500c</load_address>
         <readonly>true</readonly>
         <executable>true</executable>
         <run_address>0x500c</run_address>
         <size>0x40</size>
         <alignment>0x4</alignment>
         <input_file_ref idref="fl-1c"/>
      </object_component>
      <object_component id="oc-119">
         <name>.text.__aeabi_uidivmod</name>
         <load_address>0x504c</load_address>
         <readonly>true</readonly>
         <executable>true</executable>
         <run_address>0x504c</run_address>
         <size>0x40</size>
         <alignment>0x4</alignment>
         <input_file_ref idref="fl-104"/>
      </object_component>
      <object_component id="oc-1dc">
         <name>.text.atoi</name>
         <load_address>0x508c</load_address>
         <readonly>true</readonly>
         <executable>true</executable>
         <run_address>0x508c</run_address>
         <size>0x40</size>
         <alignment>0x4</alignment>
         <input_file_ref idref="fl-48"/>
      </object_component>
      <object_component id="oc-51">
         <name>.text.vApplicationStackOverflowHook</name>
         <load_address>0x50cc</load_address>
         <readonly>true</readonly>
         <executable>true</executable>
         <run_address>0x50cc</run_address>
         <size>0x40</size>
         <alignment>0x4</alignment>
         <input_file_ref idref="fl-3"/>
      </object_component>
      <object_component id="oc-267">
         <name>.text.prvSampleTimeNow</name>
         <load_address>0x510c</load_address>
         <readonly>true</readonly>
         <executable>true</executable>
         <run_address>0x510c</run_address>
         <size>0x3c</size>
         <alignment>0x4</alignment>
         <input_file_ref idref="fl-15"/>
      </object_component>
      <object_component id="oc-ea">
         <name>.text:__TI_auto_init_nobinit_nopinit</name>
         <load_address>0x5148</load_address>
         <readonly>true</readonly>
         <executable>true</executable>
         <run_address>0x5148</run_address>
         <size>0x3c</size>
         <alignment>0x4</alignment>
         <input_file_ref idref="fl-38"/>
      </object_component>
      <object_component id="oc-22f">
         <name>.text.__muldsi3</name>
         <load_address>0x5184</load_address>
         <readonly>true</readonly>
         <executable>true</executable>
         <run_address>0x5184</run_address>
         <size>0x3a</size>
         <alignment>0x4</alignment>
         <input_file_ref idref="fl-fb"/>
      </object_component>
      <object_component id="oc-10c">
         <name>.text.SYSCFG_DL_ADC12_0_init</name>
         <load_address>0x51c0</load_address>
         <readonly>true</readonly>
         <executable>true</executable>
         <run_address>0x51c0</run_address>
         <size>0x38</size>
         <alignment>0x4</alignment>
         <input_file_ref idref="fl-1"/>
      </object_component>
      <object_component id="oc-109">
         <name>.text.SYSCFG_DL_TIMER_0_init</name>
         <load_address>0x51f8</load_address>
         <readonly>true</readonly>
         <executable>true</executable>
         <run_address>0x51f8</run_address>
         <size>0x38</size>
         <alignment>0x4</alignment>
         <input_file_ref idref="fl-1"/>
      </object_component>
      <object_component id="oc-bd">
         <name>.text.SYSCFG_DL_init</name>
         <load_address>0x5230</load_address>
         <readonly>true</readonly>
         <executable>true</executable>
         <run_address>0x5230</run_address>
         <size>0x38</size>
         <alignment>0x4</alignment>
         <input_file_ref idref="fl-1"/>
      </object_component>
      <object_component id="oc-215">
         <name>.text.prvGetNextExpireTime</name>
         <load_address>0x5268</load_address>
         <readonly>true</readonly>
         <executable>true</executable>
         <run_address>0x5268</run_address>
         <size>0x38</size>
         <alignment>0x4</alignment>
         <input_file_ref idref="fl-15"/>
      </object_component>
      <object_component id="oc-1b0">
         <name>.text.xTaskGetSchedulerState</name>
         <load_address>0x52a0</load_address>
         <readonly>true</readonly>
         <executable>true</executable>
         <run_address>0x52a0</run_address>
         <size>0x38</size>
         <alignment>0x4</alignment>
         <input_file_ref idref="fl-14"/>
      </object_component>
      <object_component id="oc-26c">
         <name>.text.prvReloadTimer</name>
         <load_address>0x52d8</load_address>
         <readonly>true</readonly>
         <executable>true</executable>
         <run_address>0x52d8</run_address>
         <size>0x36</size>
         <alignment>0x2</alignment>
         <input_file_ref idref="fl-15"/>
      </object_component>
      <object_component id="oc-1b6">
         <name>.text.vTaskPlaceOnEventList</name>
         <load_address>0x5310</load_address>
         <readonly>true</readonly>
         <executable>true</executable>
         <run_address>0x5310</run_address>
         <size>0x34</size>
         <alignment>0x4</alignment>
         <input_file_ref idref="fl-14"/>
      </object_component>
      <object_component id="oc-c8">
         <name>.text.DL_UART_transmitDataBlocking</name>
         <load_address>0x5344</load_address>
         <readonly>true</readonly>
         <executable>true</executable>
         <run_address>0x5344</run_address>
         <size>0x30</size>
         <alignment>0x4</alignment>
         <input_file_ref idref="fl-20"/>
      </object_component>
      <object_component id="oc-45">
         <name>.text.SysTick_Handler</name>
         <load_address>0x5374</load_address>
         <readonly>true</readonly>
         <executable>true</executable>
         <run_address>0x5374</run_address>
         <size>0x30</size>
         <alignment>0x4</alignment>
         <input_file_ref idref="fl-16"/>
      </object_component>
      <object_component id="oc-113">
         <name>.text._outs</name>
         <load_address>0x53a4</load_address>
         <readonly>true</readonly>
         <executable>true</executable>
         <run_address>0x53a4</run_address>
         <size>0x30</size>
         <alignment>0x2</alignment>
         <input_file_ref idref="fl-35"/>
      </object_component>
      <object_component id="oc-a5">
         <name>.text.prvResetNextTaskUnblockTime</name>
         <load_address>0x53d4</load_address>
         <readonly>true</readonly>
         <executable>true</executable>
         <run_address>0x53d4</run_address>
         <size>0x30</size>
         <alignment>0x4</alignment>
         <input_file_ref idref="fl-14"/>
      </object_component>
      <object_component id="oc-1ad">
         <name>.text.prvTaskExitError</name>
         <load_address>0x5404</load_address>
         <readonly>true</readonly>
         <executable>true</executable>
         <run_address>0x5404</run_address>
         <size>0x30</size>
         <alignment>0x4</alignment>
         <input_file_ref idref="fl-16"/>
      </object_component>
      <object_component id="oc-20">
         <name>.text.vPortSVCHandler_C</name>
         <load_address>0x5434</load_address>
         <readonly>true</readonly>
         <executable>true</executable>
         <run_address>0x5434</run_address>
         <size>0x2e</size>
         <alignment>0x2</alignment>
         <input_file_ref idref="fl-16"/>
      </object_component>
      <object_component id="oc-107">
         <name>.text.SYSCFG_DL_SYSCTL_init</name>
         <load_address>0x5464</load_address>
         <readonly>true</readonly>
         <executable>true</executable>
         <run_address>0x5464</run_address>
         <size>0x2c</size>
         <alignment>0x4</alignment>
         <input_file_ref idref="fl-1"/>
      </object_component>
      <object_component id="oc-1f9">
         <name>.text.vListInitialise</name>
         <load_address>0x5490</load_address>
         <readonly>true</readonly>
         <executable>true</executable>
         <run_address>0x5490</run_address>
         <size>0x2c</size>
         <alignment>0x2</alignment>
         <input_file_ref idref="fl-1b"/>
      </object_component>
      <object_component id="oc-143">
         <name>.text.vPortExitCritical</name>
         <load_address>0x54bc</load_address>
         <readonly>true</readonly>
         <executable>true</executable>
         <run_address>0x54bc</run_address>
         <size>0x2c</size>
         <alignment>0x4</alignment>
         <input_file_ref idref="fl-16"/>
      </object_component>
      <object_component id="oc-1b4">
         <name>.text.prvIsQueueEmpty</name>
         <load_address>0x54e8</load_address>
         <readonly>true</readonly>
         <executable>true</executable>
         <run_address>0x54e8</run_address>
         <size>0x2a</size>
         <alignment>0x2</alignment>
         <input_file_ref idref="fl-13"/>
      </object_component>
      <object_component id="oc-1b8">
         <name>.text.prvGetHighestPriorityOfWaitToReceiveList</name>
         <load_address>0x5512</load_address>
         <readonly>true</readonly>
         <executable>true</executable>
         <run_address>0x5512</run_address>
         <size>0x28</size>
         <alignment>0x2</alignment>
         <input_file_ref idref="fl-13"/>
      </object_component>
      <object_component id="oc-19a">
         <name>.text.vApplicationGetIdleTaskMemory</name>
         <load_address>0x553c</load_address>
         <readonly>true</readonly>
         <executable>true</executable>
         <run_address>0x553c</run_address>
         <size>0x28</size>
         <alignment>0x4</alignment>
         <input_file_ref idref="fl-19"/>
      </object_component>
      <object_component id="oc-1a4">
         <name>.text.vApplicationGetTimerTaskMemory</name>
         <load_address>0x5564</load_address>
         <readonly>true</readonly>
         <executable>true</executable>
         <run_address>0x5564</run_address>
         <size>0x28</size>
         <alignment>0x4</alignment>
         <input_file_ref idref="fl-19"/>
      </object_component>
      <object_component id="oc-1ab">
         <name>.text.vPortSetupTimerInterrupt</name>
         <load_address>0x558c</load_address>
         <readonly>true</readonly>
         <executable>true</executable>
         <run_address>0x558c</run_address>
         <size>0x28</size>
         <alignment>0x4</alignment>
         <input_file_ref idref="fl-16"/>
      </object_component>
      <object_component id="oc-72">
         <name>.text:_c_int00_noargs</name>
         <load_address>0x55b4</load_address>
         <readonly>true</readonly>
         <executable>true</executable>
         <run_address>0x55b4</run_address>
         <size>0x28</size>
         <alignment>0x4</alignment>
         <input_file_ref idref="fl-36"/>
      </object_component>
      <object_component id="oc-3a">
         <name>.text.Reset_Handler</name>
         <load_address>0x55dc</load_address>
         <readonly>true</readonly>
         <executable>true</executable>
         <run_address>0x55dc</run_address>
         <size>0x4</size>
         <alignment>0x2</alignment>
         <input_file_ref idref="fl-5"/>
      </object_component>
      <object_component id="oc-3f">
         <name>.text.SVC_Handler</name>
         <load_address>0x55e0</load_address>
         <readonly>true</readonly>
         <executable>true</executable>
         <run_address>0x55e0</run_address>
         <size>0x24</size>
         <alignment>0x10</alignment>
         <input_file_ref idref="fl-17"/>
      </object_component>
      <object_component id="oc-10d">
         <name>.text.SYSCFG_DL_DAC12_init</name>
         <load_address>0x5604</load_address>
         <readonly>true</readonly>
         <executable>true</executable>
         <run_address>0x5604</run_address>
         <size>0x24</size>
         <alignment>0x4</alignment>
         <input_file_ref idref="fl-1"/>
      </object_component>
      <object_component id="oc-1e9">
         <name>.text.__muldi3</name>
         <load_address>0x5628</load_address>
         <readonly>true</readonly>
         <executable>true</executable>
         <run_address>0x5628</run_address>
         <size>0x24</size>
         <alignment>0x4</alignment>
         <input_file_ref idref="fl-ff"/>
      </object_component>
      <object_component id="oc-1b1">
         <name>.text.pvTaskIncrementMutexHeldCount</name>
         <load_address>0x564c</load_address>
         <readonly>true</readonly>
         <executable>true</executable>
         <run_address>0x564c</run_address>
         <size>0x24</size>
         <alignment>0x4</alignment>
         <input_file_ref idref="fl-14"/>
      </object_component>
      <object_component id="oc-56">
         <name>.text.vRestoreContextOfFirstTask</name>
         <load_address>0x5670</load_address>
         <readonly>true</readonly>
         <executable>true</executable>
         <run_address>0x5670</run_address>
         <size>0x24</size>
         <alignment>0x10</alignment>
         <input_file_ref idref="fl-17"/>
      </object_component>
      <object_component id="oc-1d5">
         <name>.text.memccpy</name>
         <load_address>0x5694</load_address>
         <readonly>true</readonly>
         <executable>true</executable>
         <run_address>0x5694</run_address>
         <size>0x22</size>
         <alignment>0x2</alignment>
         <input_file_ref idref="fl-4a"/>
      </object_component>
      <object_component id="oc-4c">
         <name>.text.TIMA1_IRQHandler</name>
         <load_address>0x56b8</load_address>
         <readonly>true</readonly>
         <executable>true</executable>
         <run_address>0x56b8</run_address>
         <size>0x20</size>
         <alignment>0x4</alignment>
         <input_file_ref idref="fl-3"/>
      </object_component>
      <object_component id="oc-7e">
         <name>.text.ts_now</name>
         <load_address>0x56d8</load_address>
         <readonly>true</readonly>
         <executable>true</executable>
         <run_address>0x56d8</run_address>
         <size>0x20</size>
         <alignment>0x4</alignment>
         <input_file_ref idref="fl-4"/>
      </object_component>
      <object_component id="oc-1b2">
         <name>.text.vTaskInternalSetTimeOutState</name>
         <load_address>0x56f8</load_address>
         <readonly>true</readonly>
         <executable>true</executable>
         <run_address>0x56f8</run_address>
         <size>0x20</size>
         <alignment>0x4</alignment>
         <input_file_ref idref="fl-14"/>
      </object_component>
      <object_component id="oc-21c">
         <name>.text.__ashldi3</name>
         <load_address>0x5718</load_address>
         <readonly>true</readonly>
         <executable>true</executable>
         <run_address>0x5718</run_address>
         <size>0x1e</size>
         <alignment>0x4</alignment>
         <input_file_ref idref="fl-107"/>
      </object_component>
      <object_component id="oc-1a6">
         <name>.text.prvTimerTask</name>
         <load_address>0x5736</load_address>
         <readonly>true</readonly>
         <executable>true</executable>
         <run_address>0x5736</run_address>
         <size>0x1e</size>
         <alignment>0x2</alignment>
         <input_file_ref idref="fl-15"/>
      </object_component>
      <object_component id="oc-15e">
         <name>.text.DL_Timer_setClockConfig</name>
         <load_address>0x5754</load_address>
         <readonly>true</readonly>
         <executable>true</executable>
         <run_address>0x5754</run_address>
         <size>0x1c</size>
         <alignment>0x4</alignment>
         <input_file_ref idref="fl-1f"/>
      </object_component>
      <object_component id="oc-114">
         <name>.text._outc</name>
         <load_address>0x5770</load_address>
         <readonly>true</readonly>
         <executable>true</executable>
         <run_address>0x5770</run_address>
         <size>0x18</size>
         <alignment>0x2</alignment>
         <input_file_ref idref="fl-35"/>
      </object_component>
      <object_component id="oc-142">
         <name>.text.vPortEnterCritical</name>
         <load_address>0x5788</load_address>
         <readonly>true</readonly>
         <executable>true</executable>
         <run_address>0x5788</run_address>
         <size>0x18</size>
         <alignment>0x4</alignment>
         <input_file_ref idref="fl-16"/>
      </object_component>
      <object_component id="oc-198">
         <name>.text.vPortYield</name>
         <load_address>0x57a0</load_address>
         <readonly>true</readonly>
         <executable>true</executable>
         <run_address>0x57a0</run_address>
         <size>0x18</size>
         <alignment>0x4</alignment>
         <input_file_ref idref="fl-16"/>
      </object_component>
      <object_component id="oc-144">
         <name>.text.__aeabi_uldivmod</name>
         <load_address>0x57b8</load_address>
         <readonly>true</readonly>
         <executable>true</executable>
         <run_address>0x57b8</run_address>
         <size>0x14</size>
         <alignment>0x4</alignment>
         <input_file_ref idref="fl-105"/>
      </object_component>
      <object_component id="oc-12e">
         <name>.text.xTaskGetTickCount</name>
         <load_address>0x57cc</load_address>
         <readonly>true</readonly>
         <executable>true</executable>
         <run_address>0x57cc</run_address>
         <size>0x14</size>
         <alignment>0x4</alignment>
         <input_file_ref idref="fl-14"/>
      </object_component>
      <object_component id="oc-169">
         <name>.text.DL_UART_setClockConfig</name>
         <load_address>0x57e0</load_address>
         <readonly>true</readonly>
         <executable>true</executable>
         <run_address>0x57e0</run_address>
         <size>0x12</size>
         <alignment>0x2</alignment>
         <input_file_ref idref="fl-20"/>
      </object_component>
      <object_component id="oc-2b">
         <name>.text:decompress:none</name>
         <load_address>0x57f2</load_address>
         <readonly>true</readonly>
         <executable>true</executable>
         <run_address>0x57f2</run_address>
         <size>0x12</size>
         <alignment>0x2</alignment>
         <input_file_ref idref="fl-3c"/>
      </object_component>
      <object_component id="oc-91">
         <name>.text.__aeabi_memclr</name>
         <load_address>0x5804</load_address>
         <readonly>true</readonly>
         <executable>true</executable>
         <run_address>0x5804</run_address>
         <size>0xc</size>
         <alignment>0x4</alignment>
         <input_file_ref idref="fl-103"/>
      </object_component>
      <object_component id="oc-1ac">
         <name>.text.vStartFirstTask</name>
         <load_address>0x5810</load_address>
         <readonly>true</readonly>
         <executable>true</executable>
         <run_address>0x5810</run_address>
         <size>0x10</size>
         <alignment>0x10</alignment>
         <input_file_ref idref="fl-17"/>
      </object_component>
      <object_component id="oc-189">
         <name>.text.vTaskSuspendAll</name>
         <load_address>0x5820</load_address>
         <readonly>true</readonly>
         <executable>true</executable>
         <run_address>0x5820</run_address>
         <size>0x10</size>
         <alignment>0x4</alignment>
         <input_file_ref idref="fl-14"/>
      </object_component>
      <object_component id="oc-1e0">
         <name>.text.wcslen</name>
         <load_address>0x5830</load_address>
         <readonly>true</readonly>
         <executable>true</executable>
         <run_address>0x5830</run_address>
         <size>0x10</size>
         <alignment>0x2</alignment>
         <input_file_ref idref="fl-3f"/>
      </object_component>
      <object_component id="oc-6f">
         <name>.text:decompress:ZI</name>
         <load_address>0x5840</load_address>
         <readonly>true</readonly>
         <executable>true</executable>
         <run_address>0x5840</run_address>
         <size>0x10</size>
         <alignment>0x2</alignment>
         <input_file_ref idref="fl-3b"/>
      </object_component>
      <object_component id="oc-1d4">
         <name>.text.__aeabi_memset</name>
         <load_address>0x5850</load_address>
         <readonly>true</readonly>
         <executable>true</executable>
         <run_address>0x5850</run_address>
         <size>0xe</size>
         <alignment>0x4</alignment>
         <input_file_ref idref="fl-103"/>
      </object_component>
      <object_component id="oc-1d3">
         <name>.text.strlen</name>
         <load_address>0x585e</load_address>
         <readonly>true</readonly>
         <executable>true</executable>
         <run_address>0x585e</run_address>
         <size>0xe</size>
         <alignment>0x2</alignment>
         <input_file_ref idref="fl-3e"/>
      </object_component>
      <object_component id="oc-200">
         <name>.text.vListInitialiseItem</name>
         <load_address>0x586c</load_address>
         <readonly>true</readonly>
         <executable>true</executable>
         <run_address>0x586c</run_address>
         <size>0xe</size>
         <alignment>0x2</alignment>
         <input_file_ref idref="fl-1b"/>
      </object_component>
      <object_component id="oc-b0">
         <name>.text.uxTaskGetNumberOfTasks</name>
         <load_address>0x587c</load_address>
         <readonly>true</readonly>
         <executable>true</executable>
         <run_address>0x587c</run_address>
         <size>0xc</size>
         <alignment>0x4</alignment>
         <input_file_ref idref="fl-14"/>
      </object_component>
      <object_component id="oc-21a">
         <name>.text.vTaskMissedYield</name>
         <load_address>0x5888</load_address>
         <readonly>true</readonly>
         <executable>true</executable>
         <run_address>0x5888</run_address>
         <size>0xc</size>
         <alignment>0x4</alignment>
         <input_file_ref idref="fl-14"/>
      </object_component>
      <object_component id="oc-15a">
         <name>.text.DL_Common_delayCycles</name>
         <load_address>0x5894</load_address>
         <readonly>true</readonly>
         <executable>true</executable>
         <run_address>0x5894</run_address>
         <size>0xa</size>
         <alignment>0x2</alignment>
         <input_file_ref idref="fl-1d"/>
      </object_component>
      <object_component id="oc-1e4">
         <name>.text.__aeabi_errno_addr</name>
         <load_address>0x58a0</load_address>
         <readonly>true</readonly>
         <executable>true</executable>
         <run_address>0x58a0</run_address>
         <size>0x8</size>
         <alignment>0x4</alignment>
         <input_file_ref idref="fl-42"/>
      </object_component>
      <object_component id="oc-62">
         <name>.text.__aeabi_memcpy</name>
         <load_address>0x58a8</load_address>
         <readonly>true</readonly>
         <executable>true</executable>
         <run_address>0x58a8</run_address>
         <size>0x8</size>
         <alignment>0x4</alignment>
         <input_file_ref idref="fl-102"/>
      </object_component>
      <object_component id="oc-7b">
         <name>.text.ulSetInterruptMask</name>
         <load_address>0x58b0</load_address>
         <readonly>true</readonly>
         <executable>true</executable>
         <run_address>0x58b0</run_address>
         <size>0x8</size>
         <alignment>0x2</alignment>
         <input_file_ref idref="fl-17"/>
      </object_component>
      <object_component id="oc-7d">
         <name>.text.vClearInterruptMask</name>
         <load_address>0x58b8</load_address>
         <readonly>true</readonly>
         <executable>true</executable>
         <run_address>0x58b8</run_address>
         <size>0x6</size>
         <alignment>0x2</alignment>
         <input_file_ref idref="fl-17"/>
      </object_component>
      <object_component id="oc-96">
         <name>.text._system_pre_init</name>
         <load_address>0x58be</load_address>
         <readonly>true</readonly>
         <executable>true</executable>
         <run_address>0x58be</run_address>
         <size>0x4</size>
         <alignment>0x2</alignment>
         <input_file_ref idref="fl-39"/>
      </object_component>
      <object_component id="oc-e3">
         <name>.text:abort</name>
         <load_address>0x58c2</load_address>
         <readonly>true</readonly>
         <executable>true</executable>
         <run_address>0x58c2</run_address>
         <size>0x4</size>
         <alignment>0x2</alignment>
         <input_file_ref idref="fl-43"/>
      </object_component>
      <object_component id="oc-2cb">
         <name>.cinit..data.load</name>
         <load_address>0x5c20</load_address>
         <readonly>true</readonly>
         <run_address>0x5c20</run_address>
         <size>0x18</size>
         <alignment>0x1</alignment>
      </object_component>
      <object_component id="oc-2c9">
         <name>__TI_handler_table</name>
         <load_address>0x5c38</load_address>
         <readonly>true</readonly>
         <run_address>0x5c38</run_address>
         <size>0xc</size>
         <alignment>0x4</alignment>
      </object_component>
      <object_component id="oc-2cc">
         <name>.cinit..bss.load</name>
         <load_address>0x5c44</load_address>
         <readonly>true</readonly>
         <run_address>0x5c44</run_address>
         <size>0x8</size>
         <alignment>0x4</alignment>
      </object_component>
      <object_component id="oc-2ca">
         <name>__TI_cinit_table</name>
         <load_address>0x5c4c</load_address>
         <readonly>true</readonly>
         <run_address>0x5c4c</run_address>
         <size>0x10</size>
         <alignment>0x4</alignment>
      </object_component>
      <object_component id="oc-224">
         <name>.rodata:__aeabi_ctype_table_</name>
         <load_address>0x58d0</load_address>
         <readonly>true</readonly>
         <run_address>0x58d0</run_address>
         <size>0x101</size>
         <alignment>0x10</alignment>
         <input_file_ref idref="fl-51"/>
      </object_component>
      <object_component id="oc-13e">
         <name>.rodata.str1.121071377670202666191</name>
         <load_address>0x59d1</load_address>
         <readonly>true</readonly>
         <run_address>0x59d1</run_address>
         <size>0x2a</size>
         <alignment>0x1</alignment>
         <input_file_ref idref="fl-3"/>
      </object_component>
      <object_component id="oc-13f">
         <name>.rodata.str1.32363810797562342041</name>
         <load_address>0x59fb</load_address>
         <readonly>true</readonly>
         <run_address>0x59fb</run_address>
         <size>0x29</size>
         <alignment>0x1</alignment>
         <input_file_ref idref="fl-3"/>
      </object_component>
      <object_component id="oc-14b">
         <name>.rodata.str1.111135633881262485691</name>
         <load_address>0x5a24</load_address>
         <readonly>true</readonly>
         <run_address>0x5a24</run_address>
         <size>0x28</size>
         <alignment>0x1</alignment>
         <input_file_ref idref="fl-3"/>
      </object_component>
      <object_component id="oc-148">
         <name>.rodata.str1.36708577533941217011</name>
         <load_address>0x5a4c</load_address>
         <readonly>true</readonly>
         <run_address>0x5a4c</run_address>
         <size>0x28</size>
         <alignment>0x1</alignment>
         <input_file_ref idref="fl-3"/>
      </object_component>
[...]
      <symbol id="sm-100">
         <name>CANFD0_IRQHandler</name>
         <value>0x28eb</value>
         <object_component_ref idref="oc-3e"/>
      </symbol>
      <symbol id="sm-101">
         <name>DAC0_IRQHandler</name>
         <value>0x28eb</value>
         <object_component_ref idref="oc-3e"/>
      </symbol>
      <symbol id="sm-102">
         <name>SPI0_IRQHandler</name>
         <value>0x28eb</value>
         <object_component_ref idref="oc-3e"/>
      </symbol>
      <symbol id="sm-103">
         <name>SPI1_IRQHandler</name>
         <value>0x28eb</value>
         <object_component_ref idref="oc-3e"/>
      </symbol>
      <symbol id="sm-104">
         <name>UART1_IRQHandler</name>
         <value>0x28eb</value>
         <object_component_ref idref="oc-3e"/>
      </symbol>
      <symbol id="sm-105">
         <name>UART2_IRQHandler</name>
         <value>0x28eb</value>
         <object_component_ref idref="oc-3e"/>
      </symbol>
      <symbol id="sm-106">
         <name>UART0_IRQHandler</name>
         <value>0x28eb</value>
         <object_component_ref idref="oc-3e"/>
      </symbol>
      <symbol id="sm-107">
         <name>TIMG0_IRQHandler</name>
         <value>0x28eb</value>
         <object_component_ref idref="oc-3e"/>
      </symbol>
      <symbol id="sm-108">
         <name>TIMG6_IRQHandler</name>
         <value>0x28eb</value>
         <object_component_ref idref="oc-3e"/>
      </symbol>
      <symbol id="sm-109">
         <name>TIMG7_IRQHandler</name>
         <value>0x28eb</value>
         <object_component_ref idref="oc-3e"/>
      </symbol>
      <symbol id="sm-10a">
         <name>TIMG12_IRQHandler</name>
         <value>0x28eb</value>
         <object_component_ref idref="oc-3e"/>
      </symbol>
      <symbol id="sm-10b">
         <name>I2C0_IRQHandler</name>
         <value>0x28eb</value>
         <object_component_ref idref="oc-3e"/>
      </symbol>
      <symbol id="sm-10c">
         <name>I2C1_IRQHandler</name>
         <value>0x28eb</value>
         <object_component_ref idref="oc-3e"/>
      </symbol>
      <symbol id="sm-10d">
         <name>AES_IRQHandler</name>
         <value>0x28eb</value>
         <object_component_ref idref="oc-3e"/>
      </symbol>
      <symbol id="sm-10e">
         <name>RTC_IRQHandler</name>
         <value>0x28eb</value>
         <object_component_ref idref="oc-3e"/>
      </symbol>
      <symbol id="sm-10f">
         <name>DMA_IRQHandler</name>
         <value>0x28eb</value>
         <object_component_ref idref="oc-3e"/>
      </symbol>
      <symbol id="sm-110">
         <name>__TI_ATRegion0_src_addr</name>
         <value>0x0</value>
      </symbol>
      <symbol id="sm-111">
         <name>__TI_ATRegion0_trg_addr</name>
         <value>0x0</value>
      </symbol>
      <symbol id="sm-112">
         <name>__TI_ATRegion0_region_sz</name>
         <value>0x0</value>
      </symbol>
      <symbol id="sm-113">
         <name>__TI_ATRegion1_src_addr</name>
         <value>0x0</value>
      </symbol>
      <symbol id="sm-114">
         <name>__TI_ATRegion1_trg_addr</name>
         <value>0x0</value>
      </symbol>
      <symbol id="sm-115">
         <name>__TI_ATRegion1_region_sz</name>
         <value>0x0</value>
      </symbol>
      <symbol id="sm-116">
         <name>__TI_ATRegion2_src_addr</name>
         <value>0x0</value>
      </symbol>
      <symbol id="sm-117">
         <name>__TI_ATRegion2_trg_addr</name>
         <value>0x0</value>
      </symbol>
      <symbol id="sm-118">
         <name>__TI_ATRegion2_region_sz</name>
         <value>0x0</value>
      </symbol>
      <symbol id="sm-13c">
         <name>xQueueGenericReset</name>
         <value>0x3ca5</value>
         <object_component_ref idref="oc-194"/>
      </symbol>
      <symbol id="sm-13d">
         <name>xQueueGenericCreateStatic</name>
         <value>0x41e1</value>
         <object_component_ref idref="oc-20c"/>
      </symbol>
      <symbol id="sm-13e">
         <name>xQueueGenericCreate</name>
         <value>0x43b3</value>
         <object_component_ref idref="oc-ce"/>
      </symbol>
      <symbol id="sm-13f">
         <name>xQueueSemaphoreTake</name>
         <value>0x270d</value>
         <object_component_ref idref="oc-136"/>
      </symbol>
      <symbol id="sm-140">
         <name>xQueueGiveFromISR</name>
         <value>0x35a1</value>
         <object_component_ref idref="oc-82"/>
      </symbol>
      <symbol id="sm-141">
         <name>xQueueReceive</name>
         <value>0x2c6d</value>
         <object_component_ref idref="oc-26a"/>
      </symbol>
      <symbol id="sm-142">
         <name>vQueueWaitForMessageRestricted</name>
         <value>0x49a5</value>
         <object_component_ref idref="oc-269"/>
      </symbol>
      <symbol id="sm-1d5">
         <name>xTaskCreateStatic</name>
         <value>0x4dc9</value>
         <object_component_ref idref="oc-19f"/>
      </symbol>
      <symbol id="sm-1d6">
         <name>pxCurrentTCB</name>
         <value>0x20205d9c</value>
         <object_component_ref idref="oc-1a"/>
      </symbol>
      <symbol id="sm-1d7">
         <name>xTaskCreate</name>
         <value>0x4ea5</value>
         <object_component_ref idref="oc-cf"/>
      </symbol>
      <symbol id="sm-1d8">
         <name>xTaskDelayUntil</name>
         <value>0x3d89</value>
         <object_component_ref idref="oc-12f"/>
      </symbol>
      <symbol id="sm-1d9">
         <name>vTaskSuspendAll</name>
         <value>0x5821</value>
         <object_component_ref idref="oc-189"/>
      </symbol>
      <symbol id="sm-1da">
         <name>xTaskResumeAll</name>
         <value>0x2515</value>
         <object_component_ref idref="oc-18b"/>
      </symbol>
      <symbol id="sm-1db">
         <name>xTaskIncrementTick</name>
         <value>0x20f9</value>
         <object_component_ref idref="oc-7c"/>
      </symbol>
      <symbol id="sm-1dc">
         <name>vTaskSwitchContext</name>
         <value>0x37bd</value>
         <object_component_ref idref="oc-1c"/>
      </symbol>
      <symbol id="sm-1dd">
         <name>vTaskStartScheduler</name>
         <value>0x4a11</value>
         <object_component_ref idref="oc-d6"/>
      </symbol>
      <symbol id="sm-1de">
         <name>xTaskGetTickCount</name>
         <value>0x57cd</value>
         <object_component_ref idref="oc-12e"/>
      </symbol>
      <symbol id="sm-1df">
         <name>uxTaskGetNumberOfTasks</name>
         <value>0x587d</value>
         <object_component_ref idref="oc-b0"/>
      </symbol>
      <symbol id="sm-1e0">
         <name>vTaskPlaceOnEventList</name>
         <value>0x5311</value>
         <object_component_ref idref="oc-1b6"/>
      </symbol>
      <symbol id="sm-1e1">
         <name>vTaskPlaceOnEventListRestricted</name>
         <value>0x4859</value>
         <object_component_ref idref="oc-285"/>
      </symbol>
      <symbol id="sm-1e2">
         <name>xTaskRemoveFromEventList</name>
         <value>0x2e11</value>
         <object_component_ref idref="oc-af"/>
      </symbol>
      <symbol id="sm-1e3">
         <name>vTaskInternalSetTimeOutState</name>
         <value>0x56f9</value>
         <object_component_ref idref="oc-1b2"/>
      </symbol>
      <symbol id="sm-1e4">
         <name>xTaskCheckForTimeOut</name>
         <value>0x3fe9</value>
         <object_component_ref idref="oc-1b3"/>
      </symbol>
      <symbol id="sm-1e5">
         <name>vTaskMissedYield</name>
         <value>0x5889</value>
         <object_component_ref idref="oc-21a"/>
      </symbol>
      <symbol id="sm-1e6">
         <name>xTaskGetSchedulerState</name>
         <value>0x52a1</value>
         <object_component_ref idref="oc-1b0"/>
      </symbol>
      <symbol id="sm-1e7">
         <name>xTaskPriorityInherit</name>
         <value>0x3365</value>
         <object_component_ref idref="oc-1b5"/>
      </symbol>
      <symbol id="sm-1e8">
         <name>vTaskPriorityDisinheritAfterTimeout</name>
         <value>0x30f9</value>
         <object_component_ref idref="oc-1b9"/>
      </symbol>
      <symbol id="sm-1e9">
         <name>pvTaskIncrementMutexHeldCount</name>
         <value>0x564d</value>
         <object_component_ref idref="oc-1b1"/>
      </symbol>
      <symbol id="sm-22e">
         <name>xTimerCreateTimerTask</name>
         <value>0x4761</value>
         <object_component_ref idref="oc-126"/>
      </symbol>
      <symbol id="sm-252">
         <name>vPortSetupTimerInterrupt</name>
         <value>0x558d</value>
         <object_component_ref idref="oc-1ab"/>
      </symbol>
      <symbol id="sm-253">
         <name>vPortYield</name>
         <value>0x57a1</value>
         <object_component_ref idref="oc-198"/>
      </symbol>
      <symbol id="sm-254">
         <name>vPortEnterCritical</name>
         <value>0x5789</value>
         <object_component_ref idref="oc-142"/>
      </symbol>
      <symbol id="sm-255">
         <name>vPortExitCritical</name>
         <value>0x54bd</value>
         <object_component_ref idref="oc-143"/>
      </symbol>
      <symbol id="sm-256">
         <name>SysTick_Handler</name>
         <value>0x5375</value>
         <object_component_ref idref="oc-45"/>
      </symbol>
      <symbol id="sm-257">
         <name>vPortSVCHandler_C</name>
         <value>0x5435</value>
         <object_component_ref idref="oc-20"/>
      </symbol>
      <symbol id="sm-258">
         <name>pxPortInitialiseStack</name>
         <value>0x348d</value>
         <object_component_ref idref="oc-201"/>
      </symbol>
      <symbol id="sm-259">
         <name>xPortStartScheduler</name>
         <value>0x4665</value>
         <object_component_ref idref="oc-12b"/>
      </symbol>
      <symbol id="sm-271">
         <name>vRestoreContextOfFirstTask</name>
         <value>0x5671</value>
         <object_component_ref idref="oc-56"/>
      </symbol>
      <symbol id="sm-272">
         <name>vStartFirstTask</name>
         <value>0x5811</value>
         <object_component_ref idref="oc-1ac"/>
      </symbol>
      <symbol id="sm-273">
         <name>ulSetInterruptMask</name>
         <value>0x58b1</value>
         <object_component_ref idref="oc-7b"/>
      </symbol>
      <symbol id="sm-274">
         <name>vClearInterruptMask</name>
         <value>0x58b9</value>
         <object_component_ref idref="oc-7d"/>
      </symbol>
      <symbol id="sm-275">
         <name>PendSV_Handler</name>
         <value>0x4f41</value>
         <object_component_ref idref="oc-44"/>
      </symbol>
      <symbol id="sm-276">
         <name>SVC_Handler</name>
         <value>0x55e1</value>
         <object_component_ref idref="oc-3f"/>
      </symbol>
      <symbol id="sm-28c">
         <name>vApplicationGetIdleTaskMemory</name>
         <value>0x553d</value>
         <object_component_ref idref="oc-19a"/>
      </symbol>
      <symbol id="sm-28d">
         <name>vApplicationGetTimerTaskMemory</name>
         <value>0x5565</value>
         <object_component_ref idref="oc-1a4"/>
      </symbol>
      <symbol id="sm-2b0">
         <name>pvPortMalloc</name>
         <value>0x1be9</value>
         <object_component_ref idref="oc-11d"/>
      </symbol>
      <symbol id="sm-2b1">
         <name>vPortFree</name>
         <value>0x3ac9</value>
         <object_component_ref idref="oc-195"/>
      </symbol>
      <symbol id="sm-2c0">
         <name>vListInitialise</name>
         <value>0x5491</value>
         <object_component_ref idref="oc-1f9"/>
      </symbol>
      <symbol id="sm-2c1">
         <name>vListInitialiseItem</name>
         <value>0x586d</value>
         <object_component_ref idref="oc-200"/>
      </symbol>
      <symbol id="sm-2c2">
         <name>vListInsert</name>
         <value>0x4939</value>
         <object_component_ref idref="oc-219"/>
      </symbol>
      <symbol id="sm-2c3">
         <name>uxListRemove</name>
         <value>0x4e5d</value>
         <object_component_ref idref="oc-218"/>
      </symbol>
      <symbol id="sm-2ce">
         <name>DL_ADC12_setClockConfig</name>
         <value>0x500d</value>
         <object_component_ref idref="oc-16d"/>
      </symbol>
      <symbol id="sm-2d7">
         <name>DL_Common_delayCycles</name>
         <value>0x5895</value>
         <object_component_ref idref="oc-15a"/>
      </symbol>
      <symbol id="sm-2e2">
         <name>DL_DAC12_init</name>
         <value>0x44d5</value>
         <object_component_ref idref="oc-174"/>
      </symbol>
      <symbol id="sm-2f2">
         <name>DL_Timer_setClockConfig</name>
         <value>0x5755</value>
         <object_component_ref idref="oc-15e"/>
      </symbol>
      <symbol id="sm-2f3">
         <name>DL_Timer_initTimerMode</name>
         <value>0x39cd</value>
         <object_component_ref idref="oc-164"/>
      </symbol>
      <symbol id="sm-303">
         <name>DL_UART_init</name>
         <value>0x4e15</value>
         <object_component_ref idref="oc-16a"/>
      </symbol>
      <symbol id="sm-304">
         <name>DL_UART_setClockConfig</name>
         <value>0x57e1</value>
         <object_component_ref idref="oc-169"/>
      </symbol>
      <symbol id="sm-305">
         <name>DL_UART_transmitDataBlocking</name>
         <value>0x5345</value>
         <object_component_ref idref="oc-c8"/>
      </symbol>
      <symbol id="sm-316">
         <name>snprintf</name>
         <value>0x4d7d</value>
         <object_component_ref idref="oc-c2"/>
      </symbol>
      <symbol id="sm-321">
         <name>_c_int00_noargs</name>
         <value>0x55b5</value>
         <object_component_ref idref="oc-72"/>
      </symbol>
      <symbol id="sm-322">
         <name>__stack</name>
         <value>0x20207e00</value>
         <object_component_ref idref="oc-25"/>
      </symbol>
      <symbol id="sm-32e">
         <name>__TI_auto_init_nobinit_nopinit</name>
         <value>0x5149</value>
         <object_component_ref idref="oc-ea"/>
      </symbol>
      <symbol id="sm-336">
         <name>_system_pre_init</name>
         <value>0x58bf</value>
         <object_component_ref idref="oc-96"/>
      </symbol>
      <symbol id="sm-341">
         <name>__TI_zero_init</name>
         <value>0x5841</value>
         <object_component_ref idref="oc-6f"/>
      </symbol>
      <symbol id="sm-34a">
         <name>__TI_decompress_none</name>
         <value>0x57f3</value>
         <object_component_ref idref="oc-2b"/>
      </symbol>
      <symbol id="sm-355">
         <name>__TI_decompress_lzss</name>
         <value>0x47dd</value>
         <object_component_ref idref="oc-27"/>
      </symbol>
      <symbol id="sm-377">
         <name>__TI_printfi_nofloat</name>
         <value>0xc1</value>
         <object_component_ref idref="oc-181"/>
      </symbol>
      <symbol id="sm-380">
         <name>wcslen</name>
         <value>0x5831</value>
         <object_component_ref idref="oc-1e0"/>
      </symbol>
      <symbol id="sm-38d">
         <name>__aeabi_errno_addr</name>
         <value>0x58a1</value>
         <object_component_ref idref="oc-1e4"/>
      </symbol>
      <symbol id="sm-38e">
         <name>__aeabi_errno</name>
         <value>0x20205d68</value>
         <object_component_ref idref="oc-22b"/>
      </symbol>
      <symbol id="sm-398">
         <name>abort</name>
         <value>0x58c3</value>
         <object_component_ref idref="oc-e3"/>
      </symbol>
      <symbol id="sm-399">
         <name>C$$EXIT</name>
         <value>0x58c2</value>
         <object_component_ref idref="oc-e3"/>
      </symbol>
      <symbol id="sm-3a7">
         <name>atoi</name>
         <value>0x508d</value>
         <object_component_ref idref="oc-1dc"/>
      </symbol>
      <symbol id="sm-3b1">
         <name>memccpy</name>
         <value>0x5695</value>
         <object_component_ref idref="oc-1d5"/>
      </symbol>
      <symbol id="sm-3b8">
         <name>__aeabi_ctype_table_</name>
         <value>0x58d0</value>
         <object_component_ref idref="oc-224"/>
      </symbol>
      <symbol id="sm-3b9">
         <name>__aeabi_ctype_table_C</name>
         <value>0x58d0</value>
         <object_component_ref idref="oc-224"/>
      </symbol>
      <symbol id="sm-3d1">
         <name>__muldsi3</name>
         <value>0x5185</value>
         <object_component_ref idref="oc-22f"/>
      </symbol>
      <symbol id="sm-3d7">
         <name>__aeabi_lmul</name>
         <value>0x5629</value>
         <object_component_ref idref="oc-1e9"/>
      </symbol>
      <symbol id="sm-3d8">
         <name>__muldi3</name>
         <value>0x5629</value>
         <object_component_ref idref="oc-1e9"/>
      </symbol>
      <symbol id="sm-3de">
         <name>__aeabi_memcpy</name>
         <value>0x58a9</value>
         <object_component_ref idref="oc-62"/>
      </symbol>
      <symbol id="sm-3df">
         <name>__aeabi_memcpy4</name>
         <value>0x58a9</value>
         <object_component_ref idref="oc-62"/>
      </symbol>
      <symbol id="sm-3e0">
         <name>__aeabi_memcpy8</name>
         <value>0x58a9</value>
         <object_component_ref idref="oc-62"/>
      </symbol>
      <symbol id="sm-3e9">
         <name>__aeabi_memset</name>
         <value>0x5851</value>
         <object_component_ref idref="oc-1d4"/>
      </symbol>
      <symbol id="sm-3ea">
         <name>__aeabi_memset4</name>
         <value>0x5851</value>
         <object_component_ref idref="oc-1d4"/>
      </symbol>
      <symbol id="sm-3eb">
         <name>__aeabi_memset8</name>
         <value>0x5851</value>
         <object_component_ref idref="oc-1d4"/>
      </symbol>
      <symbol id="sm-3ec">
         <name>__aeabi_memclr</name>
         <value>0x5805</value>
         <object_component_ref idref="oc-91"/>
      </symbol>
      <symbol id="sm-3ed">
         <name>__aeabi_memclr4</name>
         <value>0x5805</value>
         <object_component_ref idref="oc-91"/>
      </symbol>
      <symbol id="sm-3ee">
         <name>__aeabi_memclr8</name>
         <value>0x5805</value>
         <object_component_ref idref="oc-91"/>
      </symbol>
      <symbol id="sm-3f4">
         <name>__aeabi_uidiv</name>
         <value>0x504d</value>
         <object_component_ref idref="oc-119"/>
      </symbol>
      <symbol id="sm-3f5">
         <name>__aeabi_uidivmod</name>
         <value>0x504d</value>
         <object_component_ref idref="oc-119"/>
      </symbol>
      <symbol id="sm-3fb">
         <name>__aeabi_uldivmod</name>
         <value>0x57b9</value>
         <object_component_ref idref="oc-144"/>
      </symbol>
      <symbol id="sm-401">
         <name>__udivmoddi4</name>
         <value>0x409d</value>
         <object_component_ref idref="oc-1bc"/>
      </symbol>
      <symbol id="sm-407">
         <name>__aeabi_llsl</name>
         <value>0x5719</value>
         <object_component_ref idref="oc-21c"/>
      </symbol>
      <symbol id="sm-408">
         <name>__ashldi3</name>
         <value>0x5719</value>
         <object_component_ref idref="oc-21c"/>
      </symbol>
      <symbol id="sm-415">
         <name>__aeabi_idiv0</name>
         <value>0x36af</value>
         <object_component_ref idref="oc-183"/>
      </symbol>
      <symbol id="sm-416">
         <name>__aeabi_ldiv0</name>
         <value>0x3fe7</value>
         <object_component_ref idref="oc-21b"/>
      </symbol>
      <symbol id="sm-430">
         <name>memcpy</name>
         <value>0x4281</value>
         <object_component_ref idref="oc-b8"/>
      </symbol>
      <symbol id="sm-43f">
         <name>memset</name>
         <value>0x4a79</value>
         <object_component_ref idref="oc-104"/>
      </symbol>
      <symbol id="sm-440">
         <name>__TI_static_base__</name>
         <value>0x0</value>
      </symbol>
      <symbol id="sm-443">
         <name>__mpu_init</name>
         <value>0x0</value>
      </symbol>
      <symbol id="sm-444">
         <name>_system_post_cinit</name>
         <value>0x0</value>
      </symbol>
   </symbol_table>
   <title>Link successful</title>
</link_info>
